******************************************************************************
                  TI ARM Linker PC v20.2.2                     
******************************************************************************
>> Linked Sat Feb 13 16:25:19 2021

OUTPUT FILE NAME:   <Scara-V1.0.out>
ENTRY POINT SYMBOL: "_c_int00"  address: 0000a2f8


MEMORY CONFIGURATION

         name            origin    length      used     unused   attr    fill
----------------------  --------  ---------  --------  --------  ----  --------
  VECTORS               00000000   00000020  00000020  00000000     X
  FLASH0                00000020   001fffe0  0000b084  001f4f5c  R  X
  FLASH1                00200000   00200000  00000000  00200000  R  X
  STACKS                08000000   00001500  00000000  00001500  RW  
  RAM                   08001500   0007eb00  000000ac  0007ea54  RW  


SEGMENT ALLOCATION MAP

run origin  load origin   length   init length attrs members
----------  ----------- ---------- ----------- ----- -------
00000000    00000000    0000ab44   0000ab44    r-x
  00000000    00000000    00000020   00000020    r-x .intvecs
  00000020    00000020    0000ab24   0000ab24    r-x .text
0000ab60    0000ab60    00000528   00000528    r--
  0000ab60    0000ab60    00000528   00000528    r-- .const
0000b0a0    0000b0a0    00000038   00000038    r--
  0000b0a0    0000b0a0    00000038   00000038    r-- .cinit
08001500    08001500    000000ac   00000000    rw-
  08001500    08001500    00000098   00000000    rw- .bss
  08001598    08001598    00000014   00000000    rw- .data


SECTION ALLOCATION MAP

 output                                  attributes/
section   page    origin      length       input sections
--------  ----  ----------  ----------   ----------------
.intvecs   0    00000000    00000020     
                  00000000    00000020     HL_sys_intvecs.obj (.intvecs)

.text      0    00000020    0000ab24     
                  00000020    0000159c     HL_sys_main.obj (.text)
                  000015bc    00000ff4     HL_sci.obj (.text)
                  000025b0    00000fac     rtsv7R4_A_le_v3D16_eabi.lib : _printfi.c.obj (.text:__TI_printfi)
                  0000355c    000009f8     HL_pinmux.obj (.text)
                  00003f54    0000095c     HL_system.obj (.text)
                  000048b0    00000938     HL_sys_vim.obj (.text)
                  000051e8    000007d0     rtsv7R4_A_le_v3D16_eabi.lib : e_pow.c.obj (.text:pow)
                  000059b8    00000790                                 : k_rem_pio2.c.obj (.text:__kernel_rem_pio2)
                  00006148    0000078c     HL_esm.obj (.text)
                  000068d4    00000698     HL_rti.obj (.text)
                  00006f6c    000004b8     rtsv7R4_A_le_v3D16_eabi.lib : s_cos.c.obj (.text:cos)
                  00007424    000004b4                                 : s_sin.c.obj (.text:sin)
                  000078d8    00000484     HL_gio.obj (.text)
                  00007d5c    000003c4     HL_sys_core.obj (.text)
                  00008120    0000036c     HL_sys_mpu.obj (.text)
                  0000848c    0000033c     HL_sys_vim.obj (.text:retain)
                  000087c8    000002f4     rtsv7R4_A_le_v3D16_eabi.lib : e_acos.c.obj (.text:acos)
                  00008abc    000002dc                                 : _printfi.c.obj (.text:_pconv_a)
                  00008d98    000002b8                                 : ull_div32.asm.obj (.text)
                  00009050    00000258                                 : e_atan2.c.obj (.text:atan2)
                  000092a8    00000248                                 : _printfi.c.obj (.text:_pconv_g)
                  000094f0    000001f8                                 : s_atan.c.obj (.text:atan)
                  000096e8    00000180                                 : memcpy32.asm.obj (.text)
                  00009868    00000178     HL_esm.obj (.text:retain)
                  000099e0    0000015c     rtsv7R4_A_le_v3D16_eabi.lib : _printfi.c.obj (.text:_pconv_e)
                  00009b3c    00000144                                 : _printfi.c.obj (.text:fcvt)
                  00009c80    00000134                                 : s_floor.c.obj (.text:floor)
                  00009db4    0000011c                                 : s_scalbn.c.obj (.text:scalbn)
                  00009ed0    0000010d                                 : _printfi.c.obj (.text:_ltostr)
                  00009fdd    00000003     --HOLE-- [fill = 0]
                  00009fe0    000000d8     HL_notification.obj (.text)
                  0000a0b8    000000c8     rtsv7R4_A_le_v3D16_eabi.lib : _printfi.c.obj (.text:_mcpy)
                  0000a180    000000c4                                 : k_cos.c.obj (.text:__kernel_cos)
                  0000a244    000000b4                                 : k_sin.c.obj (.text:__kernel_sin)
                  0000a2f8    000000b4     HL_sys_startup.obj (.text:retain)
                  0000a3ac    000000b0     rtsv7R4_A_le_v3D16_eabi.lib : memset32.asm.obj (.text)
                  0000a45c    00000094                                 : _printfi.c.obj (.text:_ecpy)
                  0000a4f0    00000090                                 : copy_decompress_lzss.c.obj (.text:decompress:lzss:__TI_decompress_lzss)
                  0000a580    0000008c                                 : s_frexp.c.obj (.text:frexp)
                  0000a60c    00000084                                 : atoi.c.obj (.text:atoi)
                  0000a690    00000080                                 : _ltoa.c.obj (.text:__TI_ltoa)
                  0000a710    00000074                                 : _printfi.c.obj (.text:_pconv_f)
                  0000a784    00000068                                 : autoinit.c.obj (.text:__TI_auto_init_nobinit_nopinit:__TI_auto_init_nobinit_nopinit)
                  0000a7ec    00000064                                 : _printfi.c.obj (.text:_fcpy)
                  0000a850    00000064                                 : sprintf.c.obj (.text:sprintf)
                  0000a8b4    00000054     HL_rti.obj (.text:retain)
                  0000a908    00000054     rtsv7R4_A_le_v3D16_eabi.lib : i_div32.asm.obj (.text)
                  0000a95c    00000050                                 : u_div32.asm.obj (.text)
                  0000a9ac    00000038                                 : e_sqrt.c.obj (.text:sqrt)
                  0000a9e4    00000030                                 : sprintf.c.obj (.text:_outs)
                  0000aa14    00000030                                 : memccpy.c.obj (.text:memccpy)
                  0000aa44    00000028                                 : s_copysign.c.obj (.text:copysign)
                  0000aa6c    00000028                                 : copy_zero_init.c.obj (.text:decompress:ZI:__TI_zero_init_nomemset:__TI_zero_init_nomemset)
                  0000aa94    00000028                                 : strchr.c.obj (.text:strchr)
                  0000aabc    00000024                                 : wcslen.c.obj (.text:wcslen)
                  0000aae0    00000020                                 : strlen.c.obj (.text:strlen)
                  0000ab00    00000014                                 : sprintf.c.obj (.text:_outc)
                  0000ab14    00000014                                 : copy_decompress_none.c.obj (.text:decompress:none:__TI_decompress_none)
                  0000ab28    0000000c                                 : errno.c.obj (.text:__aeabi_errno_addr)
                  0000ab34    00000008                                 : exit.c.obj (.text:abort:abort)
                  0000ab3c    00000004     HL_sys_phantom.obj (.text:retain)
                  0000ab40    00000004     rtsv7R4_A_le_v3D16_eabi.lib : div0.asm.obj (.text)

.const     0    0000ab60    00000528     
                  0000ab60    00000200     HL_sys_vim.obj (.const:s_vim_init)
                  0000ad60    00000108     rtsv7R4_A_le_v3D16_eabi.lib : k_rem_pio2.c.obj (.const:ipio2)
                  0000ae68    00000101                                 : ctype.c.obj (.const:.string:_ctypes_)
                  0000af69    00000007     --HOLE-- [fill = 0]
                  0000af70    00000058                                 : s_atan.c.obj (.const:aT)
                  0000afc8    00000040                                 : k_rem_pio2.c.obj (.const:PIo2)
                  0000b008    00000020                                 : s_atan.c.obj (.const:atanhi)
                  0000b028    00000020                                 : s_atan.c.obj (.const:atanlo)
                  0000b048    00000010                                 : e_pow.c.obj (.const:bp)
                  0000b058    00000010                                 : e_pow.c.obj (.const:dp_h)
                  0000b068    00000010                                 : e_pow.c.obj (.const:dp_l)
                  0000b078    00000010                                 : k_rem_pio2.c.obj (.const:init_jk)

.cinit     0    0000b0a0    00000038     
                  0000b0a0    00000010     (.cinit..data.load) [load image, compression = lzss]
                  0000b0b0    0000000c     (__TI_handler_table)
                  0000b0bc    00000004     --HOLE-- [fill = 0]
                  0000b0c0    00000008     (.cinit..bss.load) [load image, compression = zero_init]
                  0000b0c8    00000010     (__TI_cinit_table)

.bss       0    08001500    00000098     UNINITIALIZED
                  08001500    00000050     HL_sci.obj (.bss:g_sciTransfer_t)
                  08001550    00000028     (.common:Jacob)
                  08001578    00000020     (.common:Braccio)

.data      0    08001598    00000014     UNINITIALIZED
                  08001598    00000010     HL_sys_main.obj (.data)
                  080015a8    00000004     rtsv7R4_A_le_v3D16_eabi.lib : errno.c.obj (.data)

__llvm_prf_cnts 
*          0    08001500    00000000     UNINITIALIZED

MODULE SUMMARY

       Module                       code    ro data   rw data
       ------                       ----    -------   -------
    .\source\
       HL_sys_main.obj              5532    0         88     
       HL_sci.obj                   4084    0         80     
       HL_sys_vim.obj               3188    512       0      
       HL_pinmux.obj                2552    0         0      
       HL_system.obj                2396    0         0      
       HL_esm.obj                   2308    0         0      
       HL_rti.obj                   1772    0         0      
       HL_gio.obj                   1156    0         0      
       HL_sys_core.obj              964     0         0      
       HL_sys_mpu.obj               876     0         0      
       HL_notification.obj          216     0         0      
       HL_sys_startup.obj           180     0         0      
       HL_sys_intvecs.obj           32      0         0      
       HL_sys_phantom.obj           4       0         0      
    +--+----------------------------+-------+---------+---------+
       Total:                       25260   512       168    
                                                             
    C:\ti\ccs1020\ccs\tools\compiler\ti-cgt-arm_20.2.2.LTS\lib\rtsv7R4_A_le_v3D16_eabi.lib
       _printfi.c.obj               6833    0         0      
       k_rem_pio2.c.obj             1936    344       0      
       e_pow.c.obj                  2000    48        0      
       s_cos.c.obj                  1208    0         0      
       s_sin.c.obj                  1204    0         0      
       e_acos.c.obj                 756     0         0      
       ull_div32.asm.obj            696     0         0      
       s_atan.c.obj                 504     152       0      
       e_atan2.c.obj                600     0         0      
       memcpy32.asm.obj             384     0         0      
       s_floor.c.obj                308     0         0      
       s_scalbn.c.obj               284     0         0      
       ctype.c.obj                  0       257       0      
       k_cos.c.obj                  196     0         0      
       k_sin.c.obj                  180     0         0      
       memset32.asm.obj             176     0         0      
       sprintf.c.obj                168     0         0      
       copy_decompress_lzss.c.obj   144     0         0      
       s_frexp.c.obj                140     0         0      
       atoi.c.obj                   132     0         0      
       _ltoa.c.obj                  128     0         0      
       autoinit.c.obj               104     0         0      
       i_div32.asm.obj              84      0         0      
       u_div32.asm.obj              80      0         0      
       e_sqrt.c.obj                 56      0         0      
       memccpy.c.obj                48      0         0      
       copy_zero_init.c.obj         40      0         0      
       s_copysign.c.obj             40      0         0      
       strchr.c.obj                 40      0         0      
       wcslen.c.obj                 36      0         0      
       strlen.c.obj                 32      0         0      
       copy_decompress_none.c.obj   20      0         0      
       errno.c.obj                  12      0         4      
       exit.c.obj                   8       0         0      
       div0.asm.obj                 4       0         0      
    +--+----------------------------+-------+---------+---------+
       Total:                       18581   801       4      
                                                             
       Linker Generated:            0       52        0      
    +--+----------------------------+-------+---------+---------+
       Grand Total:                 43841   1365      172    


LINKER GENERATED COPY TABLES

__TI_cinit_table @ 0000b0c8 records: 2, size/record: 8, table size: 16
	.data: load addr=0000b0a0, load size=00000010 bytes, run addr=08001598, run size=00000014 bytes, compression=lzss
	.bss: load addr=0000b0c0, load size=00000008 bytes, run addr=08001500, run size=00000098 bytes, compression=zero_init


LINKER GENERATED HANDLER TABLE

__TI_handler_table @ 0000b0b0 records: 3, size/record: 4, table size: 12
	index: 0, handler: __TI_zero_init
	index: 1, handler: __TI_decompress_lzss
	index: 2, handler: __TI_decompress_none


GLOBAL SYMBOLS: SORTED ALPHABETICALLY BY Name 

address   name                                
-------   ----                                
08001578  Braccio                             
0000ab34  C$$EXIT                             
08001598  EOT                                 
00006ca0  IsdwdKeySequenceCorrect             
08001550  Jacob                               
000000a4  Ricezione                           
UNDEFED   SHT$$INIT_ARRAY$$Base               
UNDEFED   SHT$$INIT_ARRAY$$Limit              
00000070  SetUpCom                            
080015a0  Vmn                                 
0000b0c8  __TI_CINIT_Base                     
0000b0d8  __TI_CINIT_Limit                    
0000b0b0  __TI_Handler_Table_Base             
0000b0bc  __TI_Handler_Table_Limit            
00008118  __TI_PINIT_Base                     
0000811c  __TI_PINIT_Limit                    
0000a784  __TI_auto_init_nobinit_nopinit      
0000a4f0  __TI_decompress_lzss                
0000ab14  __TI_decompress_none                
0000a690  __TI_ltoa                           
ffffffff  __TI_pprof_out_hndl                 
000025b0  __TI_printfi                        
ffffffff  __TI_prof_data_size                 
ffffffff  __TI_prof_data_start                
00000000  __TI_static_base__                  
0000aa6c  __TI_zero_init_nomemset             
0000ab28  __aeabi_errno_addr                  
0000a908  __aeabi_idiv                        
0000ab40  __aeabi_idiv0                       
0000a908  __aeabi_idivmod                     
0000ab40  __aeabi_ldiv0                       
0000a3ac  __aeabi_memclr                      
0000a3ac  __aeabi_memclr4                     
0000a3ac  __aeabi_memclr8                     
000096e8  __aeabi_memcpy                      
000096e8  __aeabi_memcpy4                     
000096e8  __aeabi_memcpy8                     
0000a3b0  __aeabi_memset                      
0000a3b0  __aeabi_memset4                     
0000a3b0  __aeabi_memset8                     
0000a95c  __aeabi_uidiv                       
0000a95c  __aeabi_uidivmod                    
00008d98  __aeabi_uldivmod                    
ffffffff  __binit__                           
ffffffff  __c_args__                          
0000a180  __kernel_cos                        
000059c8  __kernel_rem_pio2                   
0000a244  __kernel_sin                        
08001500  __start___llvm_prf_cnts             
08001500  __stop___llvm_prf_cnts              
0000a2f8  _c_int00                            
000080cc  _cacheDisable_                      
00008088  _cacheEnable_                       
00008068  _checkMemInitOn_                    
00007f74  _coreClearAuxiliaryDataFault_       
00007f88  _coreClearAuxiliaryInstructionFault_
00007f4c  _coreClearDataFaultAddress_         
00007f24  _coreClearDataFault_                
00007f60  _coreClearInstructionFaultAddress_  
00007f38  _coreClearInstructionFault_         
00007efc  _coreDisableEventBusExport_         
00007eec  _coreEnableEventBusExport_          
00007f0c  _coreEnableIrqVicOffset_            
00007ed4  _coreEnableVfp_                     
00007f6c  _coreGetAuxiliaryDataFault_         
00007f80  _coreGetAuxiliaryInstructionFault_  
00007f44  _coreGetDataFaultAddress_           
00007f1c  _coreGetDataFault_                  
00007f58  _coreGetInstructionFaultAddress_    
00007f30  _coreGetInstructionFault_           
00007d5c  _coreInitRegisters_                 
00007e68  _coreInitStackPointer_              
0000ae68  _ctypes_                            
000080f0  _dCacheInvalidate_                  
00007f94  _disable_IRQ_interrupt_             
00007f9c  _enable_IRQ_interrupt_              
00007fa4  _enable_interrupt_                  
00007fac  _esmCcmErrorsClear_                 
00007eb4  _getCPSRValue_                      
00007ebc  _gotoCPUIdle_                       
00008104  _iCacheInvalidate_                  
00008034  _memInit_                           
00008434  _mpuAreRegionsSeparate_             
00008418  _mpuDisableBackgroundRegion_        
000083f0  _mpuDisable_                        
00008408  _mpuEnableBackgroundRegion_         
000083d8  _mpuEnable_                         
00008428  _mpuGetNumberOfRegions_             
00008458  _mpuGetRegionBaseAddress_           
00008478  _mpuGetRegionPermission_            
0000846c  _mpuGetRegionType_                  
00008448  _mpuGetRegion_                      
00008120  _mpuInit_                           
00008450  _mpuSetRegionBaseAddress_           
00008484  _mpuSetRegionSizeRegister_          
00008460  _mpuSetRegionTypeAndPermission_     
00008440  _mpuSetRegion_                      
UNDEFED   _system_post_cinit                  
0000ab34  abort                               
000087c8  acos                                
000087c8  acosl                               
000094f0  atan                                
00009050  atan2                               
00009050  atan2l                              
000094f0  atanl                               
0000a60c  atoi                                
ffffffff  binit                               
0000aa44  copysign                            
0000aa44  copysignl                           
00006f6c  cos                                 
00006f6c  cosl                                
00000020  count                               
0000a018  dmaGroupANotification               
00006d10  dwdClearFlag                        
00006c14  dwdCounterEnable                    
00006c78  dwdGenerateSysReset                 
00006cd8  dwdGetStatus                        
00006d2c  dwdGetViolationStatus               
00006b84  dwdInit                             
00006c50  dwdReset                            
00006c30  dwdSetPreload                       
00006bfc  dwwdGetCurrentDownCounter           
00006bb0  dwwdInit                            
0000a0a4  epcCAMFullNotification              
0000a0a8  epcFIFOFullNotification             
0000a090  eqepNotification                    
080015a8  errno                               
00006358  esmActivateNormalOperation          
000064a4  esmClearStatus                      
00006508  esmClearStatusBuffer                
000064e4  esmClearStatusUpper                 
00006304  esmDisableError                     
0000632c  esmDisableErrorUpper                
000063ac  esmDisableInterrupt                 
000063d4  esmDisableInterruptUpper            
000062c0  esmEnableError                      
000062e8  esmEnableErrorUpper                 
00006368  esmEnableInterrupt                  
00006390  esmEnableInterruptUpper             
00006638  esmEnterSelfTest                    
000062a4  esmError                            
00006710  esmGetConfigValue                   
00006544  esmGetStatus                        
00006610  esmGetStatusBuffer                  
000065c8  esmGetStatusUpper                   
00009fe0  esmGroup1Notification               
00009ff4  esmGroup2Notification               
0000a008  esmGroup3Notification               
00009868  esmHighInterrupt                    
00006148  esmInit                             
000066c0  esmSelfTestStatus                   
00006524  esmSetCounterPreloadValue           
000063f0  esmSetInterruptLevel                
00006464  esmSetInterruptLevelUpper           
00006348  esmTriggerErrorPinReset             
00009c80  floor                               
00009c80  floorl                              
0000a580  frexp                               
0000a580  frexpl                              
000042c0  getResetSource                      
00007b38  gioDisableNotification              
00007ad0  gioEnableNotification               
00007a38  gioGetBit                           
00007ba0  gioGetConfigValue                   
00007a60  gioGetPort                          
000078d8  gioInit                             
0000a040  gioNotification                     
000079c8  gioSetBit                           
000079a8  gioSetDirection                     
00007a18  gioSetPort                          
00007a78  gioToggleBit                        
00009db4  ldexp                               
00009db4  ldexpl                              
00000510  main                                
000040f0  mapClocks                           
0000aa14  memccpy                             
000096e8  memcpy                              
0000a3bc  memset                              
0000a068  mibspiGroupNotification             
0000a054  mibspiNotification                  
0000355c  muxInit                             
0000403c  periphInit                          
0000ab3c  phantomInterrupt                    
00005208  pow                                 
00005208  powl                                
00000000  resetEntry                          
0000a8b4  rtiCompare0Interrupt                
00006de4  rtiDisableNotification              
00006db8  rtiEnableNotification               
00006e04  rtiGetConfigValue                   
00006aec  rtiGetCurrentTick                   
00006ac0  rtiGetPeriod                        
000068d4  rtiInit                             
0000059c  rtiNotification                     
00006a28  rtiResetCounter                     
00006a94  rtiSetPeriod                        
000069c8  rtiStartCounter                     
000069f8  rtiStopCounter                      
00009db4  scalbn                              
00009db4  scalbnl                             
00001f30  sci1GetConfigValue                  
00002088  sci2GetConfigValue                  
000021e0  sci3GetConfigValue                  
00002338  sci4GetConfigValue                  
00001da4  sciDisableLoopback                  
00001e58  sciDisableNotification              
00001d70  sciEnableLoopback                   
00001dc0  sciEnableNotification               
00001ef0  sciEnterResetState                  
00001f10  sciExitResetState                   
000015bc  sciInit                             
00001be8  sciIsIdleDetected                   
00001bcc  sciIsRxReady                        
00001a1c  sciIsTxReady                        
0000a07c  sciNotification                     
00001c60  sciReceive                          
00001c34  sciReceiveByte                      
00001c04  sciRxError                          
00001a68  sciSend                             
00001a38  sciSendByte                         
00001980  sciSetBaudrate                      
00001960  sciSetFunctional                    
00003ffc  setupFlash                          
00003f54  setupPLL                            
00007424  sin                                 
00007424  sinl                                
000004a8  split                               
00000630  spostamento                         
0000a850  sprintf                             
0000a9ac  sqrt                                
0000a9ac  sqrtl                               
0000aa94  strchr                              
0000aae0  strlen                              
000043e8  systemGetConfigValue                
0000421c  systemInit                          
00004290  systemPowerDown                     
00003fb4  trimLPO                             
00004984  vimChannelMap                       
00004bf0  vimDisableInterrupt                 
0000848c  vimECCErrorHandler                  
00004a28  vimEnableInterrupt                  
00004c9c  vimGetConfigValue                   
000048b0  vimInit                             
0000aabc  wcslen                              


GLOBAL SYMBOLS: SORTED BY Symbol Address 

address   name                                
-------   ----                                
00000000  __TI_static_base__                  
00000000  resetEntry                          
00000020  count                               
00000070  SetUpCom                            
000000a4  Ricezione                           
000004a8  split                               
00000510  main                                
0000059c  rtiNotification                     
00000630  spostamento                         
000015bc  sciInit                             
00001960  sciSetFunctional                    
00001980  sciSetBaudrate                      
00001a1c  sciIsTxReady                        
00001a38  sciSendByte                         
00001a68  sciSend                             
00001bcc  sciIsRxReady                        
00001be8  sciIsIdleDetected                   
00001c04  sciRxError                          
00001c34  sciReceiveByte                      
00001c60  sciReceive                          
00001d70  sciEnableLoopback                   
00001da4  sciDisableLoopback                  
00001dc0  sciEnableNotification               
00001e58  sciDisableNotification              
00001ef0  sciEnterResetState                  
00001f10  sciExitResetState                   
00001f30  sci1GetConfigValue                  
00002088  sci2GetConfigValue                  
000021e0  sci3GetConfigValue                  
00002338  sci4GetConfigValue                  
000025b0  __TI_printfi                        
0000355c  muxInit                             
00003f54  setupPLL                            
00003fb4  trimLPO                             
00003ffc  setupFlash                          
0000403c  periphInit                          
000040f0  mapClocks                           
0000421c  systemInit                          
00004290  systemPowerDown                     
000042c0  getResetSource                      
000043e8  systemGetConfigValue                
000048b0  vimInit                             
00004984  vimChannelMap                       
00004a28  vimEnableInterrupt                  
00004bf0  vimDisableInterrupt                 
00004c9c  vimGetConfigValue                   
00005208  pow                                 
00005208  powl                                
000059c8  __kernel_rem_pio2                   
00006148  esmInit                             
000062a4  esmError                            
000062c0  esmEnableError                      
000062e8  esmEnableErrorUpper                 
00006304  esmDisableError                     
0000632c  esmDisableErrorUpper                
00006348  esmTriggerErrorPinReset             
00006358  esmActivateNormalOperation          
00006368  esmEnableInterrupt                  
00006390  esmEnableInterruptUpper             
000063ac  esmDisableInterrupt                 
000063d4  esmDisableInterruptUpper            
000063f0  esmSetInterruptLevel                
00006464  esmSetInterruptLevelUpper           
000064a4  esmClearStatus                      
000064e4  esmClearStatusUpper                 
00006508  esmClearStatusBuffer                
00006524  esmSetCounterPreloadValue           
00006544  esmGetStatus                        
000065c8  esmGetStatusUpper                   
00006610  esmGetStatusBuffer                  
00006638  esmEnterSelfTest                    
000066c0  esmSelfTestStatus                   
00006710  esmGetConfigValue                   
000068d4  rtiInit                             
000069c8  rtiStartCounter                     
000069f8  rtiStopCounter                      
00006a28  rtiResetCounter                     
00006a94  rtiSetPeriod                        
00006ac0  rtiGetPeriod                        
00006aec  rtiGetCurrentTick                   
00006b84  dwdInit                             
00006bb0  dwwdInit                            
00006bfc  dwwdGetCurrentDownCounter           
00006c14  dwdCounterEnable                    
00006c30  dwdSetPreload                       
00006c50  dwdReset                            
00006c78  dwdGenerateSysReset                 
00006ca0  IsdwdKeySequenceCorrect             
00006cd8  dwdGetStatus                        
00006d10  dwdClearFlag                        
00006d2c  dwdGetViolationStatus               
00006db8  rtiEnableNotification               
00006de4  rtiDisableNotification              
00006e04  rtiGetConfigValue                   
00006f6c  cos                                 
00006f6c  cosl                                
00007424  sin                                 
00007424  sinl                                
000078d8  gioInit                             
000079a8  gioSetDirection                     
000079c8  gioSetBit                           
00007a18  gioSetPort                          
00007a38  gioGetBit                           
00007a60  gioGetPort                          
00007a78  gioToggleBit                        
00007ad0  gioEnableNotification               
00007b38  gioDisableNotification              
00007ba0  gioGetConfigValue                   
00007d5c  _coreInitRegisters_                 
00007e68  _coreInitStackPointer_              
00007eb4  _getCPSRValue_                      
00007ebc  _gotoCPUIdle_                       
00007ed4  _coreEnableVfp_                     
00007eec  _coreEnableEventBusExport_          
00007efc  _coreDisableEventBusExport_         
00007f0c  _coreEnableIrqVicOffset_            
00007f1c  _coreGetDataFault_                  
00007f24  _coreClearDataFault_                
00007f30  _coreGetInstructionFault_           
00007f38  _coreClearInstructionFault_         
00007f44  _coreGetDataFaultAddress_           
00007f4c  _coreClearDataFaultAddress_         
00007f58  _coreGetInstructionFaultAddress_    
00007f60  _coreClearInstructionFaultAddress_  
00007f6c  _coreGetAuxiliaryDataFault_         
00007f74  _coreClearAuxiliaryDataFault_       
00007f80  _coreGetAuxiliaryInstructionFault_  
00007f88  _coreClearAuxiliaryInstructionFault_
00007f94  _disable_IRQ_interrupt_             
00007f9c  _enable_IRQ_interrupt_              
00007fa4  _enable_interrupt_                  
00007fac  _esmCcmErrorsClear_                 
00008034  _memInit_                           
00008068  _checkMemInitOn_                    
00008088  _cacheEnable_                       
000080cc  _cacheDisable_                      
000080f0  _dCacheInvalidate_                  
00008104  _iCacheInvalidate_                  
00008118  __TI_PINIT_Base                     
0000811c  __TI_PINIT_Limit                    
00008120  _mpuInit_                           
000083d8  _mpuEnable_                         
000083f0  _mpuDisable_                        
00008408  _mpuEnableBackgroundRegion_         
00008418  _mpuDisableBackgroundRegion_        
00008428  _mpuGetNumberOfRegions_             
00008434  _mpuAreRegionsSeparate_             
00008440  _mpuSetRegion_                      
00008448  _mpuGetRegion_                      
00008450  _mpuSetRegionBaseAddress_           
00008458  _mpuGetRegionBaseAddress_           
00008460  _mpuSetRegionTypeAndPermission_     
0000846c  _mpuGetRegionType_                  
00008478  _mpuGetRegionPermission_            
00008484  _mpuSetRegionSizeRegister_          
0000848c  vimECCErrorHandler                  
000087c8  acos                                
000087c8  acosl                               
00008d98  __aeabi_uldivmod                    
00009050  atan2                               
00009050  atan2l                              
000094f0  atan                                
000094f0  atanl                               
000096e8  __aeabi_memcpy                      
000096e8  __aeabi_memcpy4                     
000096e8  __aeabi_memcpy8                     
000096e8  memcpy                              
00009868  esmHighInterrupt                    
00009c80  floor                               
00009c80  floorl                              
00009db4  ldexp                               
00009db4  ldexpl                              
00009db4  scalbn                              
00009db4  scalbnl                             
00009fe0  esmGroup1Notification               
00009ff4  esmGroup2Notification               
0000a008  esmGroup3Notification               
0000a018  dmaGroupANotification               
0000a040  gioNotification                     
0000a054  mibspiNotification                  
0000a068  mibspiGroupNotification             
0000a07c  sciNotification                     
0000a090  eqepNotification                    
0000a0a4  epcCAMFullNotification              
0000a0a8  epcFIFOFullNotification             
0000a180  __kernel_cos                        
0000a244  __kernel_sin                        
0000a2f8  _c_int00                            
0000a3ac  __aeabi_memclr                      
0000a3ac  __aeabi_memclr4                     
0000a3ac  __aeabi_memclr8                     
0000a3b0  __aeabi_memset                      
0000a3b0  __aeabi_memset4                     
0000a3b0  __aeabi_memset8                     
0000a3bc  memset                              
0000a4f0  __TI_decompress_lzss                
0000a580  frexp                               
0000a580  frexpl                              
0000a60c  atoi                                
0000a690  __TI_ltoa                           
0000a784  __TI_auto_init_nobinit_nopinit      
0000a850  sprintf                             
0000a8b4  rtiCompare0Interrupt                
0000a908  __aeabi_idiv                        
0000a908  __aeabi_idivmod                     
0000a95c  __aeabi_uidiv                       
0000a95c  __aeabi_uidivmod                    
0000a9ac  sqrt                                
0000a9ac  sqrtl                               
0000aa14  memccpy                             
0000aa44  copysign                            
0000aa44  copysignl                           
0000aa6c  __TI_zero_init_nomemset             
0000aa94  strchr                              
0000aabc  wcslen                              
0000aae0  strlen                              
0000ab14  __TI_decompress_none                
0000ab28  __aeabi_errno_addr                  
0000ab34  C$$EXIT                             
0000ab34  abort                               
0000ab3c  phantomInterrupt                    
0000ab40  __aeabi_idiv0                       
0000ab40  __aeabi_ldiv0                       
0000ae68  _ctypes_                            
0000b0b0  __TI_Handler_Table_Base             
0000b0bc  __TI_Handler_Table_Limit            
0000b0c8  __TI_CINIT_Base                     
0000b0d8  __TI_CINIT_Limit                    
08001500  __start___llvm_prf_cnts             
08001500  __stop___llvm_prf_cnts              
08001550  Jacob                               
08001578  Braccio                             
08001598  EOT                                 
080015a0  Vmn                                 
080015a8  errno                               
ffffffff  __TI_pprof_out_hndl                 
ffffffff  __TI_prof_data_size                 
ffffffff  __TI_prof_data_start                
ffffffff  __binit__                           
ffffffff  __c_args__                          
ffffffff  binit                               
UNDEFED   SHT$$INIT_ARRAY$$Base               
UNDEFED   SHT$$INIT_ARRAY$$Limit              
UNDEFED   _system_post_cinit                  

[244 symbols]
