******************************************************************************
                  TI ARM Linker PC v20.2.1                     
******************************************************************************
>> Linked Sat Dec 12 18:10:29 2020

OUTPUT FILE NAME:   <TMS570LC43x_PMU_Demo.out>
ENTRY POINT SYMBOL: "_c_int00"  address: 000056d4


MEMORY CONFIGURATION

         name            origin    length      used     unused   attr    fill
----------------------  --------  ---------  --------  --------  ----  --------
  VECTORS               00000000   00000020  00000020  00000000     X
  FLASH0                00000020   001fffe0  00006a9d  001f9543  R  X
  FLASH1                00200000   00200000  00000000  00200000  R  X
  STACKS                08000000   00001500  00000000  00001500  RW  
  RAM                   08001500   0007eb00  0001e074  00060a8c  RW  


SEGMENT ALLOCATION MAP

run origin  load origin   length   init length attrs members
----------  ----------- ---------- ----------- ----- -------
00000000    00000000    0000672c   0000672c    r-x
  00000000    00000000    00000020   00000020    r-x .intvecs
  00000020    00000020    0000670c   0000670c    r-x .text
00006740    00006740    00000301   00000301    r--
  00006740    00006740    00000301   00000301    r-- .const
00006a60    00006a60    00000090   00000090    r--
  00006a60    00006a60    00000090   00000090    r-- .cinit
08001500    08001500    0001e074   00000000    rw-
  08001500    08001500    0001d688   00000000    rw- .bss
  0801eb88    0801eb88    00000800   00000000    rw- .sysmem
  0801f388    0801f388    000001ec   00000000    rw- .data


SECTION ALLOCATION MAP

 output                                  attributes/
section   page    origin      length       input sections
--------  ----  ----------  ----------   ----------------
.intvecs   0    00000000    00000020     
                  00000000    00000020     HL_sys_intvecs.obj (.intvecs)

.text      0    00000020    0000670c     
                  00000020    00000a4a     rtsv7R4_T_be_v3D16_eabi.lib : _printfi.c.obj (.text:__TI_printfi)
                  00000a6a    00000002                                 : _lock.c.obj (.text:_nop)
                  00000a6c    000009c4     HL_pinmux.obj (.text)
                  00001430    00000998     HL_system.obj (.text)
                  00001dc8    00000938     HL_sys_vim.obj (.text)
                  00002700    000007b4     HL_sys_main.obj (.text)
                  00002eb4    0000078c     HL_esm.obj (.text)
                  00003640    00000664     HL_errata_SSWF021_45.obj (.text)
                  00003ca4    000003c4     HL_sys_core.obj (.text)
                  00004068    0000036c     HL_sys_mpu.obj (.text)
                  000043d4    0000033c     HL_sys_vim.obj (.text:retain)
                  00004710    000002b8     rtsv7R4_T_be_v3D16_eabi.lib : ull_div32.asm.obj (.text)
                  000049c8    00000248                                 : _printfi.c.obj (.text:_pconv_a)
                  00004c10    000001a0                                 : _printfi.c.obj (.text:_pconv_g)
                  00004db0    00000178     HL_esm.obj (.text:retain)
                  00004f28    00000118     rtsv7R4_T_be_v3D16_eabi.lib : fputs.c.obj (.text:fputs)
                  00005040    00000104                                 : _printfi.c.obj (.text:_pconv_e)
                  00005144    00000104                                 : memory.c.obj (.text:aligned_alloc)
                  00005248    000000fc                                 : _printfi.c.obj (.text:fcvt)
                  00005344    000000f0                                 : s_scalbn.c.obj (.text:scalbn)
                  00005434    000000e4                                 : memory.c.obj (.text:free)
                  00005518    000000e0     HL_sys_pmu.obj (.text)
                  000055f8    000000dc     rtsv7R4_T_be_v3D16_eabi.lib : setvbuf.c.obj (.text:setvbuf)
                  000056d4    000000d8     HL_sys_startup.obj (.text:retain)
                  000057ac    000000ad     rtsv7R4_T_be_v3D16_eabi.lib : _printfi.c.obj (.text:_ltostr)
                  00005859    00000001     --HOLE-- [fill = 0]
                  0000585a    00000002                                 : div0.asm.obj (.text)
                  0000585c    0000009c     HL_notification.obj (.text)
                  000058f8    0000009c     rtsv7R4_T_be_v3D16_eabi.lib : memcpy_t2.asm.obj (.text)
                  00005994    00000090                                 : fputc.c.obj (.text:fputc)
                  00005a24    0000007a                                 : _printfi.c.obj (.text:_mcpy)
                  00005a9e    0000007a                                 : memset_t2.asm.obj (.text)
                  00005b18    00000074                                 : fclose.c.obj (.text:__TI_closefile)
                  00005b8c    00000074                                 : s_frexp.c.obj (.text:frexp)
                  00005c00    00000074                                 : memory.c.obj (.text:split)
                  00005c74    0000006c                                 : hostrename.c.obj (.text:HOSTrename)
                  00005ce0    0000006c                                 : copy_decompress_lzss.c.obj (.text:decompress:lzss:__TI_decompress_lzss)
                  00005d4c    00000068                                 : hostlseek.c.obj (.text:HOSTlseek)
                  00005db4    00000068                                 : printf.c.obj (.text:printf)
                  00005e1c    00000064                                 : _io_perm.c.obj (.text:__TI_wrt_ok)
                  00005e80    00000064                                 : fseek.c.obj (.text:fseek)
                  00005ee4    0000005c                                 : hostopen.c.obj (.text:HOSTopen)
                  00005f40    0000005c                                 : hostread.c.obj (.text:HOSTread)
                  00005f9c    00000058                                 : hostwrite.c.obj (.text:HOSTwrite)
                  00005ff4    00000058                                 : close.c.obj (.text:close)
                  0000604c    00000054                                 : _ltoa.c.obj (.text:__TI_ltoa)
                  000060a0    00000054                                 : _printfi.c.obj (.text:_ecpy)
                  000060f4    00000054     HL_rti.obj (.text:retain)
                  00006148    00000054     rtsv7R4_T_be_v3D16_eabi.lib : i_div32.asm.obj (.text)
                  0000619c    00000050                                 : _printfi.c.obj (.text:_pconv_f)
                  000061ec    00000050                                 : atoi.c.obj (.text:atoi)
                  0000623c    0000004c                                 : fflush.c.obj (.text:__TI_doflush)
                  00006288    00000044                                 : hostclose.c.obj (.text:HOSTclose)
                  000062cc    00000044                                 : hostunlink.c.obj (.text:HOSTunlink)
                  00006310    00000044                                 : autoinit.c.obj (.text:__TI_auto_init_nobinit_nopinit:__TI_auto_init_nobinit_nopinit)
                  00006354    00000044                                 : exit.c.obj (.text:exit)
                  00006398    00000044                                 : getdevice.c.obj (.text:getdevice)
                  000063dc    00000040                                 : _printfi.c.obj (.text:_fcpy)
                  0000641c    0000003c                                 : trgmsg.c.obj (.text:__TI_writemsg)
                  00006458    00000036                                 : strncpy.c.obj (.text:strncpy)
                  0000648e    00000002     --HOLE-- [fill = 0]
                  00006490    00000034                                 : fopen.c.obj (.text:__TI_cleanup)
                  000064c4    00000034                                 : trgmsg.c.obj (.text:__TI_readmsg)
                  000064f8    00000034                                 : getdevice.c.obj (.text:finddevice)
                  0000652c    00000034                                 : rand.c.obj (.text:rand)
                  00006560    0000002c                                 : unlink.c.obj (.text:unlink)
                  0000658c    00000028                                 : memory.c.obj (.text:free_list_insert)
                  000065b4    00000028                                 : lseek.c.obj (.text:lseek)
                  000065dc    00000028                                 : write.c.obj (.text:write)
                  00006604    00000026                                 : memccpy.c.obj (.text:memccpy)
                  0000662a    00000020                                 : memchr.c.obj (.text:memchr)
                  0000664a    0000001e                                 : s_copysign.c.obj (.text:copysign)
                  00006668    0000001c                                 : memory.c.obj (.text:free_list_remove)
                  00006684    00000018                                 : strcmp.c.obj (.text:strcmp)
                  0000669c    00000016                                 : strchr.c.obj (.text:strchr)
                  000066b2    00000016                                 : strlen.c.obj (.text:strlen)
                  000066c8    00000014                                 : strcpy.c.obj (.text:strcpy)
                  000066dc    00000012                                 : wcslen.c.obj (.text:wcslen)
                  000066ee    0000000e                                 : copy_decompress_none.c.obj (.text:decompress:none:__TI_decompress_none)
                  000066fc    0000000c                                 : copy_zero_init.c.obj (.text:decompress:ZI:__TI_zero_init)
                  00006708    00000008                                 : errno.c.obj (.text:__aeabi_errno_addr)
                  00006710    00000008                                 : memory.c.obj (.text:malloc)
                  00006718    00000004     HL_sys_startup.obj (.text)
                  0000671c    00000004     rtsv7R4_T_be_v3D16_eabi.lib : printf.c.obj (.text:_outc)
                  00006720    00000004                                 : printf.c.obj (.text:_outs)
                  00006724    00000004                                 : exit.c.obj (.text:abort:abort)
                  00006728    00000004     HL_sys_phantom.obj (.text:retain)

.const     0    00006740    00000301     
                  00006740    00000200     HL_sys_vim.obj (.const:s_vim_init)
                  00006940    00000101     rtsv7R4_T_be_v3D16_eabi.lib : ctype.c.obj (.const:.string:_ctypes_)

.cinit     0    00006a60    00000090     
                  00006a60    00000067     (.cinit..data.load) [load image, compression = lzss]
                  00006ac7    00000001     --HOLE-- [fill = 0]
                  00006ac8    0000000c     (__TI_handler_table)
                  00006ad4    00000004     --HOLE-- [fill = 0]
                  00006ad8    00000008     (.cinit..bss.load) [load image, compression = zero_init]
                  00006ae0    00000010     (__TI_cinit_table)

.bss       0    08001500    0001d688     UNINITIALIZED
                  08001500    00009c40     (.common:testMatrix1)
                  0800b140    00009c40     (.common:testMatrix2)
                  08014d80    00009c40     (.common:testMatrix3)
                  0801e9c0    00000120     rtsv7R4_T_be_v3D16_eabi.lib : trgmsg.c.obj (.bss:_CIOBUF_)
                  0801eae0    000000a0     (.common:__TI_tmpnams)
                  0801eb80    00000008     (.common:parmbuf)

.sysmem    0    0801eb88    00000800     UNINITIALIZED
                  0801eb88    00000010     rtsv7R4_T_be_v3D16_eabi.lib : memory.c.obj (.sysmem)
                  0801eb98    000007f0     --HOLE--

.data      0    0801f388    000001ec     UNINITIALIZED
                  0801f388    000000f0     rtsv7R4_T_be_v3D16_eabi.lib : defs.c.obj (.data:_ftable)
                  0801f478    00000078                                 : host_device.c.obj (.data:_device)
                  0801f4f0    00000050                                 : host_device.c.obj (.data:_stream)
                  0801f540    00000010                                 : defs.c.obj (.data)
                  0801f550    0000000c                                 : exit.c.obj (.data:$O1$$)
                  0801f55c    00000008                                 : _lock.c.obj (.data:$O1$$)
                  0801f564    00000008                                 : memory.c.obj (.data:$O1$$)
                  0801f56c    00000004                                 : errno.c.obj (.data)
                  0801f570    00000004                                 : rand.c.obj (.data)

__llvm_prf_cnts 
*          0    08001500    00000000     UNINITIALIZED

MODULE SUMMARY

       Module                       code    ro data   rw data
       ------                       ----    -------   -------
    .\source\
       HL_sys_main.obj              1972    0         120000 
       HL_sys_vim.obj               3188    512       0      
       HL_pinmux.obj                2500    0         0      
       HL_system.obj                2456    0         0      
       HL_esm.obj                   2308    0         0      
       HL_errata_SSWF021_45.obj     1636    0         0      
       HL_sys_core.obj              964     0         0      
       HL_sys_mpu.obj               876     0         0      
       HL_sys_pmu.obj               224     0         0      
       HL_sys_startup.obj           220     0         0      
       HL_notification.obj          156     0         0      
       HL_rti.obj                   84      0         0      
       HL_sys_intvecs.obj           32      0         0      
       HL_sys_phantom.obj           4       0         0      
    +--+----------------------------+-------+---------+---------+
       Total:                       16620   512       120000 
                                                             
    C:/ti/ccs1010/ccs/tools/compiler/ti-cgt-arm_20.2.1.LTS/lib/rtsv7R4_T_be_v3D16_eabi.lib
       _printfi.c.obj               4669    0         0      
       ull_div32.asm.obj            696     0         0      
       memory.c.obj                 680     0         8      
       defs.c.obj                   0       0         416    
       trgmsg.c.obj                 112     0         288    
       fputs.c.obj                  280     0         0      
       ctype.c.obj                  0       257       0      
       s_scalbn.c.obj               240     0         0      
       setvbuf.c.obj                220     0         0      
       host_device.c.obj            0       0         200    
       memcpy_t2.asm.obj            156     0         0      
       fputc.c.obj                  144     0         0      
       memset_t2.asm.obj            122     0         0      
       getdevice.c.obj              120     0         0      
       fclose.c.obj                 116     0         0      
       s_frexp.c.obj                116     0         0      
       printf.c.obj                 112     0         0      
       copy_decompress_lzss.c.obj   108     0         0      
       hostrename.c.obj             108     0         0      
       hostlseek.c.obj              104     0         0      
       _io_perm.c.obj               100     0         0      
       fseek.c.obj                  100     0         0      
       hostopen.c.obj               92      0         8      
       hostread.c.obj               92      0         0      
       close.c.obj                  88      0         0      
       hostwrite.c.obj              88      0         0      
       _ltoa.c.obj                  84      0         0      
       exit.c.obj                   72      0         12     
       i_div32.asm.obj              84      0         0      
       atoi.c.obj                   80      0         0      
       fflush.c.obj                 76      0         0      
       autoinit.c.obj               68      0         0      
       hostclose.c.obj              68      0         0      
       hostunlink.c.obj             68      0         0      
       rand.c.obj                   52      0         4      
       strncpy.c.obj                54      0         0      
       fopen.c.obj                  52      0         0      
       unlink.c.obj                 44      0         0      
       lseek.c.obj                  40      0         0      
       write.c.obj                  40      0         0      
       memccpy.c.obj                38      0         0      
       memchr.c.obj                 32      0         0      
       s_copysign.c.obj             30      0         0      
       strcmp.c.obj                 24      0         0      
       strchr.c.obj                 22      0         0      
       strlen.c.obj                 22      0         0      
       strcpy.c.obj                 20      0         0      
       wcslen.c.obj                 18      0         0      
       copy_decompress_none.c.obj   14      0         0      
       copy_zero_init.c.obj         12      0         0      
       errno.c.obj                  8       0         4      
       _lock.c.obj                  2       0         8      
       div0.asm.obj                 2       0         0      
    +--+----------------------------+-------+---------+---------+
       Total:                       9789    257       948    
                                                             
       Heap:                        0       0         2048   
       Linker Generated:            0       139       0      
    +--+----------------------------+-------+---------+---------+
       Grand Total:                 26409   908       122996 


LINKER GENERATED COPY TABLES

__TI_cinit_table @ 00006ae0 records: 2, size/record: 8, table size: 16
	.data: load addr=00006a60, load size=00000067 bytes, run addr=0801f388, run size=000001ec bytes, compression=lzss
	.bss: load addr=00006ad8, load size=00000008 bytes, run addr=08001500, run size=0001d688 bytes, compression=zero_init


LINKER GENERATED HANDLER TABLE

__TI_handler_table @ 00006ac8 records: 3, size/record: 4, table size: 12
	index: 0, handler: __TI_zero_init
	index: 1, handler: __TI_decompress_lzss
	index: 2, handler: __TI_decompress_none


GLOBAL SYMBOLS: SORTED ALPHABETICALLY BY Name 

address   name                                
-------   ----                                
00006725  C$$EXIT                             
0000644f  C$$IO$$                             
00006289  HOSTclose                           
00005d4d  HOSTlseek                           
00005ee5  HOSTopen                            
00005f41  HOSTread                            
00005c75  HOSTrename                          
000062cd  HOSTunlink                          
00005f9d  HOSTwrite                           
UNDEFED   SHT$$INIT_ARRAY$$Base               
UNDEFED   SHT$$INIT_ARRAY$$Limit              
0801e9c0  __CIOBUF_                           
00000800  __SYSMEM_SIZE                       
00006ae0  __TI_CINIT_Base                     
00006af0  __TI_CINIT_Limit                    
00006ac8  __TI_Handler_Table_Base             
00006ad4  __TI_Handler_Table_Limit            
00004060  __TI_PINIT_Base                     
00004064  __TI_PINIT_Limit                    
00006311  __TI_auto_init_nobinit_nopinit      
00006491  __TI_cleanup                        
0801f550  __TI_cleanup_ptr                    
00005b19  __TI_closefile                      
00005ce1  __TI_decompress_lzss                
000066ef  __TI_decompress_none                
0000623d  __TI_doflush                        
0801f554  __TI_dtors_ptr                      
0801f558  __TI_enable_exit_profile_output     
0801f540  __TI_ft_end                         
0000604d  __TI_ltoa                           
ffffffff  __TI_pprof_out_hndl                 
00000021  __TI_printfi                        
ffffffff  __TI_prof_data_size                 
ffffffff  __TI_prof_data_start                
000064c5  __TI_readmsg                        
00000000  __TI_static_base__                  
0801eae0  __TI_tmpnams                        
0000641d  __TI_writemsg                       
00005e1d  __TI_wrt_ok                         
000066fd  __TI_zero_init                      
00006709  __aeabi_errno_addr                  
00006148  __aeabi_idiv                        
0000585b  __aeabi_idiv0                       
00006148  __aeabi_idivmod                     
0000585b  __aeabi_ldiv0                       
00005a9f  __aeabi_memclr                      
00005a9f  __aeabi_memclr4                     
00005a9f  __aeabi_memclr8                     
000058f9  __aeabi_memcpy                      
000058f9  __aeabi_memcpy4                     
000058f9  __aeabi_memcpy8                     
00005aa1  __aeabi_memset                      
00005aa1  __aeabi_memset4                     
00005aa1  __aeabi_memset8                     
0801f54c  __aeabi_stderr                      
0801f544  __aeabi_stdin                       
0801f548  __aeabi_stdout                      
00004710  __aeabi_uldivmod                    
ffffffff  __binit__                           
ffffffff  __c_args__                          
08001500  __start___llvm_prf_cnts             
08001500  __stop___llvm_prf_cnts              
000056d4  _c_int00                            
00004014  _cacheDisable_                      
00003fd0  _cacheEnable_                       
00003fb0  _checkMemInitOn_                    
00003ebc  _coreClearAuxiliaryDataFault_       
00003ed0  _coreClearAuxiliaryInstructionFault_
00003e94  _coreClearDataFaultAddress_         
00003e6c  _coreClearDataFault_                
00003ea8  _coreClearInstructionFaultAddress_  
00003e80  _coreClearInstructionFault_         
00003e44  _coreDisableEventBusExport_         
00003e34  _coreEnableEventBusExport_          
00003e54  _coreEnableIrqVicOffset_            
00003e1c  _coreEnableVfp_                     
00003eb4  _coreGetAuxiliaryDataFault_         
00003ec8  _coreGetAuxiliaryInstructionFault_  
00003e8c  _coreGetDataFaultAddress_           
00003e64  _coreGetDataFault_                  
00003ea0  _coreGetInstructionFaultAddress_    
00003e78  _coreGetInstructionFault_           
00003ca4  _coreInitRegisters_                 
00003db0  _coreInitStackPointer_              
00006940  _ctypes_                            
00004038  _dCacheInvalidate_                  
0801f478  _device                             
00003edc  _disable_IRQ_interrupt_             
00003ee4  _enable_IRQ_interrupt_              
00003eec  _enable_interrupt_                  
00003640  _errata_SSWF021_45_both_plls        
00003834  _errata_SSWF021_45_pll1             
000039ac  _errata_SSWF021_45_pll2             
00003ef4  _esmCcmErrorsClear_                 
0801f388  _ftable                             
00003dfc  _getCPSRValue_                      
00003e04  _gotoCPUIdle_                       
0000404c  _iCacheInvalidate_                  
0801f55c  _lock                               
00003f7c  _memInit_                           
0000437c  _mpuAreRegionsSeparate_             
00004360  _mpuDisableBackgroundRegion_        
00004338  _mpuDisable_                        
00004350  _mpuEnableBackgroundRegion_         
00004320  _mpuEnable_                         
00004370  _mpuGetNumberOfRegions_             
000043a0  _mpuGetRegionBaseAddress_           
000043c0  _mpuGetRegionPermission_            
000043b4  _mpuGetRegionType_                  
00004390  _mpuGetRegion_                      
00004068  _mpuInit_                           
00004398  _mpuSetRegionBaseAddress_           
000043cc  _mpuSetRegionSizeRegister_          
000043a8  _mpuSetRegionTypeAndPermission_     
00004388  _mpuSetRegion_                      
00000a6b  _nop                                
00005574  _pmuDisableCountersGlobal_          
00005564  _pmuEnableCountersGlobal_           
00002e20  _pmuEnableUserMode_                 
000055d0  _pmuGetCycleCount_                  
000055d8  _pmuGetEventCount_                  
000055e4  _pmuGetOverflow_                    
00005518  _pmuInit_                           
000055a4  _pmuResetCounters_                  
00005584  _pmuResetCycleCounter_              
00005594  _pmuResetEventCounters_             
000055c4  _pmuSetCountEvent_                  
000055b4  _pmuStartCounters_                  
000055bc  _pmuStopCounters_                   
0801f4f0  _stream                             
0801eb88  _sys_memory                         
UNDEFED   _system_post_cinit                  
0801f560  _unlock                             
00006725  abort                               
00002d54  add_matrix                          
00005145  aligned_alloc                       
000061ed  atoi                                
ffffffff  binit                               
00005ff5  close                               
0000664b  copysign                            
0000664b  copysignl                           
00001d20  customTrimLPO                       
00005894  dmaGroupANotification               
000058e4  epcCAMFullNotification              
000058e8  epcFIFOFullNotification             
0801f56c  errno                               
000030c4  esmActivateNormalOperation          
00003210  esmClearStatus                      
00003274  esmClearStatusBuffer                
00003250  esmClearStatusUpper                 
00003070  esmDisableError                     
00003098  esmDisableErrorUpper                
00003118  esmDisableInterrupt                 
00003140  esmDisableInterruptUpper            
0000302c  esmEnableError                      
00003054  esmEnableErrorUpper                 
000030d4  esmEnableInterrupt                  
000030fc  esmEnableInterruptUpper             
000033a4  esmEnterSelfTest                    
00003010  esmError                            
0000347c  esmGetConfigValue                   
000032b0  esmGetStatus                        
0000337c  esmGetStatusBuffer                  
00003334  esmGetStatusUpper                   
0000585c  esmGroup1Notification               
00005870  esmGroup2Notification               
00005884  esmGroup3Notification               
00004db0  esmHighInterrupt                    
00002eb4  esmInit                             
0000342c  esmSelfTestStatus                   
00003290  esmSetCounterPreloadValue           
0000315c  esmSetInterruptLevel                
000031d0  esmSetInterruptLevelUpper           
000030b4  esmTriggerErrorPinReset             
00006355  exit                                
00002b7c  fill_matrix                         
000064f9  finddevice                          
00005995  fputc                               
00004f29  fputs                               
00005435  free                                
00005b8d  frexp                               
00005b8d  frexpl                              
00005e81  fseek                               
000017c8  getResetSource                      
00006399  getdevice                           
000058bc  gioNotification                     
00006718  handlePLLLockFail                   
00005345  ldexp                               
00005345  ldexpl                              
000065b5  lseek                               
00002700  main                                
00006711  malloc                              
000015f8  mapClocks                           
00002934  measure_DCache_miss                 
00002a28  measure_ICache_miss                 
00002734  measure_code_execution_time         
00002840  measure_cycles_per_Inst             
00005145  memalign                            
00006605  memccpy                             
0000662b  memchr                              
000058f9  memcpy                              
00005aa7  memset                              
00000a6c  muxInit                             
0801eb80  parmbuf                             
00001544  periphInit                          
00006728  phantomInterrupt                    
00005db5  printf                              
00005995  putc                                
0000652d  rand                                
00006561  remove                              
00000000  resetEntry                          
000060f4  rtiCompare2Interrupt                
000058a8  rtiNotification                     
00005345  scalbn                              
00005345  scalbnl                             
000058d0  sciNotification                     
00001504  setupFlash                          
00001430  setupPLL                            
000055f9  setvbuf                             
0000669d  strchr                              
00006685  strcmp                              
000066c9  strcpy                              
000066b3  strlen                              
00006459  strncpy                             
000018f0  systemGetConfigValue                
00001724  systemInit                          
00001798  systemPowerDown                     
08001500  testMatrix1                         
0800b140  testMatrix2                         
08014d80  testMatrix3                         
00001490  trimLPO                             
00006561  unlink                              
00001e9c  vimChannelMap                       
00002108  vimDisableInterrupt                 
000043d4  vimECCErrorHandler                  
00001f40  vimEnableInterrupt                  
000021b4  vimGetConfigValue                   
00001dc8  vimInit                             
000066dd  wcslen                              
000065dd  write                               


GLOBAL SYMBOLS: SORTED BY Symbol Address 

address   name                                
-------   ----                                
00000000  __TI_static_base__                  
00000000  resetEntry                          
00000021  __TI_printfi                        
00000800  __SYSMEM_SIZE                       
00000a6b  _nop                                
00000a6c  muxInit                             
00001430  setupPLL                            
00001490  trimLPO                             
00001504  setupFlash                          
00001544  periphInit                          
000015f8  mapClocks                           
00001724  systemInit                          
00001798  systemPowerDown                     
000017c8  getResetSource                      
000018f0  systemGetConfigValue                
00001d20  customTrimLPO                       
00001dc8  vimInit                             
00001e9c  vimChannelMap                       
00001f40  vimEnableInterrupt                  
00002108  vimDisableInterrupt                 
000021b4  vimGetConfigValue                   
00002700  main                                
00002734  measure_code_execution_time         
00002840  measure_cycles_per_Inst             
00002934  measure_DCache_miss                 
00002a28  measure_ICache_miss                 
00002b7c  fill_matrix                         
00002d54  add_matrix                          
00002e20  _pmuEnableUserMode_                 
00002eb4  esmInit                             
00003010  esmError                            
0000302c  esmEnableError                      
00003054  esmEnableErrorUpper                 
00003070  esmDisableError                     
00003098  esmDisableErrorUpper                
000030b4  esmTriggerErrorPinReset             
000030c4  esmActivateNormalOperation          
000030d4  esmEnableInterrupt                  
000030fc  esmEnableInterruptUpper             
00003118  esmDisableInterrupt                 
00003140  esmDisableInterruptUpper            
0000315c  esmSetInterruptLevel                
000031d0  esmSetInterruptLevelUpper           
00003210  esmClearStatus                      
00003250  esmClearStatusUpper                 
00003274  esmClearStatusBuffer                
00003290  esmSetCounterPreloadValue           
000032b0  esmGetStatus                        
00003334  esmGetStatusUpper                   
0000337c  esmGetStatusBuffer                  
000033a4  esmEnterSelfTest                    
0000342c  esmSelfTestStatus                   
0000347c  esmGetConfigValue                   
00003640  _errata_SSWF021_45_both_plls        
00003834  _errata_SSWF021_45_pll1             
000039ac  _errata_SSWF021_45_pll2             
00003ca4  _coreInitRegisters_                 
00003db0  _coreInitStackPointer_              
00003dfc  _getCPSRValue_                      
00003e04  _gotoCPUIdle_                       
00003e1c  _coreEnableVfp_                     
00003e34  _coreEnableEventBusExport_          
00003e44  _coreDisableEventBusExport_         
00003e54  _coreEnableIrqVicOffset_            
00003e64  _coreGetDataFault_                  
00003e6c  _coreClearDataFault_                
00003e78  _coreGetInstructionFault_           
00003e80  _coreClearInstructionFault_         
00003e8c  _coreGetDataFaultAddress_           
00003e94  _coreClearDataFaultAddress_         
00003ea0  _coreGetInstructionFaultAddress_    
00003ea8  _coreClearInstructionFaultAddress_  
00003eb4  _coreGetAuxiliaryDataFault_         
00003ebc  _coreClearAuxiliaryDataFault_       
00003ec8  _coreGetAuxiliaryInstructionFault_  
00003ed0  _coreClearAuxiliaryInstructionFault_
00003edc  _disable_IRQ_interrupt_             
00003ee4  _enable_IRQ_interrupt_              
00003eec  _enable_interrupt_                  
00003ef4  _esmCcmErrorsClear_                 
00003f7c  _memInit_                           
00003fb0  _checkMemInitOn_                    
00003fd0  _cacheEnable_                       
00004014  _cacheDisable_                      
00004038  _dCacheInvalidate_                  
0000404c  _iCacheInvalidate_                  
00004060  __TI_PINIT_Base                     
00004064  __TI_PINIT_Limit                    
00004068  _mpuInit_                           
00004320  _mpuEnable_                         
00004338  _mpuDisable_                        
00004350  _mpuEnableBackgroundRegion_         
00004360  _mpuDisableBackgroundRegion_        
00004370  _mpuGetNumberOfRegions_             
0000437c  _mpuAreRegionsSeparate_             
00004388  _mpuSetRegion_                      
00004390  _mpuGetRegion_                      
00004398  _mpuSetRegionBaseAddress_           
000043a0  _mpuGetRegionBaseAddress_           
000043a8  _mpuSetRegionTypeAndPermission_     
000043b4  _mpuGetRegionType_                  
000043c0  _mpuGetRegionPermission_            
000043cc  _mpuSetRegionSizeRegister_          
000043d4  vimECCErrorHandler                  
00004710  __aeabi_uldivmod                    
00004db0  esmHighInterrupt                    
00004f29  fputs                               
00005145  aligned_alloc                       
00005145  memalign                            
00005345  ldexp                               
00005345  ldexpl                              
00005345  scalbn                              
00005345  scalbnl                             
00005435  free                                
00005518  _pmuInit_                           
00005564  _pmuEnableCountersGlobal_           
00005574  _pmuDisableCountersGlobal_          
00005584  _pmuResetCycleCounter_              
00005594  _pmuResetEventCounters_             
000055a4  _pmuResetCounters_                  
000055b4  _pmuStartCounters_                  
000055bc  _pmuStopCounters_                   
000055c4  _pmuSetCountEvent_                  
000055d0  _pmuGetCycleCount_                  
000055d8  _pmuGetEventCount_                  
000055e4  _pmuGetOverflow_                    
000055f9  setvbuf                             
000056d4  _c_int00                            
0000585b  __aeabi_idiv0                       
0000585b  __aeabi_ldiv0                       
0000585c  esmGroup1Notification               
00005870  esmGroup2Notification               
00005884  esmGroup3Notification               
00005894  dmaGroupANotification               
000058a8  rtiNotification                     
000058bc  gioNotification                     
000058d0  sciNotification                     
000058e4  epcCAMFullNotification              
000058e8  epcFIFOFullNotification             
000058f9  __aeabi_memcpy                      
000058f9  __aeabi_memcpy4                     
000058f9  __aeabi_memcpy8                     
000058f9  memcpy                              
00005995  fputc                               
00005995  putc                                
00005a9f  __aeabi_memclr                      
00005a9f  __aeabi_memclr4                     
00005a9f  __aeabi_memclr8                     
00005aa1  __aeabi_memset                      
00005aa1  __aeabi_memset4                     
00005aa1  __aeabi_memset8                     
00005aa7  memset                              
00005b19  __TI_closefile                      
00005b8d  frexp                               
00005b8d  frexpl                              
00005c75  HOSTrename                          
00005ce1  __TI_decompress_lzss                
00005d4d  HOSTlseek                           
00005db5  printf                              
00005e1d  __TI_wrt_ok                         
00005e81  fseek                               
00005ee5  HOSTopen                            
00005f41  HOSTread                            
00005f9d  HOSTwrite                           
00005ff5  close                               
0000604d  __TI_ltoa                           
000060f4  rtiCompare2Interrupt                
00006148  __aeabi_idiv                        
00006148  __aeabi_idivmod                     
000061ed  atoi                                
0000623d  __TI_doflush                        
00006289  HOSTclose                           
000062cd  HOSTunlink                          
00006311  __TI_auto_init_nobinit_nopinit      
00006355  exit                                
00006399  getdevice                           
0000641d  __TI_writemsg                       
0000644f  C$$IO$$                             
00006459  strncpy                             
00006491  __TI_cleanup                        
000064c5  __TI_readmsg                        
000064f9  finddevice                          
0000652d  rand                                
00006561  remove                              
00006561  unlink                              
000065b5  lseek                               
000065dd  write                               
00006605  memccpy                             
0000662b  memchr                              
0000664b  copysign                            
0000664b  copysignl                           
00006685  strcmp                              
0000669d  strchr                              
000066b3  strlen                              
000066c9  strcpy                              
000066dd  wcslen                              
000066ef  __TI_decompress_none                
000066fd  __TI_zero_init                      
00006709  __aeabi_errno_addr                  
00006711  malloc                              
00006718  handlePLLLockFail                   
00006725  C$$EXIT                             
00006725  abort                               
00006728  phantomInterrupt                    
00006940  _ctypes_                            
00006ac8  __TI_Handler_Table_Base             
00006ad4  __TI_Handler_Table_Limit            
00006ae0  __TI_CINIT_Base                     
00006af0  __TI_CINIT_Limit                    
08001500  __start___llvm_prf_cnts             
08001500  __stop___llvm_prf_cnts              
08001500  testMatrix1                         
0800b140  testMatrix2                         
08014d80  testMatrix3                         
0801e9c0  __CIOBUF_                           
0801eae0  __TI_tmpnams                        
0801eb80  parmbuf                             
0801eb88  _sys_memory                         
0801f388  _ftable                             
0801f478  _device                             
0801f4f0  _stream                             
0801f540  __TI_ft_end                         
0801f544  __aeabi_stdin                       
0801f548  __aeabi_stdout                      
0801f54c  __aeabi_stderr                      
0801f550  __TI_cleanup_ptr                    
0801f554  __TI_dtors_ptr                      
0801f558  __TI_enable_exit_profile_output     
0801f55c  _lock                               
0801f560  _unlock                             
0801f56c  errno                               
ffffffff  __TI_pprof_out_hndl                 
ffffffff  __TI_prof_data_size                 
ffffffff  __TI_prof_data_start                
ffffffff  __binit__                           
ffffffff  __c_args__                          
ffffffff  binit                               
UNDEFED   SHT$$INIT_ARRAY$$Base               
UNDEFED   SHT$$INIT_ARRAY$$Limit              
UNDEFED   _system_post_cinit                  

[240 symbols]
