******************************************************************************
                  TI ARM Linker PC v20.2.2                     
******************************************************************************
>> Linked Wed Mar 10 18:36:37 2021

OUTPUT FILE NAME:   <test.out>
ENTRY POINT SYMBOL: "_c_int00"  address: 00003c94


MEMORY CONFIGURATION

         name            origin    length      used     unused   attr    fill
----------------------  --------  ---------  --------  --------  ----  --------
  VECTORS               00000000   00000020  00000020  00000000     X
  FLASH0                00000020   001fffe0  000041e0  001fbe00  R  X
  FLASH1                00200000   00200000  00000000  00200000  R  X
  STACKS                08000000   00001500  00000000  00001500  RW  
  RAM                   08001500   0007eb00  00000004  0007eafc  RW  


SEGMENT ALLOCATION MAP

run origin  load origin   length   init length attrs members
----------  ----------- ---------- ----------- ----- -------
00000000    00000000    00003fe8   00003fe8    r-x
  00000000    00000000    00000020   00000020    r-x .intvecs
  00000020    00000020    00003fc8   00003fc8    r-x .text
00004000    00004000    00000218   00000218    r--
  00004000    00004000    00000200   00000200    r-- .const
  00004200    00004200    00000018   00000018    r-- .cinit
08001500    08001500    00000004   00000000    rw-
  08001500    08001500    00000004   00000000    rw- .data


SECTION ALLOCATION MAP

 output                                  attributes/
section   page    origin      length       input sections
--------  ----  ----------  ----------   ----------------
.intvecs   0    00000000    00000020     
                  00000000    00000020     HL_sys_intvecs.obj (.intvecs)

.text      0    00000020    00003fc8     
                  00000020    000009cc     HL_pinmux.obj (.text)
                  000009ec    00000998     HL_system.obj (.text)
                  00001384    00000938     HL_sys_vim.obj (.text)
                  00001cbc    0000078c     HL_esm.obj (.text)
                  00002448    00000664     HL_errata_SSWF021_45.obj (.text)
                  00002aac    00000484     HL_gio.obj (.text)
                  00002f30    000003c4     HL_sys_core.obj (.text)
                  000032f4    0000036c     HL_sys_mpu.obj (.text)
                  00003660    0000033c     HL_sys_vim.obj (.text:retain)
                  0000399c    00000180     rtsv7R4_A_le_v3D16_eabi.lib : memcpy32.asm.obj (.text)
                  00003b1c    00000178     HL_esm.obj (.text:retain)
                  00003c94    000000d8     HL_sys_startup.obj (.text:retain)
                  00003d6c    00000098     HL_gio.obj (.text:retain)
                  00003e04    00000090     rtsv7R4_A_le_v3D16_eabi.lib : copy_decompress_lzss.c.obj (.text:decompress:lzss:__TI_decompress_lzss)
                  00003e94    00000074     HL_notification.obj (.text)
                  00003f08    00000068     rtsv7R4_A_le_v3D16_eabi.lib : autoinit.c.obj (.text:__TI_auto_init_nobinit_nopinit:__TI_auto_init_nobinit_nopinit)
                  00003f70    00000054     HL_sys_main.obj (.text)
                  00003fc4    00000014     rtsv7R4_A_le_v3D16_eabi.lib : copy_decompress_none.c.obj (.text:decompress:none:__TI_decompress_none)
                  00003fd8    00000008                                 : exit.c.obj (.text:abort:abort)
                  00003fe0    00000004     HL_sys_startup.obj (.text)
                  00003fe4    00000004     HL_sys_phantom.obj (.text:retain)

.const     0    00004000    00000200     
                  00004000    00000200     HL_sys_vim.obj (.const:s_vim_init)

.cinit     0    00004200    00000018     
                  00004200    00000008     (__TI_handler_table)
                  00004208    00000007     (.cinit..data.load) [load image, compression = lzss]
                  0000420f    00000001     --HOLE-- [fill = 0]
                  00004210    00000008     (__TI_cinit_table)

.data      0    08001500    00000004     UNINITIALIZED
                  08001500    00000004     HL_sys_main.obj (.data)

__llvm_prf_cnts 
*          0    08001500    00000000     UNINITIALIZED

MODULE SUMMARY

       Module                       code    ro data   rw data
       ------                       ----    -------   -------
    .\source\
       HL_sys_vim.obj               3188    512       0      
       HL_pinmux.obj                2508    0         0      
       HL_system.obj                2456    0         0      
       HL_esm.obj                   2308    0         0      
       HL_errata_SSWF021_45.obj     1636    0         0      
       HL_gio.obj                   1308    0         0      
       HL_sys_core.obj              964     0         0      
       HL_sys_mpu.obj               876     0         0      
       HL_sys_startup.obj           220     0         0      
       HL_notification.obj          116     0         0      
       HL_sys_main.obj              84      0         4      
       HL_sys_intvecs.obj           32      0         0      
       HL_sys_phantom.obj           4       0         0      
    +--+----------------------------+-------+---------+---------+
       Total:                       15700   512       4      
                                                             
    C:\ti\ccs1020\ccs\tools\compiler\ti-cgt-arm_20.2.2.LTS\lib\rtsv7R4_A_le_v3D16_eabi.lib
       memcpy32.asm.obj             384     0         0      
       copy_decompress_lzss.c.obj   144     0         0      
       autoinit.c.obj               104     0         0      
       copy_decompress_none.c.obj   20      0         0      
       exit.c.obj                   8       0         0      
    +--+----------------------------+-------+---------+---------+
       Total:                       660     0         0      
                                                             
       Linker Generated:            0       23        0      
    +--+----------------------------+-------+---------+---------+
       Grand Total:                 16360   535       4      


LINKER GENERATED COPY TABLES

__TI_cinit_table @ 00004210 records: 1, size/record: 8, table size: 8
	.data: load addr=00004208, load size=00000007 bytes, run addr=08001500, run size=00000004 bytes, compression=lzss


LINKER GENERATED HANDLER TABLE

__TI_handler_table @ 00004200 records: 2, size/record: 4, table size: 8
	index: 0, handler: __TI_decompress_lzss
	index: 1, handler: __TI_decompress_none


GLOBAL SYMBOLS: SORTED ALPHABETICALLY BY Name 

address   name                                
-------   ----                                
00003fd8  C$$EXIT                             
UNDEFED   SHT$$INIT_ARRAY$$Base               
UNDEFED   SHT$$INIT_ARRAY$$Limit              
00004210  __TI_CINIT_Base                     
00004218  __TI_CINIT_Limit                    
00004200  __TI_Handler_Table_Base             
00004208  __TI_Handler_Table_Limit            
000032ec  __TI_PINIT_Base                     
000032f0  __TI_PINIT_Limit                    
00003f08  __TI_auto_init_nobinit_nopinit      
00003e04  __TI_decompress_lzss                
00003fc4  __TI_decompress_none                
ffffffff  __TI_pprof_out_hndl                 
ffffffff  __TI_prof_data_size                 
ffffffff  __TI_prof_data_start                
00000000  __TI_static_base__                  
0000399c  __aeabi_memcpy                      
0000399c  __aeabi_memcpy4                     
0000399c  __aeabi_memcpy8                     
ffffffff  __binit__                           
ffffffff  __c_args__                          
08001500  __start___llvm_prf_cnts             
08001500  __stop___llvm_prf_cnts              
00003c94  _c_int00                            
000032a0  _cacheDisable_                      
0000325c  _cacheEnable_                       
0000323c  _checkMemInitOn_                    
00003148  _coreClearAuxiliaryDataFault_       
0000315c  _coreClearAuxiliaryInstructionFault_
00003120  _coreClearDataFaultAddress_         
000030f8  _coreClearDataFault_                
00003134  _coreClearInstructionFaultAddress_  
0000310c  _coreClearInstructionFault_         
000030d0  _coreDisableEventBusExport_         
000030c0  _coreEnableEventBusExport_          
000030e0  _coreEnableIrqVicOffset_            
000030a8  _coreEnableVfp_                     
00003140  _coreGetAuxiliaryDataFault_         
00003154  _coreGetAuxiliaryInstructionFault_  
00003118  _coreGetDataFaultAddress_           
000030f0  _coreGetDataFault_                  
0000312c  _coreGetInstructionFaultAddress_    
00003104  _coreGetInstructionFault_           
00002f30  _coreInitRegisters_                 
0000303c  _coreInitStackPointer_              
000032c4  _dCacheInvalidate_                  
00003168  _disable_IRQ_interrupt_             
00003170  _enable_IRQ_interrupt_              
00003178  _enable_interrupt_                  
00002448  _errata_SSWF021_45_both_plls        
0000263c  _errata_SSWF021_45_pll1             
000027b4  _errata_SSWF021_45_pll2             
00003180  _esmCcmErrorsClear_                 
00003088  _getCPSRValue_                      
00003090  _gotoCPUIdle_                       
000032d8  _iCacheInvalidate_                  
00003208  _memInit_                           
00003608  _mpuAreRegionsSeparate_             
000035ec  _mpuDisableBackgroundRegion_        
000035c4  _mpuDisable_                        
000035dc  _mpuEnableBackgroundRegion_         
000035ac  _mpuEnable_                         
000035fc  _mpuGetNumberOfRegions_             
0000362c  _mpuGetRegionBaseAddress_           
0000364c  _mpuGetRegionPermission_            
00003640  _mpuGetRegionType_                  
0000361c  _mpuGetRegion_                      
000032f4  _mpuInit_                           
00003624  _mpuSetRegionBaseAddress_           
00003658  _mpuSetRegionSizeRegister_          
00003634  _mpuSetRegionTypeAndPermission_     
00003614  _mpuSetRegion_                      
UNDEFED   _system_post_cinit                  
00003fd8  abort                               
ffffffff  binit                               
08001500  count                               
000012dc  customTrimLPO                       
00003ecc  dmaGroupANotification               
00003ef4  epcCAMFullNotification              
00003ef8  epcFIFOFullNotification             
00001ecc  esmActivateNormalOperation          
00002018  esmClearStatus                      
0000207c  esmClearStatusBuffer                
00002058  esmClearStatusUpper                 
00001e78  esmDisableError                     
00001ea0  esmDisableErrorUpper                
00001f20  esmDisableInterrupt                 
00001f48  esmDisableInterruptUpper            
00001e34  esmEnableError                      
00001e5c  esmEnableErrorUpper                 
00001edc  esmEnableInterrupt                  
00001f04  esmEnableInterruptUpper             
000021ac  esmEnterSelfTest                    
00001e18  esmError                            
00002284  esmGetConfigValue                   
000020b8  esmGetStatus                        
00002184  esmGetStatusBuffer                  
0000213c  esmGetStatusUpper                   
00003e94  esmGroup1Notification               
00003ea8  esmGroup2Notification               
00003ebc  esmGroup3Notification               
00003b1c  esmHighInterrupt                    
00001cbc  esmInit                             
00002234  esmSelfTestStatus                   
00002098  esmSetCounterPreloadValue           
00001f64  esmSetInterruptLevel                
00001fd8  esmSetInterruptLevelUpper           
00001ebc  esmTriggerErrorPinReset             
00000d84  getResetSource                      
00002d0c  gioDisableNotification              
00002ca4  gioEnableNotification               
00002c0c  gioGetBit                           
00002d74  gioGetConfigValue                   
00002c34  gioGetPort                          
00003d6c  gioHighLevelInterrupt               
00002aac  gioInit                             
00003f8c  gioNotification                     
00002b9c  gioSetBit                           
00002b7c  gioSetDirection                     
00002bec  gioSetPort                          
00002c4c  gioToggleBit                        
00003fe0  handlePLLLockFail                   
00003f70  main                                
00000bb4  mapClocks                           
0000399c  memcpy                              
00000020  muxInit                             
00000b00  periphInit                          
00003fe4  phantomInterrupt                    
00000000  resetEntry                          
00000ac0  setupFlash                          
000009ec  setupPLL                            
00000eac  systemGetConfigValue                
00000ce0  systemInit                          
00000d54  systemPowerDown                     
00000a4c  trimLPO                             
00001458  vimChannelMap                       
000016c4  vimDisableInterrupt                 
00003660  vimECCErrorHandler                  
000014fc  vimEnableInterrupt                  
00001770  vimGetConfigValue                   
00001384  vimInit                             


GLOBAL SYMBOLS: SORTED BY Symbol Address 

address   name                                
-------   ----                                
00000000  __TI_static_base__                  
00000000  resetEntry                          
00000020  muxInit                             
000009ec  setupPLL                            
00000a4c  trimLPO                             
00000ac0  setupFlash                          
00000b00  periphInit                          
00000bb4  mapClocks                           
00000ce0  systemInit                          
00000d54  systemPowerDown                     
00000d84  getResetSource                      
00000eac  systemGetConfigValue                
000012dc  customTrimLPO                       
00001384  vimInit                             
00001458  vimChannelMap                       
000014fc  vimEnableInterrupt                  
000016c4  vimDisableInterrupt                 
00001770  vimGetConfigValue                   
00001cbc  esmInit                             
00001e18  esmError                            
00001e34  esmEnableError                      
00001e5c  esmEnableErrorUpper                 
00001e78  esmDisableError                     
00001ea0  esmDisableErrorUpper                
00001ebc  esmTriggerErrorPinReset             
00001ecc  esmActivateNormalOperation          
00001edc  esmEnableInterrupt                  
00001f04  esmEnableInterruptUpper             
00001f20  esmDisableInterrupt                 
00001f48  esmDisableInterruptUpper            
00001f64  esmSetInterruptLevel                
00001fd8  esmSetInterruptLevelUpper           
00002018  esmClearStatus                      
00002058  esmClearStatusUpper                 
0000207c  esmClearStatusBuffer                
00002098  esmSetCounterPreloadValue           
000020b8  esmGetStatus                        
0000213c  esmGetStatusUpper                   
00002184  esmGetStatusBuffer                  
000021ac  esmEnterSelfTest                    
00002234  esmSelfTestStatus                   
00002284  esmGetConfigValue                   
00002448  _errata_SSWF021_45_both_plls        
0000263c  _errata_SSWF021_45_pll1             
000027b4  _errata_SSWF021_45_pll2             
00002aac  gioInit                             
00002b7c  gioSetDirection                     
00002b9c  gioSetBit                           
00002bec  gioSetPort                          
00002c0c  gioGetBit                           
00002c34  gioGetPort                          
00002c4c  gioToggleBit                        
00002ca4  gioEnableNotification               
00002d0c  gioDisableNotification              
00002d74  gioGetConfigValue                   
00002f30  _coreInitRegisters_                 
0000303c  _coreInitStackPointer_              
00003088  _getCPSRValue_                      
00003090  _gotoCPUIdle_                       
000030a8  _coreEnableVfp_                     
000030c0  _coreEnableEventBusExport_          
000030d0  _coreDisableEventBusExport_         
000030e0  _coreEnableIrqVicOffset_            
000030f0  _coreGetDataFault_                  
000030f8  _coreClearDataFault_                
00003104  _coreGetInstructionFault_           
0000310c  _coreClearInstructionFault_         
00003118  _coreGetDataFaultAddress_           
00003120  _coreClearDataFaultAddress_         
0000312c  _coreGetInstructionFaultAddress_    
00003134  _coreClearInstructionFaultAddress_  
00003140  _coreGetAuxiliaryDataFault_         
00003148  _coreClearAuxiliaryDataFault_       
00003154  _coreGetAuxiliaryInstructionFault_  
0000315c  _coreClearAuxiliaryInstructionFault_
00003168  _disable_IRQ_interrupt_             
00003170  _enable_IRQ_interrupt_              
00003178  _enable_interrupt_                  
00003180  _esmCcmErrorsClear_                 
00003208  _memInit_                           
0000323c  _checkMemInitOn_                    
0000325c  _cacheEnable_                       
000032a0  _cacheDisable_                      
000032c4  _dCacheInvalidate_                  
000032d8  _iCacheInvalidate_                  
000032ec  __TI_PINIT_Base                     
000032f0  __TI_PINIT_Limit                    
000032f4  _mpuInit_                           
000035ac  _mpuEnable_                         
000035c4  _mpuDisable_                        
000035dc  _mpuEnableBackgroundRegion_         
000035ec  _mpuDisableBackgroundRegion_        
000035fc  _mpuGetNumberOfRegions_             
00003608  _mpuAreRegionsSeparate_             
00003614  _mpuSetRegion_                      
0000361c  _mpuGetRegion_                      
00003624  _mpuSetRegionBaseAddress_           
0000362c  _mpuGetRegionBaseAddress_           
00003634  _mpuSetRegionTypeAndPermission_     
00003640  _mpuGetRegionType_                  
0000364c  _mpuGetRegionPermission_            
00003658  _mpuSetRegionSizeRegister_          
00003660  vimECCErrorHandler                  
0000399c  __aeabi_memcpy                      
0000399c  __aeabi_memcpy4                     
0000399c  __aeabi_memcpy8                     
0000399c  memcpy                              
00003b1c  esmHighInterrupt                    
00003c94  _c_int00                            
00003d6c  gioHighLevelInterrupt               
00003e04  __TI_decompress_lzss                
00003e94  esmGroup1Notification               
00003ea8  esmGroup2Notification               
00003ebc  esmGroup3Notification               
00003ecc  dmaGroupANotification               
00003ef4  epcCAMFullNotification              
00003ef8  epcFIFOFullNotification             
00003f08  __TI_auto_init_nobinit_nopinit      
00003f70  main                                
00003f8c  gioNotification                     
00003fc4  __TI_decompress_none                
00003fd8  C$$EXIT                             
00003fd8  abort                               
00003fe0  handlePLLLockFail                   
00003fe4  phantomInterrupt                    
00004200  __TI_Handler_Table_Base             
00004208  __TI_Handler_Table_Limit            
00004210  __TI_CINIT_Base                     
00004218  __TI_CINIT_Limit                    
08001500  __start___llvm_prf_cnts             
08001500  __stop___llvm_prf_cnts              
08001500  count                               
ffffffff  __TI_pprof_out_hndl                 
ffffffff  __TI_prof_data_size                 
ffffffff  __TI_prof_data_start                
ffffffff  __binit__                           
ffffffff  __c_args__                          
ffffffff  binit                               
UNDEFED   SHT$$INIT_ARRAY$$Base               
UNDEFED   SHT$$INIT_ARRAY$$Limit              
UNDEFED   _system_post_cinit                  

[141 symbols]
