******************************************************************************
                  TI ARM Linker PC v20.2.1                     
******************************************************************************
>> Linked Tue Dec 15 13:27:47 2020

OUTPUT FILE NAME:   <TMS570LS0714PZ_LPMs_Wakeup.out>
ENTRY POINT SYMBOL: "_c_int00"  address: 0000618c


MEMORY CONFIGURATION

         name            origin    length      used     unused   attr    fill
----------------------  --------  ---------  --------  --------  ----  --------
  VECTORS               00000000   00000020  00000020  00000000     X
  FLASH0                00000020   000fffe0  00006984  000f965c  R  X
  STACKS                08000000   00001500  00000000  00001500  RW  
  RAM                   08001500   0001eb00  00000000  0001eb00  RW  


SEGMENT ALLOCATION MAP

run origin  load origin   length   init length attrs members
----------  ----------- ---------- ----------- ----- -------
00000000    00000000    000069a4   000069a4    r-x
  00000000    00000000    00000020   00000020    r-x .intvecs
  00000020    00000020    00006784   00006784    r-x .text
  000067a4    000067a4    00000200   00000200    r-- .const


SECTION ALLOCATION MAP

 output                                  attributes/
section   page    origin      length       input sections
--------  ----  ----------  ----------   ----------------
.intvecs   0    00000000    00000020     
                  00000000    00000020     sys_intvecs.obj (.intvecs)

.text      0    00000020    00006784     
                  00000020    00002514     sys_selftest.obj (.text)
                  00002534    00000a88     system.obj (.text)
                  00002fbc    00000a54     sys_vim.obj (.text)
                  00003a10    000007e0     pinmux.obj (.text)
                  000041f0    00000664     errata_SSWF021_45.obj (.text)
                  00004854    00000634     rti.obj (.text)
                  00004e88    000005bc     esm.obj (.text)
                  00005444    00000484     gio.obj (.text)
                  000058c8    0000034c     sys_core.obj (.text)
                  00005c14    000002cc     sys_vim.obj (.text:retain)
                  00005ee0    000002ac     sys_main.obj (.text)
                  0000618c    00000150     sys_startup.obj (.text:retain)
                  000062dc    00000114     esm.obj (.text:retain)
                  000063f0    000000e8     dabort.obj (.text)
                  000064d8    000000e0     sys_pmu.obj (.text)
                  000065b8    00000098     gio.obj (.text:retain)
                  00006650    00000090     notification.obj (.text)
                  000066e0    00000068     rtsv7R4_A_le_v3D16_eabi.lib : autoinit.c.obj (.text:__TI_auto_init_nobinit_nopinit:__TI_auto_init_nobinit_nopinit)
                  00006748    0000004c     rti.obj (.text:retain)
                  00006794    00000008     rtsv7R4_A_le_v3D16_eabi.lib : exit.c.obj (.text:abort:abort)
                  0000679c    00000004     sys_phantom.obj (.text:retain)
                  000067a0    00000004     sys_startup.obj (.text)

.const     0    000067a4    00000200     
                  000067a4    00000200     sys_vim.obj (.const:s_vim_init)

.cinit     0    00000020    00000000     UNINITIALIZED

__llvm_prf_cnts 
*          0    08001500    00000000     UNINITIALIZED

MODULE SUMMARY

       Module                  code    ro data   rw data
       ------                  ----    -------   -------
    .\source\
       sys_selftest.obj        9492    0         0      
       sys_vim.obj             3360    512       0      
       system.obj              2696    0         0      
       pinmux.obj              2016    0         0      
       esm.obj                 1744    0         0      
       rti.obj                 1664    0         0      
       errata_SSWF021_45.obj   1636    0         0      
       gio.obj                 1308    0         0      
       sys_core.obj            844     0         0      
       sys_main.obj            684     0         0      
       sys_startup.obj         340     0         0      
       dabort.obj              232     0         0      
       sys_pmu.obj             224     0         0      
       notification.obj        144     0         0      
       sys_intvecs.obj         32      0         0      
       sys_phantom.obj         4       0         0      
    +--+-----------------------+-------+---------+---------+
       Total:                  26420   512       0      
                                                        
    C:/ti/ccs1010/ccs/tools/compiler/ti-cgt-arm_20.2.1.LTS/lib/rtsv7R4_A_le_v3D16_eabi.lib
       autoinit.c.obj          104     0         0      
       exit.c.obj              8       0         0      
    +--+-----------------------+-------+---------+---------+
       Total:                  112     0         0      
                                                        
    +--+-----------------------+-------+---------+---------+
       Grand Total:            26532   512       0      


GLOBAL SYMBOLS: SORTED ALPHABETICALLY BY Name 

address   name                                
-------   ----                                
00006794  C$$EXIT                             
00004bc0  IsdwdKeySequenceCorrect             
UNDEFED   SHT$$INIT_ARRAY$$Base               
UNDEFED   SHT$$INIT_ARRAY$$Limit              
UNDEFED   __TI_CINIT_Base                     
UNDEFED   __TI_CINIT_Limit                    
UNDEFED   __TI_Handler_Table_Base             
UNDEFED   __TI_Handler_Table_Limit            
00005c0c  __TI_PINIT_Base                     
00005c10  __TI_PINIT_Limit                    
000066e0  __TI_auto_init_nobinit_nopinit      
ffffffff  __TI_pprof_out_hndl                 
ffffffff  __TI_prof_data_size                 
ffffffff  __TI_prof_data_start                
00000000  __TI_static_base__                  
ffffffff  __binit__                           
ffffffff  __c_args__                          
08001500  __start___llvm_prf_cnts             
08001500  __stop___llvm_prf_cnts              
0000618c  _c_int00                            
00005b24  _coreClearAuxiliaryDataFault_       
00005b38  _coreClearAuxiliaryInstructionFault_
00005afc  _coreClearDataFaultAddress_         
00005ad4  _coreClearDataFault_                
00005b10  _coreClearInstructionFaultAddress_  
00005ae8  _coreClearInstructionFault_         
00005a68  _coreDisableEventBusExport_         
00005aac  _coreDisableFlashEcc_               
00005a88  _coreDisableRamEcc_                 
00005a58  _coreEnableEventBusExport_          
00005a98  _coreEnableFlashEcc_                
00005abc  _coreEnableIrqVicOffset_            
00005a78  _coreEnableRamEcc_                  
00005a40  _coreEnableVfp_                     
00005b1c  _coreGetAuxiliaryDataFault_         
00005b30  _coreGetAuxiliaryInstructionFault_  
00005af4  _coreGetDataFaultAddress_           
00005acc  _coreGetDataFault_                  
00005b08  _coreGetInstructionFaultAddress_    
00005ae0  _coreGetInstructionFault_           
000058c8  _coreInitRegisters_                 
000059d4  _coreInitStackPointer_              
000063f0  _dabort                             
00005b4c  _disable_FIQ_interrupt_             
00005b54  _disable_IRQ_interrupt_             
00005b44  _disable_interrupt_                 
00005b5c  _enable_interrupt_                  
00005bec  _errata_CORTEXR4_57_                
00005bfc  _errata_CORTEXR4_66_                
000041f0  _errata_SSWF021_45_both_plls        
000043e4  _errata_SSWF021_45_pll1             
0000455c  _errata_SSWF021_45_pll2             
00005b64  _esmCcmErrorsClear_                 
00005a20  _getCPSRValue_                      
00005a28  _gotoCPUIdle_                       
00006534  _pmuDisableCountersGlobal_          
00006524  _pmuEnableCountersGlobal_           
00006590  _pmuGetCycleCount_                  
00006598  _pmuGetEventCount_                  
000065a4  _pmuGetOverflow_                    
000064d8  _pmuInit_                           
00006564  _pmuResetCounters_                  
00006544  _pmuResetCycleCounter_              
00006554  _pmuResetEventCounters_             
00006584  _pmuSetCountEvent_                  
00006574  _pmuStartCounters_                  
0000657c  _pmuStopCounters_                   
UNDEFED   _system_post_cinit                  
00006794  abort                               
0000126c  adc1ParityCheck                     
00001358  adc2ParityCheck                     
ffffffff  binit                               
00000030  ccmSelfCheck                        
000020a4  ccmr4GetConfigValue                 
00000938  checkB0RAMECC                       
00000b28  checkB1RAMECC                       
0000167c  checkClockMonitor                   
00000d18  checkFlashECC                       
00001758  checkFlashEEPROMECC                 
00001908  checkPLL1Slip                       
00001a0c  checkRAMAddrParity                  
00001424  checkRAMECC                         
00001b0c  checkRAMUERRTest                    
000007bc  checkefcSelfTest                    
00000234  cpuSelfTest                         
00000dfc  cpuSelfTestFail                     
00002ef4  customTrimLPO                       
00000df4  custom_dabort                       
0000247c  disableParity                       
000066cc  dmaGroupANotification               
00000eac  dmaParityCheck                      
00004c28  dwdClearFlag                        
00004b5c  dwdCounterEnable                    
00004ba4  dwdGenerateSysReset                 
00004bf4  dwdGetStatus                        
00004c38  dwdGetViolationStatus               
00004ae0  dwdInit                             
00004b88  dwdReset                            
00004b6c  dwdSetPreload                       
00004b50  dwwdGetCurrentDownCounter           
00004b08  dwwdInit                            
00000660  efcCheck                            
0000200c  efcGetConfigValue                   
00000794  efcSelfTest                         
000006e8  efcStuckZeroTest                    
00002478  enableParity                        
00005f94  enter_doze                          
000060b0  enter_sleep                         
00006010  enter_snooze                        
00002114  errata_PBIST_4                      
0000500c  esmActivateNormalOperation          
000050e0  esmClearStatus                      
00005120  esmClearStatusBuffer                
00004fd4  esmDisableError                     
00005044  esmDisableInterrupt                 
00004fac  esmEnableError                      
0000501c  esmEnableInterrupt                  
00005218  esmEnterSelfTest                    
00004f90  esmError                            
000052f0  esmGetConfigValue                   
0000515c  esmGetStatus                        
000051e0  esmGetStatusBuffer                  
00006650  esmGroup1Notification               
00006660  esmGroup2Notification               
000062dc  esmHighInterrupt                    
00004e88  esmInit                             
000052a0  esmSelfTestStatus                   
0000513c  esmSetCounterPreloadValue           
0000506c  esmSetInterruptLevel                
00004ffc  esmTriggerErrorPinReset             
00001c78  fmcBus1ParityCheck                  
0000085c  fmcBus2Check                        
00000898  fmcECCcheck                         
000056a4  gioDisableNotification              
0000563c  gioEnableNotification               
000055a4  gioGetBit                           
0000570c  gioGetConfigValue                   
000055cc  gioGetPort                          
000065b8  gioHighLevelInterrupt               
00005444  gioInit                             
000066b8  gioNotification                     
00005534  gioSetBit                           
00005514  gioSetDirection                     
00005584  gioSetPort                          
000055e4  gioToggleBit                        
000067a0  handlePLLLockFail                   
00000f58  het1ParityCheck                     
000010c0  het2ParityCheck                     
00001004  htu1ParityCheck                     
000011bc  htu2ParityCheck                     
00005ee0  main                                
0000268c  mapClocks                           
00000174  memoryInit                          
00006670  memoryPort0TestFailNotification     
0000668c  memoryPort1TestFailNotification     
00003a10  muxInit                             
00001d98  pbistFail                           
00001e20  pbistGetConfigValue                 
000005a8  pbistIsTestCompleted                
000005d4  pbistIsTestPassed                   
00000608  pbistPortTestStatus                 
000004ac  pbistRun                            
000002cc  pbistSelfCheck                      
00000578  pbistStop                           
00002638  periphInit                          
0000679c  phantomInterrupt                    
00003dec  pinmuxGetConfigValue                
000060e0  post_wakeup                         
00000000  resetEntry                          
00006748  rtiCompare0Interrupt                
00004ce8  rtiDisableNotification              
00004cc0  rtiEnableNotification               
00004d04  rtiGetConfigValue                   
00004a54  rtiGetCurrentTick                   
00004a2c  rtiGetPeriod                        
00004854  rtiInit                             
000066a8  rtiNotification                     
000049a0  rtiResetCounter                     
00004a04  rtiSetPeriod                        
00004948  rtiStartCounter                     
00004974  rtiStopCounter                      
00000020  selftestFailNotification            
000025f8  setupFlash                          
00002534  setupPLL                            
00002db8  sramGetConfigValue                  
00001f68  stcGetConfigValue                   
000001b8  stcSelfCheck                        
00000df8  stcSelfCheckFail                    
00002830  systemGetConfigValue                
0000278c  systemInit                          
00002800  systemPowerDown                     
00002c0c  tcmflashGetConfigValue              
00002584  trimLPO                             
00003090  vimChannelMap                       
000032fc  vimDisableInterrupt                 
00003134  vimEnableInterrupt                  
000033a8  vimGetConfigValue                   
00002fbc  vimInit                             
00000e00  vimParityCheck                      
00005c14  vimParityErrorHandler               


GLOBAL SYMBOLS: SORTED BY Symbol Address 

address   name                                
-------   ----                                
00000000  __TI_static_base__                  
00000000  resetEntry                          
00000020  selftestFailNotification            
00000030  ccmSelfCheck                        
00000174  memoryInit                          
000001b8  stcSelfCheck                        
00000234  cpuSelfTest                         
000002cc  pbistSelfCheck                      
000004ac  pbistRun                            
00000578  pbistStop                           
000005a8  pbistIsTestCompleted                
000005d4  pbistIsTestPassed                   
00000608  pbistPortTestStatus                 
00000660  efcCheck                            
000006e8  efcStuckZeroTest                    
00000794  efcSelfTest                         
000007bc  checkefcSelfTest                    
0000085c  fmcBus2Check                        
00000898  fmcECCcheck                         
00000938  checkB0RAMECC                       
00000b28  checkB1RAMECC                       
00000d18  checkFlashECC                       
00000df4  custom_dabort                       
00000df8  stcSelfCheckFail                    
00000dfc  cpuSelfTestFail                     
00000e00  vimParityCheck                      
00000eac  dmaParityCheck                      
00000f58  het1ParityCheck                     
00001004  htu1ParityCheck                     
000010c0  het2ParityCheck                     
000011bc  htu2ParityCheck                     
0000126c  adc1ParityCheck                     
00001358  adc2ParityCheck                     
00001424  checkRAMECC                         
0000167c  checkClockMonitor                   
00001758  checkFlashEEPROMECC                 
00001908  checkPLL1Slip                       
00001a0c  checkRAMAddrParity                  
00001b0c  checkRAMUERRTest                    
00001c78  fmcBus1ParityCheck                  
00001d98  pbistFail                           
00001e20  pbistGetConfigValue                 
00001f68  stcGetConfigValue                   
0000200c  efcGetConfigValue                   
000020a4  ccmr4GetConfigValue                 
00002114  errata_PBIST_4                      
00002478  enableParity                        
0000247c  disableParity                       
00002534  setupPLL                            
00002584  trimLPO                             
000025f8  setupFlash                          
00002638  periphInit                          
0000268c  mapClocks                           
0000278c  systemInit                          
00002800  systemPowerDown                     
00002830  systemGetConfigValue                
00002c0c  tcmflashGetConfigValue              
00002db8  sramGetConfigValue                  
00002ef4  customTrimLPO                       
00002fbc  vimInit                             
00003090  vimChannelMap                       
00003134  vimEnableInterrupt                  
000032fc  vimDisableInterrupt                 
000033a8  vimGetConfigValue                   
00003a10  muxInit                             
00003dec  pinmuxGetConfigValue                
000041f0  _errata_SSWF021_45_both_plls        
000043e4  _errata_SSWF021_45_pll1             
0000455c  _errata_SSWF021_45_pll2             
00004854  rtiInit                             
00004948  rtiStartCounter                     
00004974  rtiStopCounter                      
000049a0  rtiResetCounter                     
00004a04  rtiSetPeriod                        
00004a2c  rtiGetPeriod                        
00004a54  rtiGetCurrentTick                   
00004ae0  dwdInit                             
00004b08  dwwdInit                            
00004b50  dwwdGetCurrentDownCounter           
00004b5c  dwdCounterEnable                    
00004b6c  dwdSetPreload                       
00004b88  dwdReset                            
00004ba4  dwdGenerateSysReset                 
00004bc0  IsdwdKeySequenceCorrect             
00004bf4  dwdGetStatus                        
00004c28  dwdClearFlag                        
00004c38  dwdGetViolationStatus               
00004cc0  rtiEnableNotification               
00004ce8  rtiDisableNotification              
00004d04  rtiGetConfigValue                   
00004e88  esmInit                             
00004f90  esmError                            
00004fac  esmEnableError                      
00004fd4  esmDisableError                     
00004ffc  esmTriggerErrorPinReset             
0000500c  esmActivateNormalOperation          
0000501c  esmEnableInterrupt                  
00005044  esmDisableInterrupt                 
0000506c  esmSetInterruptLevel                
000050e0  esmClearStatus                      
00005120  esmClearStatusBuffer                
0000513c  esmSetCounterPreloadValue           
0000515c  esmGetStatus                        
000051e0  esmGetStatusBuffer                  
00005218  esmEnterSelfTest                    
000052a0  esmSelfTestStatus                   
000052f0  esmGetConfigValue                   
00005444  gioInit                             
00005514  gioSetDirection                     
00005534  gioSetBit                           
00005584  gioSetPort                          
000055a4  gioGetBit                           
000055cc  gioGetPort                          
000055e4  gioToggleBit                        
0000563c  gioEnableNotification               
000056a4  gioDisableNotification              
0000570c  gioGetConfigValue                   
000058c8  _coreInitRegisters_                 
000059d4  _coreInitStackPointer_              
00005a20  _getCPSRValue_                      
00005a28  _gotoCPUIdle_                       
00005a40  _coreEnableVfp_                     
00005a58  _coreEnableEventBusExport_          
00005a68  _coreDisableEventBusExport_         
00005a78  _coreEnableRamEcc_                  
00005a88  _coreDisableRamEcc_                 
00005a98  _coreEnableFlashEcc_                
00005aac  _coreDisableFlashEcc_               
00005abc  _coreEnableIrqVicOffset_            
00005acc  _coreGetDataFault_                  
00005ad4  _coreClearDataFault_                
00005ae0  _coreGetInstructionFault_           
00005ae8  _coreClearInstructionFault_         
00005af4  _coreGetDataFaultAddress_           
00005afc  _coreClearDataFaultAddress_         
00005b08  _coreGetInstructionFaultAddress_    
00005b10  _coreClearInstructionFaultAddress_  
00005b1c  _coreGetAuxiliaryDataFault_         
00005b24  _coreClearAuxiliaryDataFault_       
00005b30  _coreGetAuxiliaryInstructionFault_  
00005b38  _coreClearAuxiliaryInstructionFault_
00005b44  _disable_interrupt_                 
00005b4c  _disable_FIQ_interrupt_             
00005b54  _disable_IRQ_interrupt_             
00005b5c  _enable_interrupt_                  
00005b64  _esmCcmErrorsClear_                 
00005bec  _errata_CORTEXR4_57_                
00005bfc  _errata_CORTEXR4_66_                
00005c0c  __TI_PINIT_Base                     
00005c10  __TI_PINIT_Limit                    
00005c14  vimParityErrorHandler               
00005ee0  main                                
00005f94  enter_doze                          
00006010  enter_snooze                        
000060b0  enter_sleep                         
000060e0  post_wakeup                         
0000618c  _c_int00                            
000062dc  esmHighInterrupt                    
000063f0  _dabort                             
000064d8  _pmuInit_                           
00006524  _pmuEnableCountersGlobal_           
00006534  _pmuDisableCountersGlobal_          
00006544  _pmuResetCycleCounter_              
00006554  _pmuResetEventCounters_             
00006564  _pmuResetCounters_                  
00006574  _pmuStartCounters_                  
0000657c  _pmuStopCounters_                   
00006584  _pmuSetCountEvent_                  
00006590  _pmuGetCycleCount_                  
00006598  _pmuGetEventCount_                  
000065a4  _pmuGetOverflow_                    
000065b8  gioHighLevelInterrupt               
00006650  esmGroup1Notification               
00006660  esmGroup2Notification               
00006670  memoryPort0TestFailNotification     
0000668c  memoryPort1TestFailNotification     
000066a8  rtiNotification                     
000066b8  gioNotification                     
000066cc  dmaGroupANotification               
000066e0  __TI_auto_init_nobinit_nopinit      
00006748  rtiCompare0Interrupt                
00006794  C$$EXIT                             
00006794  abort                               
0000679c  phantomInterrupt                    
000067a0  handlePLLLockFail                   
08001500  __start___llvm_prf_cnts             
08001500  __stop___llvm_prf_cnts              
ffffffff  __TI_pprof_out_hndl                 
ffffffff  __TI_prof_data_size                 
ffffffff  __TI_prof_data_start                
ffffffff  __binit__                           
ffffffff  __c_args__                          
ffffffff  binit                               
UNDEFED   SHT$$INIT_ARRAY$$Base               
UNDEFED   SHT$$INIT_ARRAY$$Limit              
UNDEFED   __TI_CINIT_Base                     
UNDEFED   __TI_CINIT_Limit                    
UNDEFED   __TI_Handler_Table_Base             
UNDEFED   __TI_Handler_Table_Limit            
UNDEFED   _system_post_cinit                  

[200 symbols]
