******************************************************************************
                  TI ARM Linker PC v18.1.0                     
******************************************************************************
>> Linked Sat Feb 24 17:13:08 2018

OUTPUT FILE NAME:   <sdCard.out>
ENTRY POINT SYMBOL: "_c_int00"  address: 00005c10


MEMORY CONFIGURATION

         name            origin    length      used     unused   attr    fill
----------------------  --------  ---------  --------  --------  ----  --------
  VECTORS               00000000   00000020  00000020  00000000     X
  FLASH0                00000020   001fffe0  00005fe8  001f9ff8  R  X
  FLASH1                00200000   00200000  00000000  00200000  R  X
  STACKS                08000000   00001500  00000000  00001500  RW  
  RAM                   08001500   0007eb00  00000060  0007eaa0  RW  


SEGMENT ALLOCATION MAP

run origin  load origin   length   init length attrs members
----------  ----------- ---------- ----------- ----- -------
00000000    00000000    0000600c   0000600c    r-x
  00000000    00000000    00000020   00000020    r-x .intvecs
  00000020    00000020    00005dbc   00005dbc    r-x .text
  00005de0    00005de0    00000200   00000200    r-- .const
  00005fe0    00005fe0    0000002c   0000002c    r-- .cinit
08001500    08001500    00000060   00000000    rw-
  08001500    08001500    00000060   00000000    rw- .data


SECTION ALLOCATION MAP

 output                                  attributes/
section   page    origin      length       input sections
--------  ----  ----------  ----------   ----------------
.intvecs   0    00000000    00000020     
                  00000000    00000020     HL_sys_intvecs.obj (.intvecs)

.text      0    00000020    00005dbc     
                  00000020    00002118     HL_mibspi.obj (.text)
                  00002138    000009cc     HL_pinmux.obj (.text)
                  00002b04    0000095c     HL_system.obj (.text)
                  00003460    00000940     HL_sys_vim.obj (.text)
                  00003da0    000007bc     HL_mibspi.obj (.text:retain)
                  0000455c    0000078c     HL_esm.obj (.text)
                  00004ce8    000003c4     HL_sys_core.obj (.text)
                  000050ac    0000036c     HL_sys_mpu.obj (.text)
                  00005418    0000033c     HL_sys_vim.obj (.text:retain)
                  00005754    00000180     rtsv7R4_A_le_v3D16_eabi.lib : memcpy32.asm.obj (.text)
                  000058d4    00000178     HL_esm.obj (.text:retain)
                  00005a4c    00000100     HL_sys_main.obj (.text)
                  00005b4c    000000c4     HL_notification.obj (.text)
                  00005c10    000000b4     HL_sys_startup.obj (.text:retain)
                  00005cc4    00000090     rtsv7R4_A_le_v3D16_eabi.lib : copy_decompress_lzss.c.obj (.text:decompress:lzss:__TI_decompress_lzss)
                  00005d54    00000068                                 : autoinit.c.obj (.text:__TI_auto_init_nobinit_nopinit:__TI_auto_init_nobinit_nopinit)
                  00005dbc    00000014                                 : copy_decompress_none.c.obj (.text:decompress:none:__TI_decompress_none)
                  00005dd0    00000008                                 : exit.c.obj (.text:abort:abort)
                  00005dd8    00000004     HL_sys_phantom.obj (.text:retain)

.const     0    00005de0    00000200     
                  00005de0    00000200     HL_sys_vim.obj (.const:s_vim_init)

.cinit     0    00005fe0    0000002c     
                  00005fe0    0000001a     (.cinit..data.load) [load image, compression = lzss]
                  00005ffa    00000002     --HOLE-- [fill = 0]
                  00005ffc    00000008     (__TI_handler_table)
                  00006004    00000008     (__TI_cinit_table)

.data      0    08001500    00000060     UNINITIALIZED
                  08001500    00000010     HL_sys_main.obj (.data:rx_data1)
                  08001510    00000010     HL_sys_main.obj (.data:rx_data2)
                  08001520    00000010     HL_sys_main.obj (.data:rx_data3)
                  08001530    00000010     HL_sys_main.obj (.data:rx_data4)
                  08001540    00000010     HL_sys_main.obj (.data:rx_data5)
                  08001550    00000010     HL_sys_main.obj (.data:tx_data3)

MODULE SUMMARY

       Module                       code    ro data   rw data
       ------                       ----    -------   -------
    .\source\
       HL_mibspi.obj                10452   0         0      
       HL_sys_vim.obj               3196    512       0      
       HL_pinmux.obj                2508    0         0      
       HL_system.obj                2396    0         0      
       HL_esm.obj                   2308    0         0      
       HL_sys_core.obj              964     0         0      
       HL_sys_mpu.obj               876     0         0      
       HL_sys_main.obj              256     0         96     
       HL_notification.obj          196     0         0      
       HL_sys_startup.obj           180     0         0      
       HL_sys_intvecs.obj           32      0         0      
       HL_sys_phantom.obj           4       0         0      
    +--+----------------------------+-------+---------+---------+
       Total:                       23368   512       96     
                                                             
    C:\ti\ccsv7\tools\compiler\ti-cgt-arm_18.1.0.LTS\lib\rtsv7R4_A_le_v3D16_eabi.lib
       memcpy32.asm.obj             384     0         0      
       copy_decompress_lzss.c.obj   144     0         0      
       autoinit.c.obj               104     0         0      
       copy_decompress_none.c.obj   20      0         0      
       exit.c.obj                   8       0         0      
    +--+----------------------------+-------+---------+---------+
       Total:                       660     0         0      
                                                             
       Linker Generated:            0       42        0      
    +--+----------------------------+-------+---------+---------+
       Grand Total:                 24028   554       96     


LINKER GENERATED COPY TABLES

__TI_cinit_table @ 00006004 records: 1, size/record: 8, table size: 8
	.data: load addr=00005fe0, load size=0000001a bytes, run addr=08001500, run size=00000060 bytes, compression=lzss


LINKER GENERATED HANDLER TABLE

__TI_handler_table @ 00005ffc records: 2, size/record: 4, table size: 8
	index: 0, handler: __TI_decompress_lzss
	index: 1, handler: __TI_decompress_none


GLOBAL SYMBOLS: SORTED ALPHABETICALLY BY Name 

address   name                                
-------   ----                                
00005dd0  C$$EXIT                             
UNDEFED   SHT$$INIT_ARRAY$$Base               
UNDEFED   SHT$$INIT_ARRAY$$Limit              
00006004  __TI_CINIT_Base                     
0000600c  __TI_CINIT_Limit                    
00005ffc  __TI_Handler_Table_Base             
00006004  __TI_Handler_Table_Limit            
000050a4  __TI_PINIT_Base                     
000050a8  __TI_PINIT_Limit                    
00005d54  __TI_auto_init_nobinit_nopinit      
00005cc4  __TI_decompress_lzss                
00005dbc  __TI_decompress_none                
ffffffff  __TI_pprof_out_hndl                 
ffffffff  __TI_prof_data_size                 
ffffffff  __TI_prof_data_start                
00000000  __TI_static_base__                  
00005754  __aeabi_memcpy                      
00005754  __aeabi_memcpy4                     
00005754  __aeabi_memcpy8                     
ffffffff  __binit__                           
ffffffff  __c_args__                          
00005c10  _c_int00                            
00005058  _cacheDisable_                      
00005014  _cacheEnable_                       
00004ff4  _checkMemInitOn_                    
00004f00  _coreClearAuxiliaryDataFault_       
00004f14  _coreClearAuxiliaryInstructionFault_
00004ed8  _coreClearDataFaultAddress_         
00004eb0  _coreClearDataFault_                
00004eec  _coreClearInstructionFaultAddress_  
00004ec4  _coreClearInstructionFault_         
00004e88  _coreDisableEventBusExport_         
00004e78  _coreEnableEventBusExport_          
00004e98  _coreEnableIrqVicOffset_            
00004e60  _coreEnableVfp_                     
00004ef8  _coreGetAuxiliaryDataFault_         
00004f0c  _coreGetAuxiliaryInstructionFault_  
00004ed0  _coreGetDataFaultAddress_           
00004ea8  _coreGetDataFault_                  
00004ee4  _coreGetInstructionFaultAddress_    
00004ebc  _coreGetInstructionFault_           
00004ce8  _coreInitRegisters_                 
00004df4  _coreInitStackPointer_              
0000507c  _dCacheInvalidate_                  
00004f20  _disable_IRQ_interrupt_             
00004f28  _enable_IRQ_interrupt_              
00004f30  _enable_interrupt_                  
00004f38  _esmCcmErrorsClear_                 
00004e40  _getCPSRValue_                      
00004e48  _gotoCPUIdle_                       
00005090  _iCacheInvalidate_                  
00004fc0  _memInit_                           
000053c0  _mpuAreRegionsSeparate_             
000053a4  _mpuDisableBackgroundRegion_        
0000537c  _mpuDisable_                        
00005394  _mpuEnableBackgroundRegion_         
00005364  _mpuEnable_                         
000053b4  _mpuGetNumberOfRegions_             
000053e4  _mpuGetRegionBaseAddress_           
00005404  _mpuGetRegionPermission_            
000053f8  _mpuGetRegionType_                  
000053d4  _mpuGetRegion_                      
000050ac  _mpuInit_                           
000053dc  _mpuSetRegionBaseAddress_           
00005410  _mpuSetRegionSizeRegister_          
000053ec  _mpuSetRegionTypeAndPermission_     
000053cc  _mpuSetRegion_                      
UNDEFED   _system_post_cinit                  
00005dd0  abort                               
ffffffff  binit                               
00005b84  dmaGroupANotification               
00005bfc  epcCAMFullNotification              
00005c00  epcFIFOFullNotification             
0000476c  esmActivateNormalOperation          
000048b8  esmClearStatus                      
0000491c  esmClearStatusBuffer                
000048f8  esmClearStatusUpper                 
00004718  esmDisableError                     
00004740  esmDisableErrorUpper                
000047c0  esmDisableInterrupt                 
000047e8  esmDisableInterruptUpper            
000046d4  esmEnableError                      
000046fc  esmEnableErrorUpper                 
0000477c  esmEnableInterrupt                  
000047a4  esmEnableInterruptUpper             
00004a4c  esmEnterSelfTest                    
000046b8  esmError                            
00004b24  esmGetConfigValue                   
00004958  esmGetStatus                        
00004a24  esmGetStatusBuffer                  
000049dc  esmGetStatusUpper                   
00005b4c  esmGroup1Notification               
00005b60  esmGroup2Notification               
00005b74  esmGroup3Notification               
000058d4  esmHighInterrupt                    
0000455c  esmInit                             
00004ad4  esmSelfTestStatus                   
00004938  esmSetCounterPreloadValue           
00004804  esmSetInterruptLevel                
00004878  esmSetInterruptLevelUpper           
0000475c  esmTriggerErrorPinReset             
00002e70  getResetSource                      
00005bac  gioNotification                     
00005a4c  main                                
00002ca0  mapClocks                           
00005754  memcpy                              
000011b0  mibspi1GetConfigValue               
00003da0  mibspi1HighLevelInterrupt           
00003e5c  mibspi1LowLevelInterrupt            
00001538  mibspi2GetConfigValue               
00003fd4  mibspi2LowLevelInterrupt            
000018a8  mibspi3GetConfigValue               
00004090  mibspi3HighInterruptLevel           
0000414c  mibspi3LowLevelInterrupt            
00001b80  mibspi4GetConfigValue               
00004208  mibspi4HighLevelInterrupt           
000042c4  mibspi4LowLevelInterrupt            
00001e44  mibspi5GetConfigValue               
00004380  mibspi5HighLevelInterrupt           
0000443c  mibspi5LowLevelInterrupt            
000010c0  mibspiDisableGroupNotification      
00000f9c  mibspiDisableLoopback               
00001028  mibspiEnableGroupNotification       
00000f68  mibspiEnableLoopback                
00000d50  mibspiGetData                       
00005a88  mibspiGroupNotification             
00000020  mibspiInit                          
00000b80  mibspiIsBuffInitialized             
00000efc  mibspiIsTransferComplete            
00005bc0  mibspiNotification                  
00000bb8  mibspiOutofReset                    
00000fb8  mibspiPmodeSet                      
00000bd8  mibspiReset                         
00000c14  mibspiSetData                       
00000bf4  mibspiSetFunctional                 
00000ecc  mibspiTransfer                      
00002138  muxInit                             
00002bec  periphInit                          
00005dd8  phantomInterrupt                    
00000000  resetEntry                          
00005b98  rtiNotification                     
08001500  rx_data1                            
08001510  rx_data2                            
08001520  rx_data3                            
08001530  rx_data4                            
08001540  rx_data5                            
00005be8  sciNotification                     
00002bac  setupFlash                          
00002b04  setupPLL                            
00003f18  spi2HighLevelInterrupt              
00002f98  systemGetConfigValue                
00002dcc  systemInit                          
00002e40  systemPowerDown                     
00002b64  trimLPO                             
08001550  tx_data3                            
00003534  vimChannelMap                       
000037a0  vimDisableInterrupt                 
00005418  vimECCErrorHandler                  
000035d8  vimEnableInterrupt                  
0000384c  vimGetConfigValue                   
00003460  vimInit                             


GLOBAL SYMBOLS: SORTED BY Symbol Address 

address   name                                
-------   ----                                
00000000  __TI_static_base__                  
00000000  resetEntry                          
00000020  mibspiInit                          
00000b80  mibspiIsBuffInitialized             
00000bb8  mibspiOutofReset                    
00000bd8  mibspiReset                         
00000bf4  mibspiSetFunctional                 
00000c14  mibspiSetData                       
00000d50  mibspiGetData                       
00000ecc  mibspiTransfer                      
00000efc  mibspiIsTransferComplete            
00000f68  mibspiEnableLoopback                
00000f9c  mibspiDisableLoopback               
00000fb8  mibspiPmodeSet                      
00001028  mibspiEnableGroupNotification       
000010c0  mibspiDisableGroupNotification      
000011b0  mibspi1GetConfigValue               
00001538  mibspi2GetConfigValue               
000018a8  mibspi3GetConfigValue               
00001b80  mibspi4GetConfigValue               
00001e44  mibspi5GetConfigValue               
00002138  muxInit                             
00002b04  setupPLL                            
00002b64  trimLPO                             
00002bac  setupFlash                          
00002bec  periphInit                          
00002ca0  mapClocks                           
00002dcc  systemInit                          
00002e40  systemPowerDown                     
00002e70  getResetSource                      
00002f98  systemGetConfigValue                
00003460  vimInit                             
00003534  vimChannelMap                       
000035d8  vimEnableInterrupt                  
000037a0  vimDisableInterrupt                 
0000384c  vimGetConfigValue                   
00003da0  mibspi1HighLevelInterrupt           
00003e5c  mibspi1LowLevelInterrupt            
00003f18  spi2HighLevelInterrupt              
00003fd4  mibspi2LowLevelInterrupt            
00004090  mibspi3HighInterruptLevel           
0000414c  mibspi3LowLevelInterrupt            
00004208  mibspi4HighLevelInterrupt           
000042c4  mibspi4LowLevelInterrupt            
00004380  mibspi5HighLevelInterrupt           
0000443c  mibspi5LowLevelInterrupt            
0000455c  esmInit                             
000046b8  esmError                            
000046d4  esmEnableError                      
000046fc  esmEnableErrorUpper                 
00004718  esmDisableError                     
00004740  esmDisableErrorUpper                
0000475c  esmTriggerErrorPinReset             
0000476c  esmActivateNormalOperation          
0000477c  esmEnableInterrupt                  
000047a4  esmEnableInterruptUpper             
000047c0  esmDisableInterrupt                 
000047e8  esmDisableInterruptUpper            
00004804  esmSetInterruptLevel                
00004878  esmSetInterruptLevelUpper           
000048b8  esmClearStatus                      
000048f8  esmClearStatusUpper                 
0000491c  esmClearStatusBuffer                
00004938  esmSetCounterPreloadValue           
00004958  esmGetStatus                        
000049dc  esmGetStatusUpper                   
00004a24  esmGetStatusBuffer                  
00004a4c  esmEnterSelfTest                    
00004ad4  esmSelfTestStatus                   
00004b24  esmGetConfigValue                   
00004ce8  _coreInitRegisters_                 
00004df4  _coreInitStackPointer_              
00004e40  _getCPSRValue_                      
00004e48  _gotoCPUIdle_                       
00004e60  _coreEnableVfp_                     
00004e78  _coreEnableEventBusExport_          
00004e88  _coreDisableEventBusExport_         
00004e98  _coreEnableIrqVicOffset_            
00004ea8  _coreGetDataFault_                  
00004eb0  _coreClearDataFault_                
00004ebc  _coreGetInstructionFault_           
00004ec4  _coreClearInstructionFault_         
00004ed0  _coreGetDataFaultAddress_           
00004ed8  _coreClearDataFaultAddress_         
00004ee4  _coreGetInstructionFaultAddress_    
00004eec  _coreClearInstructionFaultAddress_  
00004ef8  _coreGetAuxiliaryDataFault_         
00004f00  _coreClearAuxiliaryDataFault_       
00004f0c  _coreGetAuxiliaryInstructionFault_  
00004f14  _coreClearAuxiliaryInstructionFault_
00004f20  _disable_IRQ_interrupt_             
00004f28  _enable_IRQ_interrupt_              
00004f30  _enable_interrupt_                  
00004f38  _esmCcmErrorsClear_                 
00004fc0  _memInit_                           
00004ff4  _checkMemInitOn_                    
00005014  _cacheEnable_                       
00005058  _cacheDisable_                      
0000507c  _dCacheInvalidate_                  
00005090  _iCacheInvalidate_                  
000050a4  __TI_PINIT_Base                     
000050a8  __TI_PINIT_Limit                    
000050ac  _mpuInit_                           
00005364  _mpuEnable_                         
0000537c  _mpuDisable_                        
00005394  _mpuEnableBackgroundRegion_         
000053a4  _mpuDisableBackgroundRegion_        
000053b4  _mpuGetNumberOfRegions_             
000053c0  _mpuAreRegionsSeparate_             
000053cc  _mpuSetRegion_                      
000053d4  _mpuGetRegion_                      
000053dc  _mpuSetRegionBaseAddress_           
000053e4  _mpuGetRegionBaseAddress_           
000053ec  _mpuSetRegionTypeAndPermission_     
000053f8  _mpuGetRegionType_                  
00005404  _mpuGetRegionPermission_            
00005410  _mpuSetRegionSizeRegister_          
00005418  vimECCErrorHandler                  
00005754  __aeabi_memcpy                      
00005754  __aeabi_memcpy4                     
00005754  __aeabi_memcpy8                     
00005754  memcpy                              
000058d4  esmHighInterrupt                    
00005a4c  main                                
00005a88  mibspiGroupNotification             
00005b4c  esmGroup1Notification               
00005b60  esmGroup2Notification               
00005b74  esmGroup3Notification               
00005b84  dmaGroupANotification               
00005b98  rtiNotification                     
00005bac  gioNotification                     
00005bc0  mibspiNotification                  
00005be8  sciNotification                     
00005bfc  epcCAMFullNotification              
00005c00  epcFIFOFullNotification             
00005c10  _c_int00                            
00005cc4  __TI_decompress_lzss                
00005d54  __TI_auto_init_nobinit_nopinit      
00005dbc  __TI_decompress_none                
00005dd0  C$$EXIT                             
00005dd0  abort                               
00005dd8  phantomInterrupt                    
00005ffc  __TI_Handler_Table_Base             
00006004  __TI_CINIT_Base                     
00006004  __TI_Handler_Table_Limit            
0000600c  __TI_CINIT_Limit                    
08001500  rx_data1                            
08001510  rx_data2                            
08001520  rx_data3                            
08001530  rx_data4                            
08001540  rx_data5                            
08001550  tx_data3                            
ffffffff  __TI_pprof_out_hndl                 
ffffffff  __TI_prof_data_size                 
ffffffff  __TI_prof_data_start                
ffffffff  __binit__                           
ffffffff  __c_args__                          
ffffffff  binit                               
UNDEFED   SHT$$INIT_ARRAY$$Base               
UNDEFED   SHT$$INIT_ARRAY$$Limit              
UNDEFED   _system_post_cinit                  

[161 symbols]
