******************************************************************************
                  TI ARM Linker PC v20.2.2                     
******************************************************************************
>> Linked Fri Feb 19 10:11:40 2021

OUTPUT FILE NAME:   <SCI_UART.out>
ENTRY POINT SYMBOL: "_c_int00"  address: 00004c30


MEMORY CONFIGURATION

         name            origin    length      used     unused   attr    fill
----------------------  --------  ---------  --------  --------  ----  --------
  VECTORS               00000000   00000020  00000020  00000000     X
  FLASH0                00000020   001fffe0  000050f0  001faef0  R  X
  FLASH1                00200000   00200000  00000000  00200000  R  X
  STACKS                08000000   00001500  00000000  00001500  RW  
  RAM                   08001500   0007eb00  00000050  0007eab0  RW  


SEGMENT ALLOCATION MAP

run origin  load origin   length   init length attrs members
----------  ----------- ---------- ----------- ----- -------
00000000    00000000    00005114   00005114    r-x
  00000000    00000000    00000020   00000020    r-x .intvecs
  00000020    00000020    00004edc   00004edc    r-x .text
  00004f00    00004f00    00000200   00000200    r-- .const
  00005100    00005100    00000014   00000014    r-- .cinit
08001500    08001500    00000050   00000000    rw-
  08001500    08001500    00000050   00000000    rw- .bss


SECTION ALLOCATION MAP

 output                                  attributes/
section   page    origin      length       input sections
--------  ----  ----------  ----------   ----------------
.intvecs   0    00000000    00000020     
                  00000000    00000020     HL_sys_intvecs.obj (.intvecs)

.text      0    00000020    00004edc     
                  00000020    00000ff4     HL_sci.obj (.text)
                  00001014    000009c0     HL_pinmux.obj (.text)
                  000019d4    00000998     HL_system.obj (.text)
                  0000236c    00000938     HL_sys_vim.obj (.text)
                  00002ca4    0000078c     HL_esm.obj (.text)
                  00003430    00000664     HL_errata_SSWF021_45.obj (.text)
                  00003a94    00000484     HL_gio.obj (.text)
                  00003f18    000003c4     HL_sys_core.obj (.text)
                  000042dc    0000036c     HL_sys_mpu.obj (.text)
                  00004648    0000033c     HL_sys_vim.obj (.text:retain)
                  00004984    00000178     HL_esm.obj (.text:retain)
                  00004afc    00000134     rtsv7R4_A_le_v3D16_eabi.lib : s_floor.c.obj (.text:floor)
                  00004c30    000000d8     HL_sys_startup.obj (.text:retain)
                  00004d08    000000b8     HL_sys_main.obj (.text)
                  00004dc0    0000009c     HL_notification.obj (.text)
                  00004e5c    00000068     rtsv7R4_A_le_v3D16_eabi.lib : autoinit.c.obj (.text:__TI_auto_init_nobinit_nopinit:__TI_auto_init_nobinit_nopinit)
                  00004ec4    00000028                                 : copy_zero_init.c.obj (.text:decompress:ZI:__TI_zero_init_nomemset:__TI_zero_init_nomemset)
                  00004eec    00000008                                 : exit.c.obj (.text:abort:abort)
                  00004ef4    00000004     HL_sys_startup.obj (.text)
                  00004ef8    00000004     HL_sys_phantom.obj (.text:retain)

.const     0    00004f00    00000200     
                  00004f00    00000200     HL_sys_vim.obj (.const:s_vim_init)

.cinit     0    00005100    00000014     
                  00005100    00000008     (.cinit..bss.load) [load image, compression = zero_init]
                  00005108    00000004     (__TI_handler_table)
                  0000510c    00000008     (__TI_cinit_table)

.bss       0    08001500    00000050     UNINITIALIZED
                  08001500    00000050     HL_sci.obj (.bss:g_sciTransfer_t)

__llvm_prf_cnts 
*          0    08001500    00000000     UNINITIALIZED

MODULE SUMMARY

       Module                     code    ro data   rw data
       ------                     ----    -------   -------
    .\source\
       HL_sci.obj                 4084    0         80     
       HL_sys_vim.obj             3188    512       0      
       HL_pinmux.obj              2496    0         0      
       HL_system.obj              2456    0         0      
       HL_esm.obj                 2308    0         0      
       HL_errata_SSWF021_45.obj   1636    0         0      
       HL_gio.obj                 1156    0         0      
       HL_sys_core.obj            964     0         0      
       HL_sys_mpu.obj             876     0         0      
       HL_sys_startup.obj         220     0         0      
       HL_sys_main.obj            184     0         0      
       HL_notification.obj        156     0         0      
       HL_sys_intvecs.obj         32      0         0      
       HL_sys_phantom.obj         4       0         0      
    +--+--------------------------+-------+---------+---------+
       Total:                     19760   512       80     
                                                           
    C:\ti\ccs1020\ccs\tools\compiler\ti-cgt-arm_20.2.2.LTS\lib\rtsv7R4_A_le_v3D16_eabi.lib
       s_floor.c.obj              308     0         0      
       autoinit.c.obj             104     0         0      
       copy_zero_init.c.obj       40      0         0      
       exit.c.obj                 8       0         0      
    +--+--------------------------+-------+---------+---------+
       Total:                     460     0         0      
                                                           
       Linker Generated:          0       20        0      
    +--+--------------------------+-------+---------+---------+
       Grand Total:               20220   532       80     


LINKER GENERATED COPY TABLES

__TI_cinit_table @ 0000510c records: 1, size/record: 8, table size: 8
	.bss: load addr=00005100, load size=00000008 bytes, run addr=08001500, run size=00000050 bytes, compression=zero_init


LINKER GENERATED HANDLER TABLE

__TI_handler_table @ 00005108 records: 1, size/record: 4, table size: 4
	index: 0, handler: __TI_zero_init


GLOBAL SYMBOLS: SORTED ALPHABETICALLY BY Name 

address   name                                
-------   ----                                
00004eec  C$$EXIT                             
UNDEFED   SHT$$INIT_ARRAY$$Base               
UNDEFED   SHT$$INIT_ARRAY$$Limit              
0000510c  __TI_CINIT_Base                     
00005114  __TI_CINIT_Limit                    
00005108  __TI_Handler_Table_Base             
0000510c  __TI_Handler_Table_Limit            
000042d4  __TI_PINIT_Base                     
000042d8  __TI_PINIT_Limit                    
00004e5c  __TI_auto_init_nobinit_nopinit      
ffffffff  __TI_pprof_out_hndl                 
ffffffff  __TI_prof_data_size                 
ffffffff  __TI_prof_data_start                
00000000  __TI_static_base__                  
00004ec4  __TI_zero_init_nomemset             
ffffffff  __binit__                           
ffffffff  __c_args__                          
08001500  __start___llvm_prf_cnts             
08001500  __stop___llvm_prf_cnts              
00004c30  _c_int00                            
00004288  _cacheDisable_                      
00004244  _cacheEnable_                       
00004224  _checkMemInitOn_                    
00004130  _coreClearAuxiliaryDataFault_       
00004144  _coreClearAuxiliaryInstructionFault_
00004108  _coreClearDataFaultAddress_         
000040e0  _coreClearDataFault_                
0000411c  _coreClearInstructionFaultAddress_  
000040f4  _coreClearInstructionFault_         
000040b8  _coreDisableEventBusExport_         
000040a8  _coreEnableEventBusExport_          
000040c8  _coreEnableIrqVicOffset_            
00004090  _coreEnableVfp_                     
00004128  _coreGetAuxiliaryDataFault_         
0000413c  _coreGetAuxiliaryInstructionFault_  
00004100  _coreGetDataFaultAddress_           
000040d8  _coreGetDataFault_                  
00004114  _coreGetInstructionFaultAddress_    
000040ec  _coreGetInstructionFault_           
00003f18  _coreInitRegisters_                 
00004024  _coreInitStackPointer_              
000042ac  _dCacheInvalidate_                  
00004150  _disable_IRQ_interrupt_             
00004158  _enable_IRQ_interrupt_              
00004160  _enable_interrupt_                  
00003430  _errata_SSWF021_45_both_plls        
00003624  _errata_SSWF021_45_pll1             
0000379c  _errata_SSWF021_45_pll2             
00004168  _esmCcmErrorsClear_                 
00004070  _getCPSRValue_                      
00004078  _gotoCPUIdle_                       
000042c0  _iCacheInvalidate_                  
000041f0  _memInit_                           
000045f0  _mpuAreRegionsSeparate_             
000045d4  _mpuDisableBackgroundRegion_        
000045ac  _mpuDisable_                        
000045c4  _mpuEnableBackgroundRegion_         
00004594  _mpuEnable_                         
000045e4  _mpuGetNumberOfRegions_             
00004614  _mpuGetRegionBaseAddress_           
00004634  _mpuGetRegionPermission_            
00004628  _mpuGetRegionType_                  
00004604  _mpuGetRegion_                      
000042dc  _mpuInit_                           
0000460c  _mpuSetRegionBaseAddress_           
00004640  _mpuSetRegionSizeRegister_          
0000461c  _mpuSetRegionTypeAndPermission_     
000045fc  _mpuSetRegion_                      
UNDEFED   _system_post_cinit                  
00004eec  abort                               
ffffffff  binit                               
000022c4  customTrimLPO                       
00004df8  dmaGroupANotification               
00004e48  epcCAMFullNotification              
00004e4c  epcFIFOFullNotification             
00002eb4  esmActivateNormalOperation          
00003000  esmClearStatus                      
00003064  esmClearStatusBuffer                
00003040  esmClearStatusUpper                 
00002e60  esmDisableError                     
00002e88  esmDisableErrorUpper                
00002f08  esmDisableInterrupt                 
00002f30  esmDisableInterruptUpper            
00002e1c  esmEnableError                      
00002e44  esmEnableErrorUpper                 
00002ec4  esmEnableInterrupt                  
00002eec  esmEnableInterruptUpper             
00003194  esmEnterSelfTest                    
00002e00  esmError                            
0000326c  esmGetConfigValue                   
000030a0  esmGetStatus                        
0000316c  esmGetStatusBuffer                  
00003124  esmGetStatusUpper                   
00004dc0  esmGroup1Notification               
00004dd4  esmGroup2Notification               
00004de8  esmGroup3Notification               
00004984  esmHighInterrupt                    
00002ca4  esmInit                             
0000321c  esmSelfTestStatus                   
00003080  esmSetCounterPreloadValue           
00002f4c  esmSetInterruptLevel                
00002fc0  esmSetInterruptLevelUpper           
00002ea4  esmTriggerErrorPinReset             
00004afc  floor                               
00004afc  floorl                              
00001d6c  getResetSource                      
00003cf4  gioDisableNotification              
00003c8c  gioEnableNotification               
00003bf4  gioGetBit                           
00003d5c  gioGetConfigValue                   
00003c1c  gioGetPort                          
00003a94  gioInit                             
00004e20  gioNotification                     
00003b84  gioSetBit                           
00003b64  gioSetDirection                     
00003bd4  gioSetPort                          
00003c34  gioToggleBit                        
00004ef4  handlePLLLockFail                   
00004d08  main                                
00001b9c  mapClocks                           
00001014  muxInit                             
00001ae8  periphInit                          
00004ef8  phantomInterrupt                    
00000000  resetEntry                          
00004e0c  rtiNotification                     
00000994  sci1GetConfigValue                  
00000aec  sci2GetConfigValue                  
00000c44  sci3GetConfigValue                  
00000d9c  sci4GetConfigValue                  
00000808  sciDisableLoopback                  
000008bc  sciDisableNotification              
000007d4  sciEnableLoopback                   
00000824  sciEnableNotification               
00000954  sciEnterResetState                  
00000974  sciExitResetState                   
00000020  sciInit                             
0000064c  sciIsIdleDetected                   
00000630  sciIsRxReady                        
00000480  sciIsTxReady                        
00004e34  sciNotification                     
000006c4  sciReceive                          
00000698  sciReceiveByte                      
00000668  sciRxError                          
000004cc  sciSend                             
0000049c  sciSendByte                         
000003e4  sciSetBaudrate                      
000003c4  sciSetFunctional                    
00001aa8  setupFlash                          
000019d4  setupPLL                            
00001e94  systemGetConfigValue                
00001cc8  systemInit                          
00001d3c  systemPowerDown                     
00001a34  trimLPO                             
00002440  vimChannelMap                       
000026ac  vimDisableInterrupt                 
00004648  vimECCErrorHandler                  
000024e4  vimEnableInterrupt                  
00002758  vimGetConfigValue                   
0000236c  vimInit                             


GLOBAL SYMBOLS: SORTED BY Symbol Address 

address   name                                
-------   ----                                
00000000  __TI_static_base__                  
00000000  resetEntry                          
00000020  sciInit                             
000003c4  sciSetFunctional                    
000003e4  sciSetBaudrate                      
00000480  sciIsTxReady                        
0000049c  sciSendByte                         
000004cc  sciSend                             
00000630  sciIsRxReady                        
0000064c  sciIsIdleDetected                   
00000668  sciRxError                          
00000698  sciReceiveByte                      
000006c4  sciReceive                          
000007d4  sciEnableLoopback                   
00000808  sciDisableLoopback                  
00000824  sciEnableNotification               
000008bc  sciDisableNotification              
00000954  sciEnterResetState                  
00000974  sciExitResetState                   
00000994  sci1GetConfigValue                  
00000aec  sci2GetConfigValue                  
00000c44  sci3GetConfigValue                  
00000d9c  sci4GetConfigValue                  
00001014  muxInit                             
000019d4  setupPLL                            
00001a34  trimLPO                             
00001aa8  setupFlash                          
00001ae8  periphInit                          
00001b9c  mapClocks                           
00001cc8  systemInit                          
00001d3c  systemPowerDown                     
00001d6c  getResetSource                      
00001e94  systemGetConfigValue                
000022c4  customTrimLPO                       
0000236c  vimInit                             
00002440  vimChannelMap                       
000024e4  vimEnableInterrupt                  
000026ac  vimDisableInterrupt                 
00002758  vimGetConfigValue                   
00002ca4  esmInit                             
00002e00  esmError                            
00002e1c  esmEnableError                      
00002e44  esmEnableErrorUpper                 
00002e60  esmDisableError                     
00002e88  esmDisableErrorUpper                
00002ea4  esmTriggerErrorPinReset             
00002eb4  esmActivateNormalOperation          
00002ec4  esmEnableInterrupt                  
00002eec  esmEnableInterruptUpper             
00002f08  esmDisableInterrupt                 
00002f30  esmDisableInterruptUpper            
00002f4c  esmSetInterruptLevel                
00002fc0  esmSetInterruptLevelUpper           
00003000  esmClearStatus                      
00003040  esmClearStatusUpper                 
00003064  esmClearStatusBuffer                
00003080  esmSetCounterPreloadValue           
000030a0  esmGetStatus                        
00003124  esmGetStatusUpper                   
0000316c  esmGetStatusBuffer                  
00003194  esmEnterSelfTest                    
0000321c  esmSelfTestStatus                   
0000326c  esmGetConfigValue                   
00003430  _errata_SSWF021_45_both_plls        
00003624  _errata_SSWF021_45_pll1             
0000379c  _errata_SSWF021_45_pll2             
00003a94  gioInit                             
00003b64  gioSetDirection                     
00003b84  gioSetBit                           
00003bd4  gioSetPort                          
00003bf4  gioGetBit                           
00003c1c  gioGetPort                          
00003c34  gioToggleBit                        
00003c8c  gioEnableNotification               
00003cf4  gioDisableNotification              
00003d5c  gioGetConfigValue                   
00003f18  _coreInitRegisters_                 
00004024  _coreInitStackPointer_              
00004070  _getCPSRValue_                      
00004078  _gotoCPUIdle_                       
00004090  _coreEnableVfp_                     
000040a8  _coreEnableEventBusExport_          
000040b8  _coreDisableEventBusExport_         
000040c8  _coreEnableIrqVicOffset_            
000040d8  _coreGetDataFault_                  
000040e0  _coreClearDataFault_                
000040ec  _coreGetInstructionFault_           
000040f4  _coreClearInstructionFault_         
00004100  _coreGetDataFaultAddress_           
00004108  _coreClearDataFaultAddress_         
00004114  _coreGetInstructionFaultAddress_    
0000411c  _coreClearInstructionFaultAddress_  
00004128  _coreGetAuxiliaryDataFault_         
00004130  _coreClearAuxiliaryDataFault_       
0000413c  _coreGetAuxiliaryInstructionFault_  
00004144  _coreClearAuxiliaryInstructionFault_
00004150  _disable_IRQ_interrupt_             
00004158  _enable_IRQ_interrupt_              
00004160  _enable_interrupt_                  
00004168  _esmCcmErrorsClear_                 
000041f0  _memInit_                           
00004224  _checkMemInitOn_                    
00004244  _cacheEnable_                       
00004288  _cacheDisable_                      
000042ac  _dCacheInvalidate_                  
000042c0  _iCacheInvalidate_                  
000042d4  __TI_PINIT_Base                     
000042d8  __TI_PINIT_Limit                    
000042dc  _mpuInit_                           
00004594  _mpuEnable_                         
000045ac  _mpuDisable_                        
000045c4  _mpuEnableBackgroundRegion_         
000045d4  _mpuDisableBackgroundRegion_        
000045e4  _mpuGetNumberOfRegions_             
000045f0  _mpuAreRegionsSeparate_             
000045fc  _mpuSetRegion_                      
00004604  _mpuGetRegion_                      
0000460c  _mpuSetRegionBaseAddress_           
00004614  _mpuGetRegionBaseAddress_           
0000461c  _mpuSetRegionTypeAndPermission_     
00004628  _mpuGetRegionType_                  
00004634  _mpuGetRegionPermission_            
00004640  _mpuSetRegionSizeRegister_          
00004648  vimECCErrorHandler                  
00004984  esmHighInterrupt                    
00004afc  floor                               
00004afc  floorl                              
00004c30  _c_int00                            
00004d08  main                                
00004dc0  esmGroup1Notification               
00004dd4  esmGroup2Notification               
00004de8  esmGroup3Notification               
00004df8  dmaGroupANotification               
00004e0c  rtiNotification                     
00004e20  gioNotification                     
00004e34  sciNotification                     
00004e48  epcCAMFullNotification              
00004e4c  epcFIFOFullNotification             
00004e5c  __TI_auto_init_nobinit_nopinit      
00004ec4  __TI_zero_init_nomemset             
00004eec  C$$EXIT                             
00004eec  abort                               
00004ef4  handlePLLLockFail                   
00004ef8  phantomInterrupt                    
00005108  __TI_Handler_Table_Base             
0000510c  __TI_CINIT_Base                     
0000510c  __TI_Handler_Table_Limit            
00005114  __TI_CINIT_Limit                    
08001500  __start___llvm_prf_cnts             
08001500  __stop___llvm_prf_cnts              
ffffffff  __TI_pprof_out_hndl                 
ffffffff  __TI_prof_data_size                 
ffffffff  __TI_prof_data_start                
ffffffff  __binit__                           
ffffffff  __c_args__                          
ffffffff  binit                               
UNDEFED   SHT$$INIT_ARRAY$$Base               
UNDEFED   SHT$$INIT_ARRAY$$Limit              
UNDEFED   _system_post_cinit                  

[159 symbols]
