******************************************************************************
                  TI ARM Linker PC v20.2.2                     
******************************************************************************
>> Linked Wed Apr 21 11:30:16 2021

OUTPUT FILE NAME:   <SCI_UART.out>
ENTRY POINT SYMBOL: "_c_int00"  address: 0000699c


MEMORY CONFIGURATION

         name            origin    length      used     unused   attr    fill
----------------------  --------  ---------  --------  --------  ----  --------
  VECTORS               00000000   00000020  00000020  00000000     X
  FLASH0                00000020   001fffe0  000070c8  001f8f18  R  X
  FLASH1                00200000   00200000  00000000  00200000  R  X
  STACKS                08000000   00001500  00000000  00001500  RW  
  RAM                   08001500   0007eb00  00000900  0007e200  RW  


SEGMENT ALLOCATION MAP

run origin  load origin   length   init length attrs members
----------  ----------- ---------- ----------- ----- -------
00000000    00000000    00006e78   00006e78    r-x
  00000000    00000000    00000020   00000020    r-x .intvecs
  00000020    00000020    00006e58   00006e58    r-x .text
00006e80    00006e80    00000238   00000238    r--
  00006e80    00006e80    00000238   00000238    r-- .const
000070c0    000070c0    00000038   00000038    r--
  000070c0    000070c0    00000038   00000038    r-- .cinit
08001500    08001500    00000900   00000000    rw-
  08001500    08001500    00000800   00000000    rw- .sysmem
  08001d00    08001d00    000000e4   00000000    rw- .bss
  08001de4    08001de4    0000001c   00000000    rw- .data


SECTION ALLOCATION MAP

 output                                  attributes/
section   page    origin      length       input sections
--------  ----  ----------  ----------   ----------------
.intvecs   0    00000000    00000020     
                  00000000    00000020     HL_sys_intvecs.obj (.intvecs)

.text      0    00000020    00006e58     
                  00000020    00000ff4     HL_sci.obj (.text)
                  00001014    00000ff4     Library.obj (.text)
                  00002008    000009c0     HL_pinmux.obj (.text)
                  000029c8    00000998     HL_system.obj (.text)
                  00003360    00000938     HL_sys_vim.obj (.text)
                  00003c98    000007d0     rtsv7R4_A_le_v3D16_eabi.lib : e_pow.c.obj (.text:pow)
                  00004468    0000078c     HL_esm.obj (.text)
                  00004bf4    00000664     HL_errata_SSWF021_45.obj (.text)
                  00005258    00000484     HL_gio.obj (.text)
                  000056dc    000003c4     HL_sys_core.obj (.text)
                  00005aa0    0000036c     HL_sys_mpu.obj (.text)
                  00005e0c    0000033c     HL_sys_vim.obj (.text:retain)
                  00006148    00000198     rtsv7R4_A_le_v3D16_eabi.lib : memory.c.obj (.text:aligned_alloc)
                  000062e0    00000180                                 : memcpy32.asm.obj (.text)
                  00006460    00000178     HL_esm.obj (.text:retain)
                  000065d8    00000174     rtsv7R4_A_le_v3D16_eabi.lib : memory.c.obj (.text:free)
                  0000674c    00000134                                 : s_floor.c.obj (.text:floor)
                  00006880    0000011c                                 : s_scalbn.c.obj (.text:scalbn)
                  0000699c    000000d8     HL_sys_startup.obj (.text:retain)
                  00006a74    000000b0     rtsv7R4_A_le_v3D16_eabi.lib : memory.c.obj (.text:split)
                  00006b24    0000009c     HL_notification.obj (.text)
                  00006bc0    00000090     rtsv7R4_A_le_v3D16_eabi.lib : copy_decompress_lzss.c.obj (.text:decompress:lzss:__TI_decompress_lzss)
                  00006c50    00000068                                 : autoinit.c.obj (.text:__TI_auto_init_nobinit_nopinit:__TI_auto_init_nobinit_nopinit)
                  00006cb8    00000048     HL_sys_main.obj (.text)
                  00006d00    00000040     rtsv7R4_A_le_v3D16_eabi.lib : memory.c.obj (.text:free_list_insert)
                  00006d40    00000040     Library.obj (.text:queueInitializer)
                  00006d80    00000038     rtsv7R4_A_le_v3D16_eabi.lib : e_sqrt.c.obj (.text:sqrt)
                  00006db8    00000030                                 : memory.c.obj (.text:free_list_remove)
                  00006de8    00000028                                 : s_copysign.c.obj (.text:copysign)
                  00006e10    00000028                                 : copy_zero_init.c.obj (.text:decompress:ZI:__TI_zero_init_nomemset:__TI_zero_init_nomemset)
                  00006e38    00000014                                 : copy_decompress_none.c.obj (.text:decompress:none:__TI_decompress_none)
                  00006e4c    0000000c                                 : errno.c.obj (.text:__aeabi_errno_addr)
                  00006e58    0000000c                                 : memory.c.obj (.text:malloc)
                  00006e64    00000008                                 : exit.c.obj (.text:abort:abort)
                  00006e6c    00000004     HL_sys_startup.obj (.text)
                  00006e70    00000004     rtsv7R4_A_le_v3D16_eabi.lib : _lock.c.obj (.text:_nop)
                  00006e74    00000004     HL_sys_phantom.obj (.text:retain)

.const     0    00006e80    00000238     
                  00006e80    00000200     HL_sys_vim.obj (.const:s_vim_init)
                  00007080    00000010     rtsv7R4_A_le_v3D16_eabi.lib : e_pow.c.obj (.const:bp)
                  00007090    00000010                                 : e_pow.c.obj (.const:dp_h)
                  000070a0    00000010                                 : e_pow.c.obj (.const:dp_l)
                  000070b0    00000004     Library.obj (.const:.string:$P$T0$9)
                  000070b4    00000004     Library.obj (.const:.string:$P$T1$10)

.cinit     0    000070c0    00000038     
                  000070c0    0000000d     (.cinit..data.load) [load image, compression = lzss]
                  000070cd    00000003     --HOLE-- [fill = 0]
                  000070d0    0000000c     (__TI_handler_table)
                  000070dc    00000004     --HOLE-- [fill = 0]
                  000070e0    00000008     (.cinit..bss.load) [load image, compression = zero_init]
                  000070e8    00000010     (__TI_cinit_table)

.sysmem    0    08001500    00000800     UNINITIALIZED
                  08001500    00000010     rtsv7R4_A_le_v3D16_eabi.lib : memory.c.obj (.sysmem)
                  08001510    000007f0     --HOLE--

.bss       0    08001d00    000000e4     UNINITIALIZED
                  08001d00    00000080     Library.obj (.bss:message$4)
                  08001d80    00000050     HL_sci.obj (.bss:g_sciTransfer_t)
                  08001dd0    00000014     Library.obj (.bss)

.data      0    08001de4    0000001c     UNINITIALIZED
                  08001de4    00000008     rtsv7R4_A_le_v3D16_eabi.lib : _lock.c.obj (.data:$O1$$)
                  08001dec    00000008                                 : memory.c.obj (.data:$O1$$)
                  08001df4    00000008     Library.obj (.data)
                  08001dfc    00000004     rtsv7R4_A_le_v3D16_eabi.lib : errno.c.obj (.data)

__llvm_prf_cnts 
*          0    08001500    00000000     UNINITIALIZED

MODULE SUMMARY

       Module                       code    ro data   rw data
       ------                       ----    -------   -------
    .\source\
       Library.obj                  4148    8         156    
       HL_sci.obj                   4084    0         80     
       HL_sys_vim.obj               3188    512       0      
       HL_pinmux.obj                2496    0         0      
       HL_system.obj                2456    0         0      
       HL_esm.obj                   2308    0         0      
       HL_errata_SSWF021_45.obj     1636    0         0      
       HL_gio.obj                   1156    0         0      
       HL_sys_core.obj              964     0         0      
       HL_sys_mpu.obj               876     0         0      
       HL_sys_startup.obj           220     0         0      
       HL_notification.obj          156     0         0      
       HL_sys_main.obj              72      0         0      
       HL_sys_intvecs.obj           32      0         0      
       HL_sys_phantom.obj           4       0         0      
    +--+----------------------------+-------+---------+---------+
       Total:                       23796   520       236    
                                                             
    C:\ti\ccs1020\ccs\tools\compiler\ti-cgt-arm_20.2.2.LTS\lib\rtsv7R4_A_le_v3D16_eabi.lib
       e_pow.c.obj                  2000    48        0      
       memory.c.obj                 1080    0         8      
       memcpy32.asm.obj             384     0         0      
       s_floor.c.obj                308     0         0      
       s_scalbn.c.obj               284     0         0      
       copy_decompress_lzss.c.obj   144     0         0      
       autoinit.c.obj               104     0         0      
       e_sqrt.c.obj                 56      0         0      
       copy_zero_init.c.obj         40      0         0      
       s_copysign.c.obj             40      0         0      
       copy_decompress_none.c.obj   20      0         0      
       errno.c.obj                  12      0         4      
       _lock.c.obj                  4       0         8      
       exit.c.obj                   8       0         0      
    +--+----------------------------+-------+---------+---------+
       Total:                       4484    48        20     
                                                             
       Heap:                        0       0         2048   
       Linker Generated:            0       49        0      
    +--+----------------------------+-------+---------+---------+
       Grand Total:                 28280   617       2304   


LINKER GENERATED COPY TABLES

__TI_cinit_table @ 000070e8 records: 2, size/record: 8, table size: 16
	.data: load addr=000070c0, load size=0000000d bytes, run addr=08001de4, run size=0000001c bytes, compression=lzss
	.bss: load addr=000070e0, load size=00000008 bytes, run addr=08001d00, run size=000000e4 bytes, compression=zero_init


LINKER GENERATED HANDLER TABLE

__TI_handler_table @ 000070d0 records: 3, size/record: 4, table size: 12
	index: 0, handler: __TI_zero_init
	index: 1, handler: __TI_decompress_lzss
	index: 2, handler: __TI_decompress_none


GLOBAL SYMBOLS: SORTED ALPHABETICALLY BY Name 

address   name                                
-------   ----                                
00006e64  C$$EXIT                             
UNDEFED   SHT$$INIT_ARRAY$$Base               
UNDEFED   SHT$$INIT_ARRAY$$Limit              
00000800  __SYSMEM_SIZE                       
000070e8  __TI_CINIT_Base                     
000070f8  __TI_CINIT_Limit                    
000070d0  __TI_Handler_Table_Base             
000070dc  __TI_Handler_Table_Limit            
00005a98  __TI_PINIT_Base                     
00005a9c  __TI_PINIT_Limit                    
00006c50  __TI_auto_init_nobinit_nopinit      
00006bc0  __TI_decompress_lzss                
00006e38  __TI_decompress_none                
ffffffff  __TI_pprof_out_hndl                 
ffffffff  __TI_prof_data_size                 
ffffffff  __TI_prof_data_start                
00000000  __TI_static_base__                  
00006e10  __TI_zero_init_nomemset             
00006e4c  __aeabi_errno_addr                  
000062e0  __aeabi_memcpy                      
000062e0  __aeabi_memcpy4                     
000062e0  __aeabi_memcpy8                     
ffffffff  __binit__                           
ffffffff  __c_args__                          
08001500  __start___llvm_prf_cnts             
08001500  __stop___llvm_prf_cnts              
0000699c  _c_int00                            
00005a4c  _cacheDisable_                      
00005a08  _cacheEnable_                       
000059e8  _checkMemInitOn_                    
000058f4  _coreClearAuxiliaryDataFault_       
00005908  _coreClearAuxiliaryInstructionFault_
000058cc  _coreClearDataFaultAddress_         
000058a4  _coreClearDataFault_                
000058e0  _coreClearInstructionFaultAddress_  
000058b8  _coreClearInstructionFault_         
0000587c  _coreDisableEventBusExport_         
0000586c  _coreEnableEventBusExport_          
0000588c  _coreEnableIrqVicOffset_            
00005854  _coreEnableVfp_                     
000058ec  _coreGetAuxiliaryDataFault_         
00005900  _coreGetAuxiliaryInstructionFault_  
000058c4  _coreGetDataFaultAddress_           
0000589c  _coreGetDataFault_                  
000058d8  _coreGetInstructionFaultAddress_    
000058b0  _coreGetInstructionFault_           
000056dc  _coreInitRegisters_                 
000057e8  _coreInitStackPointer_              
00005a70  _dCacheInvalidate_                  
00005914  _disable_IRQ_interrupt_             
0000591c  _enable_IRQ_interrupt_              
00005924  _enable_interrupt_                  
00004bf4  _errata_SSWF021_45_both_plls        
00004de8  _errata_SSWF021_45_pll1             
00004f60  _errata_SSWF021_45_pll2             
0000592c  _esmCcmErrorsClear_                 
00005834  _getCPSRValue_                      
0000583c  _gotoCPUIdle_                       
00005a84  _iCacheInvalidate_                  
08001de4  _lock                               
000059b4  _memInit_                           
00005db4  _mpuAreRegionsSeparate_             
00005d98  _mpuDisableBackgroundRegion_        
00005d70  _mpuDisable_                        
00005d88  _mpuEnableBackgroundRegion_         
00005d58  _mpuEnable_                         
00005da8  _mpuGetNumberOfRegions_             
00005dd8  _mpuGetRegionBaseAddress_           
00005df8  _mpuGetRegionPermission_            
00005dec  _mpuGetRegionType_                  
00005dc8  _mpuGetRegion_                      
00005aa0  _mpuInit_                           
00005dd0  _mpuSetRegionBaseAddress_           
00005e04  _mpuSetRegionSizeRegister_          
00005de0  _mpuSetRegionTypeAndPermission_     
00005dc0  _mpuSetRegion_                      
00006e70  _nop                                
08001500  _sys_memory                         
UNDEFED   _system_post_cinit                  
08001de8  _unlock                             
00006e64  abort                               
00006148  aligned_alloc                       
ffffffff  binit                               
00006de8  copysign                            
00006de8  copysignl                           
000032b8  customTrimLPO                       
00006b5c  dmaGroupANotification               
00006bac  epcCAMFullNotification              
00006bb0  epcFIFOFullNotification             
08001dfc  errno                               
00004678  esmActivateNormalOperation          
000047c4  esmClearStatus                      
00004828  esmClearStatusBuffer                
00004804  esmClearStatusUpper                 
00004624  esmDisableError                     
0000464c  esmDisableErrorUpper                
000046cc  esmDisableInterrupt                 
000046f4  esmDisableInterruptUpper            
000045e0  esmEnableError                      
00004608  esmEnableErrorUpper                 
00004688  esmEnableInterrupt                  
000046b0  esmEnableInterruptUpper             
00004958  esmEnterSelfTest                    
000045c4  esmError                            
00004a30  esmGetConfigValue                   
00004864  esmGetStatus                        
00004930  esmGetStatusBuffer                  
000048e8  esmGetStatusUpper                   
00006b24  esmGroup1Notification               
00006b38  esmGroup2Notification               
00006b4c  esmGroup3Notification               
00006460  esmHighInterrupt                    
00004468  esmInit                             
000049e0  esmSelfTestStatus                   
00004844  esmSetCounterPreloadValue           
00004710  esmSetInterruptLevel                
00004784  esmSetInterruptLevelUpper           
00004668  esmTriggerErrorPinReset             
0000674c  floor                               
0000674c  floorl                              
000065d8  free                                
00002d60  getResetSource                      
000054b8  gioDisableNotification              
00005450  gioEnableNotification               
000053b8  gioGetBit                           
00005520  gioGetConfigValue                   
000053e0  gioGetPort                          
00005258  gioInit                             
00006b84  gioNotification                     
00005348  gioSetBit                           
00005328  gioSetDirection                     
00005398  gioSetPort                          
000053f8  gioToggleBit                        
00006e6c  handlePLLLockFail                   
00006880  ldexp                               
00006880  ldexpl                              
00006cb8  main                                
00006e58  malloc                              
00002b90  mapClocks                           
00006148  memalign                            
000062e0  memcpy                              
00002008  muxInit                             
00001014  parser                              
00002adc  periphInit                          
00006e74  phantomInterrupt                    
00001f40  popQueue                            
00003cb8  pow                                 
00003cb8  powl                                
00001edc  pushQueue                           
00006d40  queueInitializer                    
000019bc  readCondition                       
000016e0  readMovment                         
00001a88  readSetting                         
00001d0c  reader                              
00000000  resetEntry                          
00006b70  rtiNotification                     
00006880  scalbn                              
00006880  scalbnl                             
00000994  sci1GetConfigValue                  
00000aec  sci2GetConfigValue                  
00000c44  sci3GetConfigValue                  
00000d9c  sci4GetConfigValue                  
00000808  sciDisableLoopback                  
000008bc  sciDisableNotification              
000007d4  sciEnableLoopback                   
00000824  sciEnableNotification               
00000954  sciEnterResetState                  
00000974  sciExitResetState                   
00000020  sciInit                             
0000064c  sciIsIdleDetected                   
00000630  sciIsRxReady                        
00000480  sciIsTxReady                        
00006b98  sciNotification                     
000006c4  sciReceive                          
00000698  sciReceiveByte                      
00000668  sciRxError                          
000004cc  sciSend                             
0000049c  sciSendByte                         
000003e4  sciSetBaudrate                      
000003c4  sciSetFunctional                    
00002a9c  setupFlash                          
000029c8  setupPLL                            
00006d80  sqrt                                
00006d80  sqrtl                               
00001b18  stringToNumber                      
00002e88  systemGetConfigValue                
00002cbc  systemInit                          
00002d30  systemPowerDown                     
00002a28  trimLPO                             
00003434  vimChannelMap                       
000036a0  vimDisableInterrupt                 
00005e0c  vimECCErrorHandler                  
000034d8  vimEnableInterrupt                  
0000374c  vimGetConfigValue                   
00003360  vimInit                             


GLOBAL SYMBOLS: SORTED BY Symbol Address 

address   name                                
-------   ----                                
00000000  __TI_static_base__                  
00000000  resetEntry                          
00000020  sciInit                             
000003c4  sciSetFunctional                    
000003e4  sciSetBaudrate                      
00000480  sciIsTxReady                        
0000049c  sciSendByte                         
000004cc  sciSend                             
00000630  sciIsRxReady                        
0000064c  sciIsIdleDetected                   
00000668  sciRxError                          
00000698  sciReceiveByte                      
000006c4  sciReceive                          
000007d4  sciEnableLoopback                   
00000800  __SYSMEM_SIZE                       
00000808  sciDisableLoopback                  
00000824  sciEnableNotification               
000008bc  sciDisableNotification              
00000954  sciEnterResetState                  
00000974  sciExitResetState                   
00000994  sci1GetConfigValue                  
00000aec  sci2GetConfigValue                  
00000c44  sci3GetConfigValue                  
00000d9c  sci4GetConfigValue                  
00001014  parser                              
000016e0  readMovment                         
000019bc  readCondition                       
00001a88  readSetting                         
00001b18  stringToNumber                      
00001d0c  reader                              
00001edc  pushQueue                           
00001f40  popQueue                            
00002008  muxInit                             
000029c8  setupPLL                            
00002a28  trimLPO                             
00002a9c  setupFlash                          
00002adc  periphInit                          
00002b90  mapClocks                           
00002cbc  systemInit                          
00002d30  systemPowerDown                     
00002d60  getResetSource                      
00002e88  systemGetConfigValue                
000032b8  customTrimLPO                       
00003360  vimInit                             
00003434  vimChannelMap                       
000034d8  vimEnableInterrupt                  
000036a0  vimDisableInterrupt                 
0000374c  vimGetConfigValue                   
00003cb8  pow                                 
00003cb8  powl                                
00004468  esmInit                             
000045c4  esmError                            
000045e0  esmEnableError                      
00004608  esmEnableErrorUpper                 
00004624  esmDisableError                     
0000464c  esmDisableErrorUpper                
00004668  esmTriggerErrorPinReset             
00004678  esmActivateNormalOperation          
00004688  esmEnableInterrupt                  
000046b0  esmEnableInterruptUpper             
000046cc  esmDisableInterrupt                 
000046f4  esmDisableInterruptUpper            
00004710  esmSetInterruptLevel                
00004784  esmSetInterruptLevelUpper           
000047c4  esmClearStatus                      
00004804  esmClearStatusUpper                 
00004828  esmClearStatusBuffer                
00004844  esmSetCounterPreloadValue           
00004864  esmGetStatus                        
000048e8  esmGetStatusUpper                   
00004930  esmGetStatusBuffer                  
00004958  esmEnterSelfTest                    
000049e0  esmSelfTestStatus                   
00004a30  esmGetConfigValue                   
00004bf4  _errata_SSWF021_45_both_plls        
00004de8  _errata_SSWF021_45_pll1             
00004f60  _errata_SSWF021_45_pll2             
00005258  gioInit                             
00005328  gioSetDirection                     
00005348  gioSetBit                           
00005398  gioSetPort                          
000053b8  gioGetBit                           
000053e0  gioGetPort                          
000053f8  gioToggleBit                        
00005450  gioEnableNotification               
000054b8  gioDisableNotification              
00005520  gioGetConfigValue                   
000056dc  _coreInitRegisters_                 
000057e8  _coreInitStackPointer_              
00005834  _getCPSRValue_                      
0000583c  _gotoCPUIdle_                       
00005854  _coreEnableVfp_                     
0000586c  _coreEnableEventBusExport_          
0000587c  _coreDisableEventBusExport_         
0000588c  _coreEnableIrqVicOffset_            
0000589c  _coreGetDataFault_                  
000058a4  _coreClearDataFault_                
000058b0  _coreGetInstructionFault_           
000058b8  _coreClearInstructionFault_         
000058c4  _coreGetDataFaultAddress_           
000058cc  _coreClearDataFaultAddress_         
000058d8  _coreGetInstructionFaultAddress_    
000058e0  _coreClearInstructionFaultAddress_  
000058ec  _coreGetAuxiliaryDataFault_         
000058f4  _coreClearAuxiliaryDataFault_       
00005900  _coreGetAuxiliaryInstructionFault_  
00005908  _coreClearAuxiliaryInstructionFault_
00005914  _disable_IRQ_interrupt_             
0000591c  _enable_IRQ_interrupt_              
00005924  _enable_interrupt_                  
0000592c  _esmCcmErrorsClear_                 
000059b4  _memInit_                           
000059e8  _checkMemInitOn_                    
00005a08  _cacheEnable_                       
00005a4c  _cacheDisable_                      
00005a70  _dCacheInvalidate_                  
00005a84  _iCacheInvalidate_                  
00005a98  __TI_PINIT_Base                     
00005a9c  __TI_PINIT_Limit                    
00005aa0  _mpuInit_                           
00005d58  _mpuEnable_                         
00005d70  _mpuDisable_                        
00005d88  _mpuEnableBackgroundRegion_         
00005d98  _mpuDisableBackgroundRegion_        
00005da8  _mpuGetNumberOfRegions_             
00005db4  _mpuAreRegionsSeparate_             
00005dc0  _mpuSetRegion_                      
00005dc8  _mpuGetRegion_                      
00005dd0  _mpuSetRegionBaseAddress_           
00005dd8  _mpuGetRegionBaseAddress_           
00005de0  _mpuSetRegionTypeAndPermission_     
00005dec  _mpuGetRegionType_                  
00005df8  _mpuGetRegionPermission_            
00005e04  _mpuSetRegionSizeRegister_          
00005e0c  vimECCErrorHandler                  
00006148  aligned_alloc                       
00006148  memalign                            
000062e0  __aeabi_memcpy                      
000062e0  __aeabi_memcpy4                     
000062e0  __aeabi_memcpy8                     
000062e0  memcpy                              
00006460  esmHighInterrupt                    
000065d8  free                                
0000674c  floor                               
0000674c  floorl                              
00006880  ldexp                               
00006880  ldexpl                              
00006880  scalbn                              
00006880  scalbnl                             
0000699c  _c_int00                            
00006b24  esmGroup1Notification               
00006b38  esmGroup2Notification               
00006b4c  esmGroup3Notification               
00006b5c  dmaGroupANotification               
00006b70  rtiNotification                     
00006b84  gioNotification                     
00006b98  sciNotification                     
00006bac  epcCAMFullNotification              
00006bb0  epcFIFOFullNotification             
00006bc0  __TI_decompress_lzss                
00006c50  __TI_auto_init_nobinit_nopinit      
00006cb8  main                                
00006d40  queueInitializer                    
00006d80  sqrt                                
00006d80  sqrtl                               
00006de8  copysign                            
00006de8  copysignl                           
00006e10  __TI_zero_init_nomemset             
00006e38  __TI_decompress_none                
00006e4c  __aeabi_errno_addr                  
00006e58  malloc                              
00006e64  C$$EXIT                             
00006e64  abort                               
00006e6c  handlePLLLockFail                   
00006e70  _nop                                
00006e74  phantomInterrupt                    
000070d0  __TI_Handler_Table_Base             
000070dc  __TI_Handler_Table_Limit            
000070e8  __TI_CINIT_Base                     
000070f8  __TI_CINIT_Limit                    
08001500  __start___llvm_prf_cnts             
08001500  __stop___llvm_prf_cnts              
08001500  _sys_memory                         
08001de4  _lock                               
08001de8  _unlock                             
08001dfc  errno                               
ffffffff  __TI_pprof_out_hndl                 
ffffffff  __TI_prof_data_size                 
ffffffff  __TI_prof_data_start                
ffffffff  __binit__                           
ffffffff  __c_args__                          
ffffffff  binit                               
UNDEFED   SHT$$INIT_ARRAY$$Base               
UNDEFED   SHT$$INIT_ARRAY$$Limit              
UNDEFED   _system_post_cinit                  

[195 symbols]
