******************************************************************************
                  TI ARM Linker PC v18.12.4                    
******************************************************************************
>> Linked Sun Jan 12 16:10:24 2020

OUTPUT FILE NAME:   <TMS570LC43_Async_NHET1_PWM_NHET2_Monitoring.out>
ENTRY POINT SYMBOL: "_c_int00"  address: 00004064


MEMORY CONFIGURATION

         name            origin    length      used     unused   attr    fill
----------------------  --------  ---------  --------  --------  ----  --------
  VECTORS               00000000   00000020  00000020  00000000     X
  FLASH0                00000020   001fffe0  0000476c  001fb874  R  X
  FLASH1                00200000   00200000  00000000  00200000  R  X
  STACKS                08000000   00001500  00000000  00001500  RW  
  RAM                   08001500   0007eb00  0000000c  0007eaf4  RW  


SEGMENT ALLOCATION MAP

run origin  load origin   length   init length attrs members
----------  ----------- ---------- ----------- ----- -------
00000000    00000000    000042b4   000042b4    r-x
  00000000    00000000    00000020   00000020    r-x .intvecs
  00000020    00000020    00004294   00004294    r-x .text
000042c0    000042c0    000004d8   000004d8    r--
  000042c0    000042c0    000004c0   000004c0    r-- .const
  00004780    00004780    00000018   00000018    r-- .cinit
08001500    08001500    0000000c   00000000    rw-
  08001500    08001500    0000000c   00000000    rw- .data


SECTION ALLOCATION MAP

 output                                  attributes/
section   page    origin      length       input sections
--------  ----  ----------  ----------   ----------------
.intvecs   0    00000000    00000020     
                  00000000    00000020     HL_sys_intvecs.obj (.intvecs)

.text      0    00000020    00004294     
                  00000020    000009cc     HL_pinmux.obj (.text)
                  000009ec    00000998     HL_system.obj (.text)
                  00001384    00000938     HL_sys_vim.obj (.text)
                  00001cbc    0000078c     HL_esm.obj (.text)
                  00002448    00000664     HL_errata_SSWF021_45.obj (.text)
                  00002aac    0000051c     HL_het.obj (.text)
                  00002fc8    000003c4     HL_sys_core.obj (.text)
                  0000338c    0000036c     HL_sys_mpu.obj (.text)
                  000036f8    0000033c     HL_sys_vim.obj (.text:retain)
                  00003a34    0000024c     HL_sys_main.obj (.text)
                  00003c80    00000180     rtsv7R4_A_be_v3D16_eabi.lib : memcpy32.asm.obj (.text)
                  00003e00    00000178     HL_esm.obj (.text:retain)
                  00003f78    000000ec     HL_notification.obj (.text)
                  00004064    000000d8     HL_sys_startup.obj (.text:retain)
                  0000413c    00000090     rtsv7R4_A_be_v3D16_eabi.lib : copy_decompress_lzss.c.obj (.text:decompress:lzss:__TI_decompress_lzss)
                  000041cc    00000068                                 : autoinit.c.obj (.text:__TI_auto_init_nobinit_nopinit:__TI_auto_init_nobinit_nopinit)
                  00004234    0000005c     HL_het.obj (.text:retain)
                  00004290    00000014     rtsv7R4_A_be_v3D16_eabi.lib : copy_decompress_none.c.obj (.text:decompress:none:__TI_decompress_none)
                  000042a4    00000008                                 : exit.c.obj (.text:abort:abort)
                  000042ac    00000004     HL_sys_startup.obj (.text)
                  000042b0    00000004     HL_sys_phantom.obj (.text:retain)

.const     0    000042c0    000004c0     
                  000042c0    00000200     HL_sys_vim.obj (.const:s_vim_init)
                  000044c0    000001a0     Async_PWM_Triangle_Wave.obj (.const:HET_INIT0_PST)
                  00004660    00000120     NHET2_PWM_Range_Monitor.obj (.const:HET_INIT1_PST)

.cinit     0    00004780    00000018     
                  00004780    00000008     (__TI_handler_table)
                  00004788    00000007     (.cinit..data.load) [load image, compression = lzss]
                  0000478f    00000001     --HOLE-- [fill = 0]
                  00004790    00000008     (__TI_cinit_table)

.data      0    08001500    0000000c     UNINITIALIZED
                  08001500    00000008     HL_notification.obj (.data)
                  08001508    00000004     HL_sys_main.obj (.data)

MODULE SUMMARY

       Module                        code    ro data   rw data
       ------                        ----    -------   -------
    .\source\
       HL_sys_vim.obj                3188    512       0      
       HL_pinmux.obj                 2508    0         0      
       HL_system.obj                 2456    0         0      
       HL_esm.obj                    2308    0         0      
       HL_errata_SSWF021_45.obj      1636    0         0      
       HL_het.obj                    1400    0         0      
       HL_sys_core.obj               964     0         0      
       HL_sys_mpu.obj                876     0         0      
       HL_sys_main.obj               588     0         4      
       Async_PWM_Triangle_Wave.obj   0       416       0      
       NHET2_PWM_Range_Monitor.obj   0       288       0      
       HL_notification.obj           236     0         8      
       HL_sys_startup.obj            220     0         0      
       HL_sys_intvecs.obj            32      0         0      
       HL_sys_phantom.obj            4       0         0      
    +--+-----------------------------+-------+---------+---------+
       Total:                        16416   1216      12     
                                                              
    D:\ti\ccs901\ccs\tools\compiler\ti-cgt-arm_18.12.4.LTS\lib\rtsv7R4_A_be_v3D16_eabi.lib
       memcpy32.asm.obj              384     0         0      
       copy_decompress_lzss.c.obj    144     0         0      
       autoinit.c.obj                104     0         0      
       copy_decompress_none.c.obj    20      0         0      
       exit.c.obj                    8       0         0      
    +--+-----------------------------+-------+---------+---------+
       Total:                        660     0         0      
                                                              
       Linker Generated:             0       23        0      
    +--+-----------------------------+-------+---------+---------+
       Grand Total:                  17076   1239      12     


LINKER GENERATED COPY TABLES

__TI_cinit_table @ 00004790 records: 1, size/record: 8, table size: 8
	.data: load addr=00004788, load size=00000007 bytes, run addr=08001500, run size=0000000c bytes, compression=lzss


LINKER GENERATED HANDLER TABLE

__TI_handler_table @ 00004780 records: 2, size/record: 4, table size: 8
	index: 0, handler: __TI_decompress_lzss
	index: 1, handler: __TI_decompress_none


GLOBAL SYMBOLS: SORTED ALPHABETICALLY BY Name 

address   name                                
-------   ----                                
000042a4  C$$EXIT                             
000044c0  HET_INIT0_PST                       
00004660  HET_INIT1_PST                       
UNDEFED   SHT$$INIT_ARRAY$$Base               
UNDEFED   SHT$$INIT_ARRAY$$Limit              
00004790  __TI_CINIT_Base                     
00004798  __TI_CINIT_Limit                    
00004780  __TI_Handler_Table_Base             
00004788  __TI_Handler_Table_Limit            
00003384  __TI_PINIT_Base                     
00003388  __TI_PINIT_Limit                    
000041cc  __TI_auto_init_nobinit_nopinit      
0000413c  __TI_decompress_lzss                
00004290  __TI_decompress_none                
ffffffff  __TI_pprof_out_hndl                 
ffffffff  __TI_prof_data_size                 
ffffffff  __TI_prof_data_start                
00000000  __TI_static_base__                  
00003c80  __aeabi_memcpy                      
00003c80  __aeabi_memcpy4                     
00003c80  __aeabi_memcpy8                     
ffffffff  __binit__                           
ffffffff  __c_args__                          
00004064  _c_int00                            
00003338  _cacheDisable_                      
000032f4  _cacheEnable_                       
000032d4  _checkMemInitOn_                    
000031e0  _coreClearAuxiliaryDataFault_       
000031f4  _coreClearAuxiliaryInstructionFault_
000031b8  _coreClearDataFaultAddress_         
00003190  _coreClearDataFault_                
000031cc  _coreClearInstructionFaultAddress_  
000031a4  _coreClearInstructionFault_         
00003168  _coreDisableEventBusExport_         
00003158  _coreEnableEventBusExport_          
00003178  _coreEnableIrqVicOffset_            
00003140  _coreEnableVfp_                     
000031d8  _coreGetAuxiliaryDataFault_         
000031ec  _coreGetAuxiliaryInstructionFault_  
000031b0  _coreGetDataFaultAddress_           
00003188  _coreGetDataFault_                  
000031c4  _coreGetInstructionFaultAddress_    
0000319c  _coreGetInstructionFault_           
00002fc8  _coreInitRegisters_                 
000030d4  _coreInitStackPointer_              
0000335c  _dCacheInvalidate_                  
00003200  _disable_IRQ_interrupt_             
00003208  _enable_IRQ_interrupt_              
00003210  _enable_interrupt_                  
00002448  _errata_SSWF021_45_both_plls        
0000263c  _errata_SSWF021_45_pll1             
000027b4  _errata_SSWF021_45_pll2             
00003218  _esmCcmErrorsClear_                 
00003120  _getCPSRValue_                      
00003128  _gotoCPUIdle_                       
00003370  _iCacheInvalidate_                  
000032a0  _memInit_                           
000036a0  _mpuAreRegionsSeparate_             
00003684  _mpuDisableBackgroundRegion_        
0000365c  _mpuDisable_                        
00003674  _mpuEnableBackgroundRegion_         
00003644  _mpuEnable_                         
00003694  _mpuGetNumberOfRegions_             
000036c4  _mpuGetRegionBaseAddress_           
000036e4  _mpuGetRegionPermission_            
000036d8  _mpuGetRegionType_                  
000036b4  _mpuGetRegion_                      
0000338c  _mpuInit_                           
000036bc  _mpuSetRegionBaseAddress_           
000036f0  _mpuSetRegionSizeRegister_          
000036cc  _mpuSetRegionTypeAndPermission_     
000036ac  _mpuSetRegion_                      
UNDEFED   _system_post_cinit                  
000042a4  abort                               
ffffffff  binit                               
00003b24  calculate_ecmp_compare              
00003a4c  configNHET1                         
00003b74  configNHET2                         
000012dc  customTrimLPO                       
00003fb0  dmaGroupANotification               
08001508  ecmp_compare_value                  
00003fdc  edgeNotification                    
00004048  epcCAMFullNotification              
0000404c  epcFIFOFullNotification             
00001ecc  esmActivateNormalOperation          
00002018  esmClearStatus                      
0000207c  esmClearStatusBuffer                
00002058  esmClearStatusUpper                 
00001e78  esmDisableError                     
00001ea0  esmDisableErrorUpper                
00001f20  esmDisableInterrupt                 
00001f48  esmDisableInterruptUpper            
00001e34  esmEnableError                      
00001e5c  esmEnableErrorUpper                 
00001edc  esmEnableInterrupt                  
00001f04  esmEnableInterruptUpper             
000021ac  esmEnterSelfTest                    
00001e18  esmError                            
00002284  esmGetConfigValue                   
000020b8  esmGetStatus                        
00002184  esmGetStatusBuffer                  
0000213c  esmGetStatusUpper                   
00003f78  esmGroup1Notification               
00003f8c  esmGroup2Notification               
00003fa0  esmGroup3Notification               
00003e00  esmHighInterrupt                    
00001cbc  esmInit                             
00002234  esmSelfTestStatus                   
00002098  esmSetCounterPreloadValue           
00001f64  esmSetInterruptLevel                
00001fd8  esmSetInterruptLevelUpper           
00001ebc  esmTriggerErrorPinReset             
00000d84  getResetSource                      
08001500  greater_than_max_duty               
000042ac  handlePLLLockFail                   
00002c24  het1GetConfigValue                  
00002db4  het2GetConfigValue                  
00004234  het2HighLevelInterrupt              
00002aac  hetInit                             
00003ff0  hetNotification                     
08001504  less_than_min_duty                  
00003a34  main                                
00000bb4  mapClocks                           
00003c80  memcpy                              
00000020  muxInit                             
00000b00  periphInit                          
000042b0  phantomInterrupt                    
00003fc4  pwmNotification                     
00000000  resetEntry                          
00000ac0  setupFlash                          
000009ec  setupPLL                            
00000eac  systemGetConfigValue                
00000ce0  systemInit                          
00000d54  systemPowerDown                     
00000a4c  trimLPO                             
00001458  vimChannelMap                       
000016c4  vimDisableInterrupt                 
000036f8  vimECCErrorHandler                  
000014fc  vimEnableInterrupt                  
00001770  vimGetConfigValue                   
00001384  vimInit                             


GLOBAL SYMBOLS: SORTED BY Symbol Address 

address   name                                
-------   ----                                
00000000  __TI_static_base__                  
00000000  resetEntry                          
00000020  muxInit                             
000009ec  setupPLL                            
00000a4c  trimLPO                             
00000ac0  setupFlash                          
00000b00  periphInit                          
00000bb4  mapClocks                           
00000ce0  systemInit                          
00000d54  systemPowerDown                     
00000d84  getResetSource                      
00000eac  systemGetConfigValue                
000012dc  customTrimLPO                       
00001384  vimInit                             
00001458  vimChannelMap                       
000014fc  vimEnableInterrupt                  
000016c4  vimDisableInterrupt                 
00001770  vimGetConfigValue                   
00001cbc  esmInit                             
00001e18  esmError                            
00001e34  esmEnableError                      
00001e5c  esmEnableErrorUpper                 
00001e78  esmDisableError                     
00001ea0  esmDisableErrorUpper                
00001ebc  esmTriggerErrorPinReset             
00001ecc  esmActivateNormalOperation          
00001edc  esmEnableInterrupt                  
00001f04  esmEnableInterruptUpper             
00001f20  esmDisableInterrupt                 
00001f48  esmDisableInterruptUpper            
00001f64  esmSetInterruptLevel                
00001fd8  esmSetInterruptLevelUpper           
00002018  esmClearStatus                      
00002058  esmClearStatusUpper                 
0000207c  esmClearStatusBuffer                
00002098  esmSetCounterPreloadValue           
000020b8  esmGetStatus                        
0000213c  esmGetStatusUpper                   
00002184  esmGetStatusBuffer                  
000021ac  esmEnterSelfTest                    
00002234  esmSelfTestStatus                   
00002284  esmGetConfigValue                   
00002448  _errata_SSWF021_45_both_plls        
0000263c  _errata_SSWF021_45_pll1             
000027b4  _errata_SSWF021_45_pll2             
00002aac  hetInit                             
00002c24  het1GetConfigValue                  
00002db4  het2GetConfigValue                  
00002fc8  _coreInitRegisters_                 
000030d4  _coreInitStackPointer_              
00003120  _getCPSRValue_                      
00003128  _gotoCPUIdle_                       
00003140  _coreEnableVfp_                     
00003158  _coreEnableEventBusExport_          
00003168  _coreDisableEventBusExport_         
00003178  _coreEnableIrqVicOffset_            
00003188  _coreGetDataFault_                  
00003190  _coreClearDataFault_                
0000319c  _coreGetInstructionFault_           
000031a4  _coreClearInstructionFault_         
000031b0  _coreGetDataFaultAddress_           
000031b8  _coreClearDataFaultAddress_         
000031c4  _coreGetInstructionFaultAddress_    
000031cc  _coreClearInstructionFaultAddress_  
000031d8  _coreGetAuxiliaryDataFault_         
000031e0  _coreClearAuxiliaryDataFault_       
000031ec  _coreGetAuxiliaryInstructionFault_  
000031f4  _coreClearAuxiliaryInstructionFault_
00003200  _disable_IRQ_interrupt_             
00003208  _enable_IRQ_interrupt_              
00003210  _enable_interrupt_                  
00003218  _esmCcmErrorsClear_                 
000032a0  _memInit_                           
000032d4  _checkMemInitOn_                    
000032f4  _cacheEnable_                       
00003338  _cacheDisable_                      
0000335c  _dCacheInvalidate_                  
00003370  _iCacheInvalidate_                  
00003384  __TI_PINIT_Base                     
00003388  __TI_PINIT_Limit                    
0000338c  _mpuInit_                           
00003644  _mpuEnable_                         
0000365c  _mpuDisable_                        
00003674  _mpuEnableBackgroundRegion_         
00003684  _mpuDisableBackgroundRegion_        
00003694  _mpuGetNumberOfRegions_             
000036a0  _mpuAreRegionsSeparate_             
000036ac  _mpuSetRegion_                      
000036b4  _mpuGetRegion_                      
000036bc  _mpuSetRegionBaseAddress_           
000036c4  _mpuGetRegionBaseAddress_           
000036cc  _mpuSetRegionTypeAndPermission_     
000036d8  _mpuGetRegionType_                  
000036e4  _mpuGetRegionPermission_            
000036f0  _mpuSetRegionSizeRegister_          
000036f8  vimECCErrorHandler                  
00003a34  main                                
00003a4c  configNHET1                         
00003b24  calculate_ecmp_compare              
00003b74  configNHET2                         
00003c80  __aeabi_memcpy                      
00003c80  __aeabi_memcpy4                     
00003c80  __aeabi_memcpy8                     
00003c80  memcpy                              
00003e00  esmHighInterrupt                    
00003f78  esmGroup1Notification               
00003f8c  esmGroup2Notification               
00003fa0  esmGroup3Notification               
00003fb0  dmaGroupANotification               
00003fc4  pwmNotification                     
00003fdc  edgeNotification                    
00003ff0  hetNotification                     
00004048  epcCAMFullNotification              
0000404c  epcFIFOFullNotification             
00004064  _c_int00                            
0000413c  __TI_decompress_lzss                
000041cc  __TI_auto_init_nobinit_nopinit      
00004234  het2HighLevelInterrupt              
00004290  __TI_decompress_none                
000042a4  C$$EXIT                             
000042a4  abort                               
000042ac  handlePLLLockFail                   
000042b0  phantomInterrupt                    
000044c0  HET_INIT0_PST                       
00004660  HET_INIT1_PST                       
00004780  __TI_Handler_Table_Base             
00004788  __TI_Handler_Table_Limit            
00004790  __TI_CINIT_Base                     
00004798  __TI_CINIT_Limit                    
08001500  greater_than_max_duty               
08001504  less_than_min_duty                  
08001508  ecmp_compare_value                  
ffffffff  __TI_pprof_out_hndl                 
ffffffff  __TI_prof_data_size                 
ffffffff  __TI_prof_data_start                
ffffffff  __binit__                           
ffffffff  __c_args__                          
ffffffff  binit                               
UNDEFED   SHT$$INIT_ARRAY$$Base               
UNDEFED   SHT$$INIT_ARRAY$$Limit              
UNDEFED   _system_post_cinit                  

[141 symbols]
