******************************************************************************
                  TI ARM Linker PC v20.2.2                     
******************************************************************************
>> Linked Sun Feb 14 23:07:52 2021

OUTPUT FILE NAME:   <blink2.out>
ENTRY POINT SYMBOL: "_c_int00"  address: 000042dc


MEMORY CONFIGURATION

         name            origin    length      used     unused   attr    fill
----------------------  --------  ---------  --------  --------  ----  --------
  VECTORS               00000000   00000020  00000020  00000000     X
  FLASH0                00000020   001fffe0  00004770  001fb870  R  X
  FLASH1                00200000   00200000  00000000  00200000  R  X
  STACKS                08000000   00001500  00000000  00001500  RW  
  RAM                   08001500   0007eb00  00000004  0007eafc  RW  


SEGMENT ALLOCATION MAP

run origin  load origin   length   init length attrs members
----------  ----------- ---------- ----------- ----- -------
00000000    00000000    00004794   00004794    r-x
  00000000    00000000    00000020   00000020    r-x .intvecs
  00000020    00000020    0000455c   0000455c    r-x .text
  00004580    00004580    00000200   00000200    r-- .const
  00004780    00004780    00000014   00000014    r-- .cinit
08001500    08001500    00000004   00000000    rw-
  08001500    08001500    00000004   00000000    rw- .bss


SECTION ALLOCATION MAP

 output                                  attributes/
section   page    origin      length       input sections
--------  ----  ----------  ----------   ----------------
.intvecs   0    00000000    00000020     
                  00000000    00000020     HL_sys_intvecs.obj (.intvecs)

.text      0    00000020    0000455c     
                  00000020    000009c8     HL_pinmux.obj (.text)
                  000009e8    00000998     HL_system.obj (.text)
                  00001380    00000938     HL_sys_vim.obj (.text)
                  00001cb8    0000078c     HL_esm.obj (.text)
                  00002444    00000698     HL_rti.obj (.text)
                  00002adc    00000664     HL_errata_SSWF021_45.obj (.text)
                  00003140    00000484     HL_gio.obj (.text)
                  000035c4    000003c4     HL_sys_core.obj (.text)
                  00003988    0000036c     HL_sys_mpu.obj (.text)
                  00003cf4    0000033c     HL_sys_vim.obj (.text:retain)
                  00004030    00000178     HL_esm.obj (.text:retain)
                  000041a8    00000134     HL_sys_main.obj (.text)
                  000042dc    000000d8     HL_sys_startup.obj (.text:retain)
                  000043b4    000000a0     HL_rti.obj (.text:retain)
                  00004454    00000088     HL_notification.obj (.text)
                  000044dc    00000068     rtsv7R4_A_le_v3D16_eabi.lib : autoinit.c.obj (.text:__TI_auto_init_nobinit_nopinit:__TI_auto_init_nobinit_nopinit)
                  00004544    00000028                                 : copy_zero_init.c.obj (.text:decompress:ZI:__TI_zero_init_nomemset:__TI_zero_init_nomemset)
                  0000456c    00000008                                 : exit.c.obj (.text:abort:abort)
                  00004574    00000004     HL_sys_startup.obj (.text)
                  00004578    00000004     HL_sys_phantom.obj (.text:retain)

.const     0    00004580    00000200     
                  00004580    00000200     HL_sys_vim.obj (.const:s_vim_init)

.cinit     0    00004780    00000014     
                  00004780    00000008     (.cinit..bss.load) [load image, compression = zero_init]
                  00004788    00000004     (__TI_handler_table)
                  0000478c    00000008     (__TI_cinit_table)

.bss       0    08001500    00000004     UNINITIALIZED
                  08001500    00000004     (.common:noti)

__llvm_prf_cnts 
*          0    08001500    00000000     UNINITIALIZED

MODULE SUMMARY

       Module                     code    ro data   rw data
       ------                     ----    -------   -------
    .\source\
       HL_sys_vim.obj             3188    512       0      
       HL_pinmux.obj              2504    0         0      
       HL_system.obj              2456    0         0      
       HL_esm.obj                 2308    0         0      
       HL_rti.obj                 1848    0         0      
       HL_errata_SSWF021_45.obj   1636    0         0      
       HL_gio.obj                 1156    0         0      
       HL_sys_core.obj            964     0         0      
       HL_sys_mpu.obj             876     0         0      
       HL_sys_main.obj            308     0         4      
       HL_sys_startup.obj         220     0         0      
       HL_notification.obj        136     0         0      
       HL_sys_intvecs.obj         32      0         0      
       HL_sys_phantom.obj         4       0         0      
    +--+--------------------------+-------+---------+---------+
       Total:                     17636   512       4      
                                                           
    C:\ti\ccs1020\ccs\tools\compiler\ti-cgt-arm_20.2.2.LTS\lib\rtsv7R4_A_le_v3D16_eabi.lib
       autoinit.c.obj             104     0         0      
       copy_zero_init.c.obj       40      0         0      
       exit.c.obj                 8       0         0      
    +--+--------------------------+-------+---------+---------+
       Total:                     152     0         0      
                                                           
       Linker Generated:          0       20        0      
    +--+--------------------------+-------+---------+---------+
       Grand Total:               17788   532       4      


LINKER GENERATED COPY TABLES

__TI_cinit_table @ 0000478c records: 1, size/record: 8, table size: 8
	.bss: load addr=00004780, load size=00000008 bytes, run addr=08001500, run size=00000004 bytes, compression=zero_init


LINKER GENERATED HANDLER TABLE

__TI_handler_table @ 00004788 records: 1, size/record: 4, table size: 4
	index: 0, handler: __TI_zero_init


GLOBAL SYMBOLS: SORTED ALPHABETICALLY BY Name 

address   name                                
-------   ----                                
0000456c  C$$EXIT                             
00002810  IsdwdKeySequenceCorrect             
UNDEFED   SHT$$INIT_ARRAY$$Base               
UNDEFED   SHT$$INIT_ARRAY$$Limit              
0000478c  __TI_CINIT_Base                     
00004794  __TI_CINIT_Limit                    
00004788  __TI_Handler_Table_Base             
0000478c  __TI_Handler_Table_Limit            
00003980  __TI_PINIT_Base                     
00003984  __TI_PINIT_Limit                    
000044dc  __TI_auto_init_nobinit_nopinit      
ffffffff  __TI_pprof_out_hndl                 
ffffffff  __TI_prof_data_size                 
ffffffff  __TI_prof_data_start                
00000000  __TI_static_base__                  
00004544  __TI_zero_init_nomemset             
ffffffff  __binit__                           
ffffffff  __c_args__                          
08001500  __start___llvm_prf_cnts             
08001500  __stop___llvm_prf_cnts              
000042dc  _c_int00                            
00003934  _cacheDisable_                      
000038f0  _cacheEnable_                       
000038d0  _checkMemInitOn_                    
000037dc  _coreClearAuxiliaryDataFault_       
000037f0  _coreClearAuxiliaryInstructionFault_
000037b4  _coreClearDataFaultAddress_         
0000378c  _coreClearDataFault_                
000037c8  _coreClearInstructionFaultAddress_  
000037a0  _coreClearInstructionFault_         
00003764  _coreDisableEventBusExport_         
00003754  _coreEnableEventBusExport_          
00003774  _coreEnableIrqVicOffset_            
0000373c  _coreEnableVfp_                     
000037d4  _coreGetAuxiliaryDataFault_         
000037e8  _coreGetAuxiliaryInstructionFault_  
000037ac  _coreGetDataFaultAddress_           
00003784  _coreGetDataFault_                  
000037c0  _coreGetInstructionFaultAddress_    
00003798  _coreGetInstructionFault_           
000035c4  _coreInitRegisters_                 
000036d0  _coreInitStackPointer_              
00003958  _dCacheInvalidate_                  
000037fc  _disable_IRQ_interrupt_             
00003804  _enable_IRQ_interrupt_              
0000380c  _enable_interrupt_                  
00002adc  _errata_SSWF021_45_both_plls        
00002cd0  _errata_SSWF021_45_pll1             
00002e48  _errata_SSWF021_45_pll2             
00003814  _esmCcmErrorsClear_                 
0000371c  _getCPSRValue_                      
00003724  _gotoCPUIdle_                       
0000396c  _iCacheInvalidate_                  
0000389c  _memInit_                           
00003c9c  _mpuAreRegionsSeparate_             
00003c80  _mpuDisableBackgroundRegion_        
00003c58  _mpuDisable_                        
00003c70  _mpuEnableBackgroundRegion_         
00003c40  _mpuEnable_                         
00003c90  _mpuGetNumberOfRegions_             
00003cc0  _mpuGetRegionBaseAddress_           
00003ce0  _mpuGetRegionPermission_            
00003cd4  _mpuGetRegionType_                  
00003cb0  _mpuGetRegion_                      
00003988  _mpuInit_                           
00003cb8  _mpuSetRegionBaseAddress_           
00003cec  _mpuSetRegionSizeRegister_          
00003cc8  _mpuSetRegionTypeAndPermission_     
00003ca8  _mpuSetRegion_                      
UNDEFED   _system_post_cinit                  
0000456c  abort                               
ffffffff  binit                               
000012d8  customTrimLPO                       
0000448c  dmaGroupANotification               
00002880  dwdClearFlag                        
00002784  dwdCounterEnable                    
000027e8  dwdGenerateSysReset                 
00002848  dwdGetStatus                        
0000289c  dwdGetViolationStatus               
000026f4  dwdInit                             
000027c0  dwdReset                            
000027a0  dwdSetPreload                       
0000276c  dwwdGetCurrentDownCounter           
00002720  dwwdInit                            
000044c8  epcCAMFullNotification              
000044cc  epcFIFOFullNotification             
00001ec8  esmActivateNormalOperation          
00002014  esmClearStatus                      
00002078  esmClearStatusBuffer                
00002054  esmClearStatusUpper                 
00001e74  esmDisableError                     
00001e9c  esmDisableErrorUpper                
00001f1c  esmDisableInterrupt                 
00001f44  esmDisableInterruptUpper            
00001e30  esmEnableError                      
00001e58  esmEnableErrorUpper                 
00001ed8  esmEnableInterrupt                  
00001f00  esmEnableInterruptUpper             
000021a8  esmEnterSelfTest                    
00001e14  esmError                            
00002280  esmGetConfigValue                   
000020b4  esmGetStatus                        
00002180  esmGetStatusBuffer                  
00002138  esmGetStatusUpper                   
00004454  esmGroup1Notification               
00004468  esmGroup2Notification               
0000447c  esmGroup3Notification               
00004030  esmHighInterrupt                    
00001cb8  esmInit                             
00002230  esmSelfTestStatus                   
00002094  esmSetCounterPreloadValue           
00001f60  esmSetInterruptLevel                
00001fd4  esmSetInterruptLevelUpper           
00001eb8  esmTriggerErrorPinReset             
00000d80  getResetSource                      
000033a0  gioDisableNotification              
00003338  gioEnableNotification               
000032a0  gioGetBit                           
00003408  gioGetConfigValue                   
000032c8  gioGetPort                          
00003140  gioInit                             
000044b4  gioNotification                     
00003230  gioSetBit                           
00003210  gioSetDirection                     
00003280  gioSetPort                          
000032e0  gioToggleBit                        
00004574  handlePLLLockFail                   
000041a8  main                                
00000bb0  mapClocks                           
00000020  muxInit                             
08001500  noti                                
00000afc  periphInit                          
00004578  phantomInterrupt                    
00000000  resetEntry                          
000043b4  rtiCompare0Interrupt                
00004400  rtiCompare1Interrupt                
00002954  rtiDisableNotification              
00002928  rtiEnableNotification               
00002974  rtiGetConfigValue                   
0000265c  rtiGetCurrentTick                   
00002630  rtiGetPeriod                        
00002444  rtiInit                             
0000421c  rtiNotification                     
00002598  rtiResetCounter                     
00002604  rtiSetPeriod                        
00002538  rtiStartCounter                     
00002568  rtiStopCounter                      
00000abc  setupFlash                          
000009e8  setupPLL                            
00000ea8  systemGetConfigValue                
00000cdc  systemInit                          
00000d50  systemPowerDown                     
00000a48  trimLPO                             
00001454  vimChannelMap                       
000016c0  vimDisableInterrupt                 
00003cf4  vimECCErrorHandler                  
000014f8  vimEnableInterrupt                  
0000176c  vimGetConfigValue                   
00001380  vimInit                             


GLOBAL SYMBOLS: SORTED BY Symbol Address 

address   name                                
-------   ----                                
00000000  __TI_static_base__                  
00000000  resetEntry                          
00000020  muxInit                             
000009e8  setupPLL                            
00000a48  trimLPO                             
00000abc  setupFlash                          
00000afc  periphInit                          
00000bb0  mapClocks                           
00000cdc  systemInit                          
00000d50  systemPowerDown                     
00000d80  getResetSource                      
00000ea8  systemGetConfigValue                
000012d8  customTrimLPO                       
00001380  vimInit                             
00001454  vimChannelMap                       
000014f8  vimEnableInterrupt                  
000016c0  vimDisableInterrupt                 
0000176c  vimGetConfigValue                   
00001cb8  esmInit                             
00001e14  esmError                            
00001e30  esmEnableError                      
00001e58  esmEnableErrorUpper                 
00001e74  esmDisableError                     
00001e9c  esmDisableErrorUpper                
00001eb8  esmTriggerErrorPinReset             
00001ec8  esmActivateNormalOperation          
00001ed8  esmEnableInterrupt                  
00001f00  esmEnableInterruptUpper             
00001f1c  esmDisableInterrupt                 
00001f44  esmDisableInterruptUpper            
00001f60  esmSetInterruptLevel                
00001fd4  esmSetInterruptLevelUpper           
00002014  esmClearStatus                      
00002054  esmClearStatusUpper                 
00002078  esmClearStatusBuffer                
00002094  esmSetCounterPreloadValue           
000020b4  esmGetStatus                        
00002138  esmGetStatusUpper                   
00002180  esmGetStatusBuffer                  
000021a8  esmEnterSelfTest                    
00002230  esmSelfTestStatus                   
00002280  esmGetConfigValue                   
00002444  rtiInit                             
00002538  rtiStartCounter                     
00002568  rtiStopCounter                      
00002598  rtiResetCounter                     
00002604  rtiSetPeriod                        
00002630  rtiGetPeriod                        
0000265c  rtiGetCurrentTick                   
000026f4  dwdInit                             
00002720  dwwdInit                            
0000276c  dwwdGetCurrentDownCounter           
00002784  dwdCounterEnable                    
000027a0  dwdSetPreload                       
000027c0  dwdReset                            
000027e8  dwdGenerateSysReset                 
00002810  IsdwdKeySequenceCorrect             
00002848  dwdGetStatus                        
00002880  dwdClearFlag                        
0000289c  dwdGetViolationStatus               
00002928  rtiEnableNotification               
00002954  rtiDisableNotification              
00002974  rtiGetConfigValue                   
00002adc  _errata_SSWF021_45_both_plls        
00002cd0  _errata_SSWF021_45_pll1             
00002e48  _errata_SSWF021_45_pll2             
00003140  gioInit                             
00003210  gioSetDirection                     
00003230  gioSetBit                           
00003280  gioSetPort                          
000032a0  gioGetBit                           
000032c8  gioGetPort                          
000032e0  gioToggleBit                        
00003338  gioEnableNotification               
000033a0  gioDisableNotification              
00003408  gioGetConfigValue                   
000035c4  _coreInitRegisters_                 
000036d0  _coreInitStackPointer_              
0000371c  _getCPSRValue_                      
00003724  _gotoCPUIdle_                       
0000373c  _coreEnableVfp_                     
00003754  _coreEnableEventBusExport_          
00003764  _coreDisableEventBusExport_         
00003774  _coreEnableIrqVicOffset_            
00003784  _coreGetDataFault_                  
0000378c  _coreClearDataFault_                
00003798  _coreGetInstructionFault_           
000037a0  _coreClearInstructionFault_         
000037ac  _coreGetDataFaultAddress_           
000037b4  _coreClearDataFaultAddress_         
000037c0  _coreGetInstructionFaultAddress_    
000037c8  _coreClearInstructionFaultAddress_  
000037d4  _coreGetAuxiliaryDataFault_         
000037dc  _coreClearAuxiliaryDataFault_       
000037e8  _coreGetAuxiliaryInstructionFault_  
000037f0  _coreClearAuxiliaryInstructionFault_
000037fc  _disable_IRQ_interrupt_             
00003804  _enable_IRQ_interrupt_              
0000380c  _enable_interrupt_                  
00003814  _esmCcmErrorsClear_                 
0000389c  _memInit_                           
000038d0  _checkMemInitOn_                    
000038f0  _cacheEnable_                       
00003934  _cacheDisable_                      
00003958  _dCacheInvalidate_                  
0000396c  _iCacheInvalidate_                  
00003980  __TI_PINIT_Base                     
00003984  __TI_PINIT_Limit                    
00003988  _mpuInit_                           
00003c40  _mpuEnable_                         
00003c58  _mpuDisable_                        
00003c70  _mpuEnableBackgroundRegion_         
00003c80  _mpuDisableBackgroundRegion_        
00003c90  _mpuGetNumberOfRegions_             
00003c9c  _mpuAreRegionsSeparate_             
00003ca8  _mpuSetRegion_                      
00003cb0  _mpuGetRegion_                      
00003cb8  _mpuSetRegionBaseAddress_           
00003cc0  _mpuGetRegionBaseAddress_           
00003cc8  _mpuSetRegionTypeAndPermission_     
00003cd4  _mpuGetRegionType_                  
00003ce0  _mpuGetRegionPermission_            
00003cec  _mpuSetRegionSizeRegister_          
00003cf4  vimECCErrorHandler                  
00004030  esmHighInterrupt                    
000041a8  main                                
0000421c  rtiNotification                     
000042dc  _c_int00                            
000043b4  rtiCompare0Interrupt                
00004400  rtiCompare1Interrupt                
00004454  esmGroup1Notification               
00004468  esmGroup2Notification               
0000447c  esmGroup3Notification               
0000448c  dmaGroupANotification               
000044b4  gioNotification                     
000044c8  epcCAMFullNotification              
000044cc  epcFIFOFullNotification             
000044dc  __TI_auto_init_nobinit_nopinit      
00004544  __TI_zero_init_nomemset             
0000456c  C$$EXIT                             
0000456c  abort                               
00004574  handlePLLLockFail                   
00004578  phantomInterrupt                    
00004788  __TI_Handler_Table_Base             
0000478c  __TI_CINIT_Base                     
0000478c  __TI_Handler_Table_Limit            
00004794  __TI_CINIT_Limit                    
08001500  __start___llvm_prf_cnts             
08001500  __stop___llvm_prf_cnts              
08001500  noti                                
ffffffff  __TI_pprof_out_hndl                 
ffffffff  __TI_prof_data_size                 
ffffffff  __TI_prof_data_start                
ffffffff  __binit__                           
ffffffff  __c_args__                          
ffffffff  binit                               
UNDEFED   SHT$$INIT_ARRAY$$Base               
UNDEFED   SHT$$INIT_ARRAY$$Limit              
UNDEFED   _system_post_cinit                  

[159 symbols]
