******************************************************************************
                  TI ARM Linker PC v20.2.2                     
******************************************************************************
>> Linked Tue Feb 23 12:12:02 2021

OUTPUT FILE NAME:   <ADC.out>
ENTRY POINT SYMBOL: "_c_int00"  address: 000054a0


MEMORY CONFIGURATION

         name            origin    length      used     unused   attr    fill
----------------------  --------  ---------  --------  --------  ----  --------
  VECTORS               00000000   00000020  00000020  00000000     X
  FLASH0                00000020   001fffe0  00005a58  001fa588  R  X
  FLASH1                00200000   00200000  00000000  00200000  R  X
  STACKS                08000000   00001500  00000000  00001500  RW  
  RAM                   08001500   0007eb00  00000075  0007ea8b  RW  


SEGMENT ALLOCATION MAP

run origin  load origin   length   init length attrs members
----------  ----------- ---------- ----------- ----- -------
00000000    00000000    00005808   00005808    r-x
  00000000    00000000    00000020   00000020    r-x .intvecs
  00000020    00000020    000057e8   000057e8    r-x .text
00005820    00005820    00000230   00000230    r--
  00005820    00005820    00000230   00000230    r-- .const
00005a60    00005a60    00000040   00000040    r--
  00005a60    00005a60    00000040   00000040    r-- .cinit
08001500    08001500    00000075   00000000    rw-
  08001500    08001500    00000060   00000000    rw- .bss
  08001560    08001560    00000015   00000000    rw- .data


SECTION ALLOCATION MAP

 output                                  attributes/
section   page    origin      length       input sections
--------  ----  ----------  ----------   ----------------
.intvecs   0    00000000    00000020     
                  00000000    00000020     HL_sys_intvecs.obj (.intvecs)

.text      0    00000020    000057e8     
                  00000020    00000aec     HL_adc.obj (.text)
                  00000b0c    000009c8     HL_pinmux.obj (.text)
                  000014d4    00000998     HL_system.obj (.text)
                  00001e6c    00000938     HL_sys_vim.obj (.text)
                  000027a4    00000870     HL_sci.obj (.text)
                  00003014    0000078c     HL_esm.obj (.text)
                  000037a0    00000664     HL_errata_SSWF021_45.obj (.text)
                  00003e04    00000484     HL_gio.obj (.text)
                  00004288    000003c4     HL_sys_core.obj (.text)
                  0000464c    00000380     HL_sys_main.obj (.text)
                  000049cc    0000036c     HL_sys_mpu.obj (.text)
                  00004d38    0000033c     HL_sys_vim.obj (.text:retain)
                  00005074    00000180     rtsv7R4_A_le_v3D16_eabi.lib : memcpy32.asm.obj (.text)
                  000051f4    00000178     HL_esm.obj (.text:retain)
                  0000536c    00000134     rtsv7R4_A_le_v3D16_eabi.lib : s_floor.c.obj (.text:floor)
                  000054a0    000000d8     HL_sys_startup.obj (.text:retain)
                  00005578    000000b0     rtsv7R4_A_le_v3D16_eabi.lib : memset32.asm.obj (.text)
                  00005628    0000009c     HL_notification.obj (.text)
                  000056c4    00000090     rtsv7R4_A_le_v3D16_eabi.lib : copy_decompress_lzss.c.obj (.text:decompress:lzss:__TI_decompress_lzss)
                  00005754    00000068                                 : autoinit.c.obj (.text:__TI_auto_init_nobinit_nopinit:__TI_auto_init_nobinit_nopinit)
                  000057bc    00000028                                 : copy_zero_init.c.obj (.text:decompress:ZI:__TI_zero_init_nomemset:__TI_zero_init_nomemset)
                  000057e4    00000014                                 : copy_decompress_none.c.obj (.text:decompress:none:__TI_decompress_none)
                  000057f8    00000008                                 : exit.c.obj (.text:abort:abort)
                  00005800    00000004     HL_sys_startup.obj (.text)
                  00005804    00000004     HL_sys_phantom.obj (.text:retain)

.const     0    00005820    00000230     
                  00005820    00000200     HL_sys_vim.obj (.const:s_vim_init)
                  00005a20    00000018     HL_adc.obj (.const:s_adcFiFoSize)
                  00005a38    00000018     HL_adc.obj (.const:s_adcSelect)

.cinit     0    00005a60    00000040     
                  00005a60    0000001a     (.cinit..data.load) [load image, compression = lzss]
                  00005a7a    00000002     --HOLE-- [fill = 0]
                  00005a7c    0000000c     (__TI_handler_table)
                  00005a88    00000008     (.cinit..bss.load) [load image, compression = zero_init]
                  00005a90    00000010     (__TI_cinit_table)

.bss       0    08001500    00000060     UNINITIALIZED
                  08001500    00000050     HL_sci.obj (.bss:g_sciTransfer_t)
                  08001550    00000010     (.common:adc_data)

.data      0    08001560    00000015     UNINITIALIZED
                  08001560    0000000c     HL_sys_main.obj (.data:TEXT1)
                  0800156c    00000009     HL_sys_main.obj (.data:TEXT2)

__llvm_prf_cnts 
*          0    08001500    00000000     UNINITIALIZED

MODULE SUMMARY

       Module                       code    ro data   rw data
       ------                       ----    -------   -------
    .\source\
       HL_sys_vim.obj               3188    512       0      
       HL_adc.obj                   2796    48        0      
       HL_pinmux.obj                2504    0         0      
       HL_system.obj                2456    0         0      
       HL_esm.obj                   2308    0         0      
       HL_sci.obj                   2160    0         80     
       HL_errata_SSWF021_45.obj     1636    0         0      
       HL_gio.obj                   1156    0         0      
       HL_sys_core.obj              964     0         0      
       HL_sys_main.obj              896     0         37     
       HL_sys_mpu.obj               876     0         0      
       HL_sys_startup.obj           220     0         0      
       HL_notification.obj          156     0         0      
       HL_sys_intvecs.obj           32      0         0      
       HL_sys_phantom.obj           4       0         0      
    +--+----------------------------+-------+---------+---------+
       Total:                       21352   560       117    
                                                             
    C:\ti\ccs1020\ccs\tools\compiler\ti-cgt-arm_20.2.2.LTS\lib\rtsv7R4_A_le_v3D16_eabi.lib
       memcpy32.asm.obj             384     0         0      
       s_floor.c.obj                308     0         0      
       memset32.asm.obj             176     0         0      
       copy_decompress_lzss.c.obj   144     0         0      
       autoinit.c.obj               104     0         0      
       copy_zero_init.c.obj         40      0         0      
       copy_decompress_none.c.obj   20      0         0      
       exit.c.obj                   8       0         0      
    +--+----------------------------+-------+---------+---------+
       Total:                       1184    0         0      
                                                             
       Linker Generated:            0       62        0      
    +--+----------------------------+-------+---------+---------+
       Grand Total:                 22536   622       117    


LINKER GENERATED COPY TABLES

__TI_cinit_table @ 00005a90 records: 2, size/record: 8, table size: 16
	.data: load addr=00005a60, load size=0000001a bytes, run addr=08001560, run size=00000015 bytes, compression=lzss
	.bss: load addr=00005a88, load size=00000008 bytes, run addr=08001500, run size=00000060 bytes, compression=zero_init


LINKER GENERATED HANDLER TABLE

__TI_handler_table @ 00005a7c records: 3, size/record: 4, table size: 12
	index: 0, handler: __TI_zero_init
	index: 1, handler: __TI_decompress_lzss
	index: 2, handler: __TI_decompress_none


GLOBAL SYMBOLS: SORTED ALPHABETICALLY BY Name 

address   name                                
-------   ----                                
000057f8  C$$EXIT                             
UNDEFED   SHT$$INIT_ARRAY$$Base               
UNDEFED   SHT$$INIT_ARRAY$$Limit              
08001560  TEXT1                               
0800156c  TEXT2                               
00005a90  __TI_CINIT_Base                     
00005aa0  __TI_CINIT_Limit                    
00005a7c  __TI_Handler_Table_Base             
00005a88  __TI_Handler_Table_Limit            
00004644  __TI_PINIT_Base                     
00004648  __TI_PINIT_Limit                    
00005754  __TI_auto_init_nobinit_nopinit      
000056c4  __TI_decompress_lzss                
000057e4  __TI_decompress_none                
ffffffff  __TI_pprof_out_hndl                 
ffffffff  __TI_prof_data_size                 
ffffffff  __TI_prof_data_start                
00000000  __TI_static_base__                  
000057bc  __TI_zero_init_nomemset             
00005578  __aeabi_memclr                      
00005578  __aeabi_memclr4                     
00005578  __aeabi_memclr8                     
00005074  __aeabi_memcpy                      
00005074  __aeabi_memcpy4                     
00005074  __aeabi_memcpy8                     
0000557c  __aeabi_memset                      
0000557c  __aeabi_memset4                     
0000557c  __aeabi_memset8                     
ffffffff  __binit__                           
ffffffff  __c_args__                          
08001500  __start___llvm_prf_cnts             
08001500  __stop___llvm_prf_cnts              
000054a0  _c_int00                            
000045f8  _cacheDisable_                      
000045b4  _cacheEnable_                       
00004594  _checkMemInitOn_                    
000044a0  _coreClearAuxiliaryDataFault_       
000044b4  _coreClearAuxiliaryInstructionFault_
00004478  _coreClearDataFaultAddress_         
00004450  _coreClearDataFault_                
0000448c  _coreClearInstructionFaultAddress_  
00004464  _coreClearInstructionFault_         
00004428  _coreDisableEventBusExport_         
00004418  _coreEnableEventBusExport_          
00004438  _coreEnableIrqVicOffset_            
00004400  _coreEnableVfp_                     
00004498  _coreGetAuxiliaryDataFault_         
000044ac  _coreGetAuxiliaryInstructionFault_  
00004470  _coreGetDataFaultAddress_           
00004448  _coreGetDataFault_                  
00004484  _coreGetInstructionFaultAddress_    
0000445c  _coreGetInstructionFault_           
00004288  _coreInitRegisters_                 
00004394  _coreInitStackPointer_              
0000461c  _dCacheInvalidate_                  
000044c0  _disable_IRQ_interrupt_             
000044c8  _enable_IRQ_interrupt_              
000044d0  _enable_interrupt_                  
000037a0  _errata_SSWF021_45_both_plls        
00003994  _errata_SSWF021_45_pll1             
00003b0c  _errata_SSWF021_45_pll2             
000044d8  _esmCcmErrorsClear_                 
000043e0  _getCPSRValue_                      
000043e8  _gotoCPUIdle_                       
00004630  _iCacheInvalidate_                  
00004560  _memInit_                           
00004ce0  _mpuAreRegionsSeparate_             
00004cc4  _mpuDisableBackgroundRegion_        
00004c9c  _mpuDisable_                        
00004cb4  _mpuEnableBackgroundRegion_         
00004c84  _mpuEnable_                         
00004cd4  _mpuGetNumberOfRegions_             
00004d04  _mpuGetRegionBaseAddress_           
00004d24  _mpuGetRegionPermission_            
00004d18  _mpuGetRegionType_                  
00004cf4  _mpuGetRegion_                      
000049cc  _mpuInit_                           
00004cfc  _mpuSetRegionBaseAddress_           
00004d30  _mpuSetRegionSizeRegister_          
00004d0c  _mpuSetRegionTypeAndPermission_     
00004cec  _mpuSetRegion_                      
UNDEFED   _system_post_cinit                  
000057f8  abort                               
0000089c  adc1GetConfigValue                  
00000478  adcCalibration                      
0000083c  adcDisableNotification              
000007ec  adcEnableNotification               
00000250  adcGetData                          
00000884  adcGetEVTPin                        
00000020  adcInit                             
00000448  adcIsConversionComplete             
00000418  adcIsFifoFull                       
00000650  adcMidPointCalibration              
00005674  adcNotification                     
00000228  adcResetFiFo                        
00000864  adcSetEVTPin                        
0000017c  adcStartConversion                  
00000200  adcStopConversion                   
08001550  adc_data                            
ffffffff  binit                               
00001dc4  customTrimLPO                       
00005660  dmaGroupANotification               
000056b0  epcCAMFullNotification              
000056b4  epcFIFOFullNotification             
00003224  esmActivateNormalOperation          
00003370  esmClearStatus                      
000033d4  esmClearStatusBuffer                
000033b0  esmClearStatusUpper                 
000031d0  esmDisableError                     
000031f8  esmDisableErrorUpper                
00003278  esmDisableInterrupt                 
000032a0  esmDisableInterruptUpper            
0000318c  esmEnableError                      
000031b4  esmEnableErrorUpper                 
00003234  esmEnableInterrupt                  
0000325c  esmEnableInterruptUpper             
00003504  esmEnterSelfTest                    
00003170  esmError                            
000035dc  esmGetConfigValue                   
00003410  esmGetStatus                        
000034dc  esmGetStatusBuffer                  
00003494  esmGetStatusUpper                   
00005628  esmGroup1Notification               
0000563c  esmGroup2Notification               
00005650  esmGroup3Notification               
000051f4  esmHighInterrupt                    
00003014  esmInit                             
0000358c  esmSelfTestStatus                   
000033f0  esmSetCounterPreloadValue           
000032bc  esmSetInterruptLevel                
00003330  esmSetInterruptLevelUpper           
00003214  esmTriggerErrorPinReset             
0000536c  floor                               
0000536c  floorl                              
0000186c  getResetSource                      
00004064  gioDisableNotification              
00003ffc  gioEnableNotification               
00003f64  gioGetBit                           
000040cc  gioGetConfigValue                   
00003f8c  gioGetPort                          
00003e04  gioInit                             
00005688  gioNotification                     
00003ef4  gioSetBit                           
00003ed4  gioSetDirection                     
00003f44  gioSetPort                          
00003fa4  gioToggleBit                        
00005800  handlePLLLockFail                   
0000464c  main                                
0000169c  mapClocks                           
00005074  memcpy                              
00005588  memset                              
00000b0c  muxInit                             
000015e8  periphInit                          
00005804  phantomInterrupt                    
00000000  resetEntry                          
00002e60  sci1GetConfigValue                  
00002cd4  sciDisableLoopback                  
00002d88  sciDisableNotification              
00004798  sciDisplayData                      
0000490c  sciDisplayText                      
00002ca0  sciEnableLoopback                   
00002cf0  sciEnableNotification               
00002e20  sciEnterResetState                  
00002e40  sciExitResetState                   
000027a4  sciInit                             
00002b18  sciIsIdleDetected                   
00002afc  sciIsRxReady                        
0000294c  sciIsTxReady                        
0000569c  sciNotification                     
00002b90  sciReceive                          
00002b64  sciReceiveByte                      
00002b34  sciRxError                          
00002998  sciSend                             
00002968  sciSendByte                         
000028b0  sciSetBaudrate                      
00002890  sciSetFunctional                    
000015a8  setupFlash                          
000014d4  setupPLL                            
00001994  systemGetConfigValue                
000017c8  systemInit                          
0000183c  systemPowerDown                     
00001534  trimLPO                             
00001f40  vimChannelMap                       
000021ac  vimDisableInterrupt                 
00004d38  vimECCErrorHandler                  
00001fe4  vimEnableInterrupt                  
00002258  vimGetConfigValue                   
00001e6c  vimInit                             
0000496c  wait                                


GLOBAL SYMBOLS: SORTED BY Symbol Address 

address   name                                
-------   ----                                
00000000  __TI_static_base__                  
00000000  resetEntry                          
00000020  adcInit                             
0000017c  adcStartConversion                  
00000200  adcStopConversion                   
00000228  adcResetFiFo                        
00000250  adcGetData                          
00000418  adcIsFifoFull                       
00000448  adcIsConversionComplete             
00000478  adcCalibration                      
00000650  adcMidPointCalibration              
000007ec  adcEnableNotification               
0000083c  adcDisableNotification              
00000864  adcSetEVTPin                        
00000884  adcGetEVTPin                        
0000089c  adc1GetConfigValue                  
00000b0c  muxInit                             
000014d4  setupPLL                            
00001534  trimLPO                             
000015a8  setupFlash                          
000015e8  periphInit                          
0000169c  mapClocks                           
000017c8  systemInit                          
0000183c  systemPowerDown                     
0000186c  getResetSource                      
00001994  systemGetConfigValue                
00001dc4  customTrimLPO                       
00001e6c  vimInit                             
00001f40  vimChannelMap                       
00001fe4  vimEnableInterrupt                  
000021ac  vimDisableInterrupt                 
00002258  vimGetConfigValue                   
000027a4  sciInit                             
00002890  sciSetFunctional                    
000028b0  sciSetBaudrate                      
0000294c  sciIsTxReady                        
00002968  sciSendByte                         
00002998  sciSend                             
00002afc  sciIsRxReady                        
00002b18  sciIsIdleDetected                   
00002b34  sciRxError                          
00002b64  sciReceiveByte                      
00002b90  sciReceive                          
00002ca0  sciEnableLoopback                   
00002cd4  sciDisableLoopback                  
00002cf0  sciEnableNotification               
00002d88  sciDisableNotification              
00002e20  sciEnterResetState                  
00002e40  sciExitResetState                   
00002e60  sci1GetConfigValue                  
00003014  esmInit                             
00003170  esmError                            
0000318c  esmEnableError                      
000031b4  esmEnableErrorUpper                 
000031d0  esmDisableError                     
000031f8  esmDisableErrorUpper                
00003214  esmTriggerErrorPinReset             
00003224  esmActivateNormalOperation          
00003234  esmEnableInterrupt                  
0000325c  esmEnableInterruptUpper             
00003278  esmDisableInterrupt                 
000032a0  esmDisableInterruptUpper            
000032bc  esmSetInterruptLevel                
00003330  esmSetInterruptLevelUpper           
00003370  esmClearStatus                      
000033b0  esmClearStatusUpper                 
000033d4  esmClearStatusBuffer                
000033f0  esmSetCounterPreloadValue           
00003410  esmGetStatus                        
00003494  esmGetStatusUpper                   
000034dc  esmGetStatusBuffer                  
00003504  esmEnterSelfTest                    
0000358c  esmSelfTestStatus                   
000035dc  esmGetConfigValue                   
000037a0  _errata_SSWF021_45_both_plls        
00003994  _errata_SSWF021_45_pll1             
00003b0c  _errata_SSWF021_45_pll2             
00003e04  gioInit                             
00003ed4  gioSetDirection                     
00003ef4  gioSetBit                           
00003f44  gioSetPort                          
00003f64  gioGetBit                           
00003f8c  gioGetPort                          
00003fa4  gioToggleBit                        
00003ffc  gioEnableNotification               
00004064  gioDisableNotification              
000040cc  gioGetConfigValue                   
00004288  _coreInitRegisters_                 
00004394  _coreInitStackPointer_              
000043e0  _getCPSRValue_                      
000043e8  _gotoCPUIdle_                       
00004400  _coreEnableVfp_                     
00004418  _coreEnableEventBusExport_          
00004428  _coreDisableEventBusExport_         
00004438  _coreEnableIrqVicOffset_            
00004448  _coreGetDataFault_                  
00004450  _coreClearDataFault_                
0000445c  _coreGetInstructionFault_           
00004464  _coreClearInstructionFault_         
00004470  _coreGetDataFaultAddress_           
00004478  _coreClearDataFaultAddress_         
00004484  _coreGetInstructionFaultAddress_    
0000448c  _coreClearInstructionFaultAddress_  
00004498  _coreGetAuxiliaryDataFault_         
000044a0  _coreClearAuxiliaryDataFault_       
000044ac  _coreGetAuxiliaryInstructionFault_  
000044b4  _coreClearAuxiliaryInstructionFault_
000044c0  _disable_IRQ_interrupt_             
000044c8  _enable_IRQ_interrupt_              
000044d0  _enable_interrupt_                  
000044d8  _esmCcmErrorsClear_                 
00004560  _memInit_                           
00004594  _checkMemInitOn_                    
000045b4  _cacheEnable_                       
000045f8  _cacheDisable_                      
0000461c  _dCacheInvalidate_                  
00004630  _iCacheInvalidate_                  
00004644  __TI_PINIT_Base                     
00004648  __TI_PINIT_Limit                    
0000464c  main                                
00004798  sciDisplayData                      
0000490c  sciDisplayText                      
0000496c  wait                                
000049cc  _mpuInit_                           
00004c84  _mpuEnable_                         
00004c9c  _mpuDisable_                        
00004cb4  _mpuEnableBackgroundRegion_         
00004cc4  _mpuDisableBackgroundRegion_        
00004cd4  _mpuGetNumberOfRegions_             
00004ce0  _mpuAreRegionsSeparate_             
00004cec  _mpuSetRegion_                      
00004cf4  _mpuGetRegion_                      
00004cfc  _mpuSetRegionBaseAddress_           
00004d04  _mpuGetRegionBaseAddress_           
00004d0c  _mpuSetRegionTypeAndPermission_     
00004d18  _mpuGetRegionType_                  
00004d24  _mpuGetRegionPermission_            
00004d30  _mpuSetRegionSizeRegister_          
00004d38  vimECCErrorHandler                  
00005074  __aeabi_memcpy                      
00005074  __aeabi_memcpy4                     
00005074  __aeabi_memcpy8                     
00005074  memcpy                              
000051f4  esmHighInterrupt                    
0000536c  floor                               
0000536c  floorl                              
000054a0  _c_int00                            
00005578  __aeabi_memclr                      
00005578  __aeabi_memclr4                     
00005578  __aeabi_memclr8                     
0000557c  __aeabi_memset                      
0000557c  __aeabi_memset4                     
0000557c  __aeabi_memset8                     
00005588  memset                              
00005628  esmGroup1Notification               
0000563c  esmGroup2Notification               
00005650  esmGroup3Notification               
00005660  dmaGroupANotification               
00005674  adcNotification                     
00005688  gioNotification                     
0000569c  sciNotification                     
000056b0  epcCAMFullNotification              
000056b4  epcFIFOFullNotification             
000056c4  __TI_decompress_lzss                
00005754  __TI_auto_init_nobinit_nopinit      
000057bc  __TI_zero_init_nomemset             
000057e4  __TI_decompress_none                
000057f8  C$$EXIT                             
000057f8  abort                               
00005800  handlePLLLockFail                   
00005804  phantomInterrupt                    
00005a7c  __TI_Handler_Table_Base             
00005a88  __TI_Handler_Table_Limit            
00005a90  __TI_CINIT_Base                     
00005aa0  __TI_CINIT_Limit                    
08001500  __start___llvm_prf_cnts             
08001500  __stop___llvm_prf_cnts              
08001550  adc_data                            
08001560  TEXT1                               
0800156c  TEXT2                               
ffffffff  __TI_pprof_out_hndl                 
ffffffff  __TI_prof_data_size                 
ffffffff  __TI_prof_data_start                
ffffffff  __binit__                           
ffffffff  __c_args__                          
ffffffff  binit                               
UNDEFED   SHT$$INIT_ARRAY$$Base               
UNDEFED   SHT$$INIT_ARRAY$$Limit              
UNDEFED   _system_post_cinit                  

[189 symbols]
