******************************************************************************
                  TI ARM Linker PC v20.2.1                     
******************************************************************************
>> Linked Tue Sep 22 00:21:21 2020

OUTPUT FILE NAME:   <TMS570LS0432_CAN12_Remote.out>
ENTRY POINT SYMBOL: "_c_int00"  address: 00005b6c


MEMORY CONFIGURATION

         name            origin    length      used     unused   attr    fill
----------------------  --------  ---------  --------  --------  ----  --------
  VECTORS               00000000   00000020  00000020  00000000     X
  FLASH0                00000020   0005ffe0  0000667c  00059964  R  X
  STACKS                08000000   00001500  00000000  00001500  RW  
  RAM                   08001500   00006b00  00000094  00006a6c  RW  


SEGMENT ALLOCATION MAP

run origin  load origin   length   init length attrs members
----------  ----------- ---------- ----------- ----- -------
00000000    00000000    0000669c   0000669c    r-x
  00000000    00000000    00000020   00000020    r-x .intvecs
  00000020    00000020    000064b8   000064b8    r-x .text
  000064d8    000064d8    000001a0   000001a0    r-- .const
  00006678    00006678    00000024   00000024    r-- .cinit
08001500    08001500    00000094   00000000    rw-
  08001500    08001500    00000094   00000000    rw- .data


SECTION ALLOCATION MAP

 output                                  attributes/
section   page    origin      length       input sections
--------  ----  ----------  ----------   ----------------
.intvecs   0    00000000    00000020     
                  00000000    00000020     sys_intvecs.obj (.intvecs)

.text      0    00000020    000064b8     
                  00000020    000024f0     sys_selftest.obj (.text)
                  00002510    00000ea0     can.obj (.text)
                  000033b0    00000aa0     system.obj (.text)
                  00003e50    00000898     sys_vim.obj (.text)
                  000046e8    00000664     errata_SSWF021_45.obj (.text)
                  00004d4c    000005bc     esm.obj (.text)
                  00005308    0000032c     sys_main.obj (.text)
                  00005634    000002d0     sys_core.obj (.text)
                  00005904    00000268     sys_vim.obj (.text:retain)
                  00005b6c    00000214     sys_startup.obj (.text:retain)
                  00005d80    00000180     rtsv7R4_A_be_eabi.lib : memcpy32.asm.obj (.text)
                  00005f00    00000150     pinmux.obj (.text)
                  00006050    000000ec     esm.obj (.text:retain)
                  0000613c    000000e8     dabort.obj (.text)
                  00006224    000000e0     sys_pmu.obj (.text)
                  00006304    000000b8     notification.obj (.text)
                  000063bc    00000090     rtsv7R4_A_be_eabi.lib : copy_decompress_lzss.c.obj (.text:decompress:lzss:__TI_decompress_lzss)
                  0000644c    00000068                           : autoinit.c.obj (.text:__TI_auto_init_nobinit_nopinit:__TI_auto_init_nobinit_nopinit)
                  000064b4    00000014                           : copy_decompress_none.c.obj (.text:decompress:none:__TI_decompress_none)
                  000064c8    00000008                           : exit.c.obj (.text:abort:abort)
                  000064d0    00000004     sys_phantom.obj (.text:retain)
                  000064d4    00000004     sys_startup.obj (.text)

.const     0    000064d8    000001a0     
                  000064d8    00000180     sys_vim.obj (.const:s_vim_init)
                  00006658    00000020     can.obj (.const:s_canByteOrder)

.cinit     0    00006678    00000024     
                  00006678    00000011     (.cinit..data.load) [load image, compression = lzss]
                  00006689    00000003     --HOLE-- [fill = 0]
                  0000668c    00000008     (__TI_handler_table)
                  00006694    00000008     (__TI_cinit_table)

.data      0    08001500    00000094     UNINITIALIZED
                  08001500    00000040     sys_main.obj (.data:rx_data)
                  08001540    00000040     sys_main.obj (.data:tx_data)
                  08001580    00000014     sys_main.obj (.data)

__llvm_prf_cnts 
*          0    08001500    00000000     UNINITIALIZED

MODULE SUMMARY

       Module                       code    ro data   rw data
       ------                       ----    -------   -------
    .\source\
       sys_selftest.obj             9456    0         0      
       can.obj                      3744    32        0      
       sys_vim.obj                  2816    384       0      
       system.obj                   2720    0         0      
       esm.obj                      1704    0         0      
       errata_SSWF021_45.obj        1636    0         0      
       sys_main.obj                 812     0         148    
       sys_core.obj                 720     0         0      
       sys_startup.obj              536     0         0      
       pinmux.obj                   336     0         0      
       dabort.obj                   232     0         0      
       sys_pmu.obj                  224     0         0      
       notification.obj             184     0         0      
       sys_intvecs.obj              32      0         0      
       sys_phantom.obj              4       0         0      
    +--+----------------------------+-------+---------+---------+
       Total:                       25156   416       148    
                                                             
    C:\ti\ccs1010\ccs\tools\compiler\ti-cgt-arm_20.2.1.LTS\lib\rtsv7R4_A_be_eabi.lib
       memcpy32.asm.obj             384     0         0      
       copy_decompress_lzss.c.obj   144     0         0      
       autoinit.c.obj               104     0         0      
       copy_decompress_none.c.obj   20      0         0      
       exit.c.obj                   8       0         0      
    +--+----------------------------+-------+---------+---------+
       Total:                       660     0         0      
                                                             
       Linker Generated:            0       33        0      
    +--+----------------------------+-------+---------+---------+
       Grand Total:                 25816   449       148    


LINKER GENERATED COPY TABLES

__TI_cinit_table @ 00006694 records: 1, size/record: 8, table size: 8
	.data: load addr=00006678, load size=00000011 bytes, run addr=08001500, run size=00000094 bytes, compression=lzss


LINKER GENERATED HANDLER TABLE

__TI_handler_table @ 0000668c records: 2, size/record: 4, table size: 8
	index: 0, handler: __TI_decompress_lzss
	index: 1, handler: __TI_decompress_none


GLOBAL SYMBOLS: SORTED ALPHABETICALLY BY Name 

address   name                                
-------   ----                                
000064c8  C$$EXIT                             
UNDEFED   SHT$$INIT_ARRAY$$Base               
UNDEFED   SHT$$INIT_ARRAY$$Limit              
00006694  __TI_CINIT_Base                     
0000669c  __TI_CINIT_Limit                    
0000668c  __TI_Handler_Table_Base             
00006694  __TI_Handler_Table_Limit            
000058fc  __TI_PINIT_Base                     
00005900  __TI_PINIT_Limit                    
0000644c  __TI_auto_init_nobinit_nopinit      
000063bc  __TI_decompress_lzss                
000064b4  __TI_decompress_none                
ffffffff  __TI_pprof_out_hndl                 
ffffffff  __TI_prof_data_size                 
ffffffff  __TI_prof_data_start                
00000000  __TI_static_base__                  
00005d80  __aeabi_memcpy                      
00005d80  __aeabi_memcpy4                     
00005d80  __aeabi_memcpy8                     
ffffffff  __binit__                           
ffffffff  __c_args__                          
08001500  __start___llvm_prf_cnts             
08001500  __stop___llvm_prf_cnts              
00005b6c  _c_int00                            
00005824  _coreClearAuxiliaryDataFault_       
00005838  _coreClearAuxiliaryInstructionFault_
000057fc  _coreClearDataFaultAddress_         
000057d4  _coreClearDataFault_                
00005810  _coreClearInstructionFaultAddress_  
000057e8  _coreClearInstructionFault_         
00005768  _coreDisableEventBusExport_         
000057ac  _coreDisableFlashEcc_               
00005788  _coreDisableRamEcc_                 
00005758  _coreEnableEventBusExport_          
00005798  _coreEnableFlashEcc_                
000057bc  _coreEnableIrqVicOffset_            
00005778  _coreEnableRamEcc_                  
0000581c  _coreGetAuxiliaryDataFault_         
00005830  _coreGetAuxiliaryInstructionFault_  
000057f4  _coreGetDataFaultAddress_           
000057cc  _coreGetDataFault_                  
00005808  _coreGetInstructionFaultAddress_    
000057e0  _coreGetInstructionFault_           
00005634  _coreInitRegisters_                 
000056ec  _coreInitStackPointer_              
0000613c  _dabort                             
0000584c  _disable_FIQ_interrupt_             
00005854  _disable_IRQ_interrupt_             
00005844  _disable_interrupt_                 
0000585c  _enable_interrupt_                  
000058ec  _errata_CORTEXR4_66_                
000046e8  _errata_SSWF021_45_both_plls        
000048dc  _errata_SSWF021_45_pll1             
00004a54  _errata_SSWF021_45_pll2             
00005864  _esmCcmErrorsClear_                 
00005738  _getCPSRValue_                      
00005740  _gotoCPUIdle_                       
00006280  _pmuDisableCountersGlobal_          
00006270  _pmuEnableCountersGlobal_           
000062dc  _pmuGetCycleCount_                  
000062e4  _pmuGetEventCount_                  
000062f0  _pmuGetOverflow_                    
00006224  _pmuInit_                           
000062b0  _pmuResetCounters_                  
00006290  _pmuResetCycleCounter_              
000062a0  _pmuResetEventCounters_             
000062d0  _pmuSetCountEvent_                  
000062c0  _pmuStartCounters_                  
000062c8  _pmuStopCounters_                   
UNDEFED   _system_post_cinit                  
000064c8  abort                               
00001004  adc1ParityCheck                     
ffffffff  binit                               
0000301c  can1GetConfigValue                  
000010bc  can1ParityCheck                     
00003174  can2GetConfigValue                  
00001198  can2ParityCheck                     
00002ebc  canDisableErrorNotification         
00002e9c  canDisableStatusChangeNotification  
00002f14  canDisableloopback                  
00002e5c  canEnableErrorNotification          
00002e7c  canEnableStatusChangeNotification   
00002edc  canEnableloopback                   
0000636c  canErrorNotification                
00002c04  canFillMessageObjectData            
0000292c  canGetData                          
00002e38  canGetErrorLevel                    
00002a84  canGetID                            
00002e14  canGetLastError                     
00002510  canInit                             
00003000  canIoRxGetBit                       
00002f44  canIoSetDirection                   
00002f94  canIoSetPort                        
00002fe4  canIoTxGetBit                       
00002db8  canIsMessageBoxValid                
00002d5c  canIsRxMessageArrived               
00002d00  canIsTxMessagePending               
00006394  canMessageNotification              
00002b64  canSendRemoteFrame                  
00006380  canStatusChangeNotification         
00002830  canTransmit                         
00002aec  canUpdateID                         
00000030  ccmSelfCheck                        
00002034  ccmr4GetConfigValue                 
00000938  checkB0RAMECC                       
00000b28  checkB1RAMECC                       
00001604  checkClockMonitor                   
00000d18  checkFlashECC                       
000016d8  checkFlashEEPROMECC                 
00001880  checkPLL1Slip                       
00005594  checkPackets                        
0000199c  checkRAMAddrParity                  
000013bc  checkRAMECC                         
00001aa4  checkRAMUERRTest                    
000007bc  checkefcSelfTest                    
08001580  cnt                                 
00000234  cpuSelfTest                         
00000dfc  cpuSelfTestFail                     
00003d90  customTrimLPO                       
00000df4  custom_dabort                       
00002424  disableParity                       
08001590  dptr                                
000054fc  dumpSomeData                        
00000660  efcCheck                            
00001f98  efcGetConfigValue                   
00000794  efcSelfTest                         
000006e8  efcStuckZeroTest                    
000023d0  enableParity                        
000020b0  errata_PBIST_4                      
08001584  error                               
00004ed0  esmActivateNormalOperation          
00004fa4  esmClearStatus                      
00004fe4  esmClearStatusBuffer                
00004e98  esmDisableError                     
00004f08  esmDisableInterrupt                 
00004e70  esmEnableError                      
00004ee0  esmEnableInterrupt                  
000050dc  esmEnterSelfTest                    
00004e54  esmError                            
000051b4  esmGetConfigValue                   
00005020  esmGetStatus                        
000050a4  esmGetStatusBuffer                  
00006304  esmGroup1Notification               
00006314  esmGroup2Notification               
00006050  esmHighInterrupt                    
00004d4c  esmInit                             
00005164  esmSelfTestStatus                   
00005000  esmSetCounterPreloadValue           
00004f30  esmSetInterruptLevel                
00004ec0  esmTriggerErrorPinReset             
00001c00  fmcBus1ParityCheck                  
0000085c  fmcBus2Check                        
00000898  fmcECCcheck                         
000064d4  handlePLLLockFail                   
00000eac  het1ParityCheck                     
00000f4c  htu1ParityCheck                     
00005308  main                                
00003508  mapClocks                           
00005d80  memcpy                              
00000174  memoryInit                          
00006324  memoryPort0TestFailNotification     
00006340  memoryPort1TestFailNotification     
00001260  mibspi1ParityCheck                  
00005f00  muxInit                             
00001d2c  pbistFail                           
00001db0  pbistGetConfigValue                 
000005a8  pbistIsTestCompleted                
000005d4  pbistIsTestPassed                   
00000608  pbistPortTestStatus                 
000004ac  pbistRun                            
000002cc  pbistSelfCheck                      
00000578  pbistStop                           
000034b4  periphInit                          
000064d0  phantomInterrupt                    
00005f88  pinmuxGetConfigValue                
00000000  resetEntry                          
0000635c  rtiNotification                     
08001500  rx_data                             
0800158c  rx_ptr                              
000063a8  sciNotification                     
00000020  selftestFailNotification            
00003474  setupFlash                          
000033b0  setupPLL                            
00003c54  sramGetConfigValue                  
00001ef8  stcGetConfigValue                   
000001b8  stcSelfCheck                        
00000df8  stcSelfCheckFail                    
000036e8  systemGetConfigValue                
000035ec  systemInit                          
000036b8  systemPowerDown                     
00003aa8  tcmflashGetConfigValue              
00003400  trimLPO                             
08001540  tx_data                             
08001588  tx_ptr                              
00003f24  vimChannelMap                       
00004120  vimDisableInterrupt                 
00003fc8  vimEnableInterrupt                  
000041a4  vimGetConfigValue                   
00003e50  vimInit                             
00000e00  vimParityCheck                      
00005904  vimParityErrorHandler               


GLOBAL SYMBOLS: SORTED BY Symbol Address 

address   name                                
-------   ----                                
00000000  __TI_static_base__                  
00000000  resetEntry                          
00000020  selftestFailNotification            
00000030  ccmSelfCheck                        
00000174  memoryInit                          
000001b8  stcSelfCheck                        
00000234  cpuSelfTest                         
000002cc  pbistSelfCheck                      
000004ac  pbistRun                            
00000578  pbistStop                           
000005a8  pbistIsTestCompleted                
000005d4  pbistIsTestPassed                   
00000608  pbistPortTestStatus                 
00000660  efcCheck                            
000006e8  efcStuckZeroTest                    
00000794  efcSelfTest                         
000007bc  checkefcSelfTest                    
0000085c  fmcBus2Check                        
00000898  fmcECCcheck                         
00000938  checkB0RAMECC                       
00000b28  checkB1RAMECC                       
00000d18  checkFlashECC                       
00000df4  custom_dabort                       
00000df8  stcSelfCheckFail                    
00000dfc  cpuSelfTestFail                     
00000e00  vimParityCheck                      
00000eac  het1ParityCheck                     
00000f4c  htu1ParityCheck                     
00001004  adc1ParityCheck                     
000010bc  can1ParityCheck                     
00001198  can2ParityCheck                     
00001260  mibspi1ParityCheck                  
000013bc  checkRAMECC                         
00001604  checkClockMonitor                   
000016d8  checkFlashEEPROMECC                 
00001880  checkPLL1Slip                       
0000199c  checkRAMAddrParity                  
00001aa4  checkRAMUERRTest                    
00001c00  fmcBus1ParityCheck                  
00001d2c  pbistFail                           
00001db0  pbistGetConfigValue                 
00001ef8  stcGetConfigValue                   
00001f98  efcGetConfigValue                   
00002034  ccmr4GetConfigValue                 
000020b0  errata_PBIST_4                      
000023d0  enableParity                        
00002424  disableParity                       
00002510  canInit                             
00002830  canTransmit                         
0000292c  canGetData                          
00002a84  canGetID                            
00002aec  canUpdateID                         
00002b64  canSendRemoteFrame                  
00002c04  canFillMessageObjectData            
00002d00  canIsTxMessagePending               
00002d5c  canIsRxMessageArrived               
00002db8  canIsMessageBoxValid                
00002e14  canGetLastError                     
00002e38  canGetErrorLevel                    
00002e5c  canEnableErrorNotification          
00002e7c  canEnableStatusChangeNotification   
00002e9c  canDisableStatusChangeNotification  
00002ebc  canDisableErrorNotification         
00002edc  canEnableloopback                   
00002f14  canDisableloopback                  
00002f44  canIoSetDirection                   
00002f94  canIoSetPort                        
00002fe4  canIoTxGetBit                       
00003000  canIoRxGetBit                       
0000301c  can1GetConfigValue                  
00003174  can2GetConfigValue                  
000033b0  setupPLL                            
00003400  trimLPO                             
00003474  setupFlash                          
000034b4  periphInit                          
00003508  mapClocks                           
000035ec  systemInit                          
000036b8  systemPowerDown                     
000036e8  systemGetConfigValue                
00003aa8  tcmflashGetConfigValue              
00003c54  sramGetConfigValue                  
00003d90  customTrimLPO                       
00003e50  vimInit                             
00003f24  vimChannelMap                       
00003fc8  vimEnableInterrupt                  
00004120  vimDisableInterrupt                 
000041a4  vimGetConfigValue                   
000046e8  _errata_SSWF021_45_both_plls        
000048dc  _errata_SSWF021_45_pll1             
00004a54  _errata_SSWF021_45_pll2             
00004d4c  esmInit                             
00004e54  esmError                            
00004e70  esmEnableError                      
00004e98  esmDisableError                     
00004ec0  esmTriggerErrorPinReset             
00004ed0  esmActivateNormalOperation          
00004ee0  esmEnableInterrupt                  
00004f08  esmDisableInterrupt                 
00004f30  esmSetInterruptLevel                
00004fa4  esmClearStatus                      
00004fe4  esmClearStatusBuffer                
00005000  esmSetCounterPreloadValue           
00005020  esmGetStatus                        
000050a4  esmGetStatusBuffer                  
000050dc  esmEnterSelfTest                    
00005164  esmSelfTestStatus                   
000051b4  esmGetConfigValue                   
00005308  main                                
000054fc  dumpSomeData                        
00005594  checkPackets                        
00005634  _coreInitRegisters_                 
000056ec  _coreInitStackPointer_              
00005738  _getCPSRValue_                      
00005740  _gotoCPUIdle_                       
00005758  _coreEnableEventBusExport_          
00005768  _coreDisableEventBusExport_         
00005778  _coreEnableRamEcc_                  
00005788  _coreDisableRamEcc_                 
00005798  _coreEnableFlashEcc_                
000057ac  _coreDisableFlashEcc_               
000057bc  _coreEnableIrqVicOffset_            
000057cc  _coreGetDataFault_                  
000057d4  _coreClearDataFault_                
000057e0  _coreGetInstructionFault_           
000057e8  _coreClearInstructionFault_         
000057f4  _coreGetDataFaultAddress_           
000057fc  _coreClearDataFaultAddress_         
00005808  _coreGetInstructionFaultAddress_    
00005810  _coreClearInstructionFaultAddress_  
0000581c  _coreGetAuxiliaryDataFault_         
00005824  _coreClearAuxiliaryDataFault_       
00005830  _coreGetAuxiliaryInstructionFault_  
00005838  _coreClearAuxiliaryInstructionFault_
00005844  _disable_interrupt_                 
0000584c  _disable_FIQ_interrupt_             
00005854  _disable_IRQ_interrupt_             
0000585c  _enable_interrupt_                  
00005864  _esmCcmErrorsClear_                 
000058ec  _errata_CORTEXR4_66_                
000058fc  __TI_PINIT_Base                     
00005900  __TI_PINIT_Limit                    
00005904  vimParityErrorHandler               
00005b6c  _c_int00                            
00005d80  __aeabi_memcpy                      
00005d80  __aeabi_memcpy4                     
00005d80  __aeabi_memcpy8                     
00005d80  memcpy                              
00005f00  muxInit                             
00005f88  pinmuxGetConfigValue                
00006050  esmHighInterrupt                    
0000613c  _dabort                             
00006224  _pmuInit_                           
00006270  _pmuEnableCountersGlobal_           
00006280  _pmuDisableCountersGlobal_          
00006290  _pmuResetCycleCounter_              
000062a0  _pmuResetEventCounters_             
000062b0  _pmuResetCounters_                  
000062c0  _pmuStartCounters_                  
000062c8  _pmuStopCounters_                   
000062d0  _pmuSetCountEvent_                  
000062dc  _pmuGetCycleCount_                  
000062e4  _pmuGetEventCount_                  
000062f0  _pmuGetOverflow_                    
00006304  esmGroup1Notification               
00006314  esmGroup2Notification               
00006324  memoryPort0TestFailNotification     
00006340  memoryPort1TestFailNotification     
0000635c  rtiNotification                     
0000636c  canErrorNotification                
00006380  canStatusChangeNotification         
00006394  canMessageNotification              
000063a8  sciNotification                     
000063bc  __TI_decompress_lzss                
0000644c  __TI_auto_init_nobinit_nopinit      
000064b4  __TI_decompress_none                
000064c8  C$$EXIT                             
000064c8  abort                               
000064d0  phantomInterrupt                    
000064d4  handlePLLLockFail                   
0000668c  __TI_Handler_Table_Base             
00006694  __TI_CINIT_Base                     
00006694  __TI_Handler_Table_Limit            
0000669c  __TI_CINIT_Limit                    
08001500  __start___llvm_prf_cnts             
08001500  __stop___llvm_prf_cnts              
08001500  rx_data                             
08001540  tx_data                             
08001580  cnt                                 
08001584  error                               
08001588  tx_ptr                              
0800158c  rx_ptr                              
08001590  dptr                                
ffffffff  __TI_pprof_out_hndl                 
ffffffff  __TI_prof_data_size                 
ffffffff  __TI_prof_data_start                
ffffffff  __binit__                           
ffffffff  __c_args__                          
ffffffff  binit                               
UNDEFED   SHT$$INIT_ARRAY$$Base               
UNDEFED   SHT$$INIT_ARRAY$$Limit              
UNDEFED   _system_post_cinit                  

[201 symbols]
