******************************************************************************
                  TI ARM Linker PC v18.1.1                     
******************************************************************************
>> Linked Wed Apr 11 16:26:31 2018

OUTPUT FILE NAME:   <Scara-V0.0.out>
ENTRY POINT SYMBOL: "_c_int00"  address: 00004e30


MEMORY CONFIGURATION

         name            origin    length      used     unused   attr    fill
----------------------  --------  ---------  --------  --------  ----  --------
  VECTORS               00000000   00000020  00000020  00000000     X
  FLASH0                00000020   001fffe0  00005214  001fadcc  R  X
  FLASH1                00200000   00200000  00000000  00200000  R  X
  STACKS                08000000   00001500  00000000  00001500  RW  
  RAM                   08001500   0007eb00  00000051  0007eaaf  RW  


SEGMENT ALLOCATION MAP

run origin  load origin   length   init length attrs members
----------  ----------- ---------- ----------- ----- -------
00000000    00000000    00005234   00005234    r-x
  00000000    00000000    00000020   00000020    r-x .intvecs
  00000020    00000020    00005000   00005000    r-x .text
  00005020    00005020    00000200   00000200    r-- .const
  00005220    00005220    00000014   00000014    r-- .cinit
08001500    08001500    00000051   00000000    rw-
  08001500    08001500    00000051   00000000    rw- .bss


SECTION ALLOCATION MAP

 output                                  attributes/
section   page    origin      length       input sections
--------  ----  ----------  ----------   ----------------
.intvecs   0    00000000    00000020     
                  00000000    00000020     HL_sys_intvecs.obj (.intvecs)

.text      0    00000020    00005000     
                  00000020    000009ec     HL_pinmux.obj (.text)
                  00000a0c    0000095c     HL_system.obj (.text)
                  00001368    00000938     HL_sys_vim.obj (.text)
                  00001ca0    0000088c     HL_sys_main.obj (.text)
                  0000252c    00000870     HL_sci.obj (.text)
                  00002d9c    0000078c     HL_esm.obj (.text)
                  00003528    00000698     HL_rti.obj (.text)
                  00003bc0    00000484     HL_gio.obj (.text)
                  00004044    000003c4     HL_sys_core.obj (.text)
                  00004408    0000036c     HL_sys_mpu.obj (.text)
                  00004774    0000033c     HL_sys_vim.obj (.text:retain)
                  00004ab0    00000178     HL_esm.obj (.text:retain)
                  00004c28    00000134     rtsv7R4_A_le_v3D16_eabi.lib : s_floor.c.obj (.text:floor)
                  00004d5c    000000d4     HL_notification.obj (.text)
                  00004e30    000000b4     HL_sys_startup.obj (.text:retain)
                  00004ee4    00000068     rtsv7R4_A_le_v3D16_eabi.lib : autoinit.c.obj (.text:__TI_auto_init_nobinit_nopinit:__TI_auto_init_nobinit_nopinit)
                  00004f4c    00000054     HL_rti.obj (.text:retain)
                  00004fa0    00000050     rtsv7R4_A_le_v3D16_eabi.lib : u_div32.asm.obj (.text)
                  00004ff0    00000020                                 : copy_zero_init.c.obj (.text:decompress:ZI:__TI_zero_init_nomemset:__TI_zero_init_nomemset)
                  00005010    00000008                                 : exit.c.obj (.text:abort:abort)
                  00005018    00000004     HL_sys_phantom.obj (.text:retain)
                  0000501c    00000004     rtsv7R4_A_le_v3D16_eabi.lib : div0.asm.obj (.text)

.const     0    00005020    00000200     
                  00005020    00000200     HL_sys_vim.obj (.const:s_vim_init)

.cinit     0    00005220    00000014     
                  00005220    00000008     (.cinit..bss.load) [load image, compression = zero_init]
                  00005228    00000004     (__TI_handler_table)
                  0000522c    00000008     (__TI_cinit_table)

.bss       0    08001500    00000051     UNINITIALIZED
                  08001500    00000050     HL_sci.obj (.bss:g_sciTransfer_t)
                  08001550    00000001     (.common:EOT)

MODULE SUMMARY

       Module                 code    ro data   rw data
       ------                 ----    -------   -------
    .\source\
       HL_sys_vim.obj         3188    512       0      
       HL_pinmux.obj          2540    0         0      
       HL_system.obj          2396    0         0      
       HL_esm.obj             2308    0         0      
       HL_sci.obj             2160    0         80     
       HL_sys_main.obj        2188    0         1      
       HL_rti.obj             1772    0         0      
       HL_gio.obj             1156    0         0      
       HL_sys_core.obj        964     0         0      
       HL_sys_mpu.obj         876     0         0      
       HL_notification.obj    212     0         0      
       HL_sys_startup.obj     180     0         0      
       HL_sys_intvecs.obj     32      0         0      
       HL_sys_phantom.obj     4       0         0      
    +--+----------------------+-------+---------+---------+
       Total:                 19976   512       81     
                                                       
    C:\ti\ccsv7\tools\compiler\ti-cgt-arm_18.1.1.LTS\lib\rtsv7R4_A_le_v3D16_eabi.lib
       s_floor.c.obj          308     0         0      
       autoinit.c.obj         104     0         0      
       u_div32.asm.obj        80      0         0      
       copy_zero_init.c.obj   32      0         0      
       exit.c.obj             8       0         0      
       div0.asm.obj           4       0         0      
    +--+----------------------+-------+---------+---------+
       Total:                 536     0         0      
                                                       
       Linker Generated:      0       20        0      
    +--+----------------------+-------+---------+---------+
       Grand Total:           20512   532       81     


LINKER GENERATED COPY TABLES

__TI_cinit_table @ 0000522c records: 1, size/record: 8, table size: 8
	.bss: load addr=00005220, load size=00000008 bytes, run addr=08001500, run size=00000051 bytes, compression=zero_init


LINKER GENERATED HANDLER TABLE

__TI_handler_table @ 00005228 records: 1, size/record: 4, table size: 4
	index: 0, handler: __TI_zero_init


GLOBAL SYMBOLS: SORTED ALPHABETICALLY BY Name 

address   name                                
-------   ----                                
00005010  C$$EXIT                             
08001550  EOT                                 
000038f4  IsdwdKeySequenceCorrect             
00002264  Max                                 
00001ca0  Motore1                             
00001f88  Motore2                             
00002374  Ricezione                           
UNDEFED   SHT$$INIT_ARRAY$$Base               
UNDEFED   SHT$$INIT_ARRAY$$Limit              
000022c8  SetUpCom                            
0000245c  Spedizione                          
0000522c  __TI_CINIT_Base                     
00005234  __TI_CINIT_Limit                    
00005228  __TI_Handler_Table_Base             
0000522c  __TI_Handler_Table_Limit            
00004400  __TI_PINIT_Base                     
00004404  __TI_PINIT_Limit                    
00004ee4  __TI_auto_init_nobinit_nopinit      
ffffffff  __TI_pprof_out_hndl                 
ffffffff  __TI_prof_data_size                 
ffffffff  __TI_prof_data_start                
00000000  __TI_static_base__                  
00004ff0  __TI_zero_init_nomemset             
0000501c  __aeabi_idiv0                       
0000501c  __aeabi_ldiv0                       
00004fa0  __aeabi_uidiv                       
00004fa0  __aeabi_uidivmod                    
ffffffff  __binit__                           
ffffffff  __c_args__                          
00004e30  _c_int00                            
000043b4  _cacheDisable_                      
00004370  _cacheEnable_                       
00004350  _checkMemInitOn_                    
0000425c  _coreClearAuxiliaryDataFault_       
00004270  _coreClearAuxiliaryInstructionFault_
00004234  _coreClearDataFaultAddress_         
0000420c  _coreClearDataFault_                
00004248  _coreClearInstructionFaultAddress_  
00004220  _coreClearInstructionFault_         
000041e4  _coreDisableEventBusExport_         
000041d4  _coreEnableEventBusExport_          
000041f4  _coreEnableIrqVicOffset_            
000041bc  _coreEnableVfp_                     
00004254  _coreGetAuxiliaryDataFault_         
00004268  _coreGetAuxiliaryInstructionFault_  
0000422c  _coreGetDataFaultAddress_           
00004204  _coreGetDataFault_                  
00004240  _coreGetInstructionFaultAddress_    
00004218  _coreGetInstructionFault_           
00004044  _coreInitRegisters_                 
00004150  _coreInitStackPointer_              
000043d8  _dCacheInvalidate_                  
0000427c  _disable_IRQ_interrupt_             
00004284  _enable_IRQ_interrupt_              
0000428c  _enable_interrupt_                  
00004294  _esmCcmErrorsClear_                 
0000419c  _getCPSRValue_                      
000041a4  _gotoCPUIdle_                       
000043ec  _iCacheInvalidate_                  
0000431c  _memInit_                           
0000471c  _mpuAreRegionsSeparate_             
00004700  _mpuDisableBackgroundRegion_        
000046d8  _mpuDisable_                        
000046f0  _mpuEnableBackgroundRegion_         
000046c0  _mpuEnable_                         
00004710  _mpuGetNumberOfRegions_             
00004740  _mpuGetRegionBaseAddress_           
00004760  _mpuGetRegionPermission_            
00004754  _mpuGetRegionType_                  
00004730  _mpuGetRegion_                      
00004408  _mpuInit_                           
00004738  _mpuSetRegionBaseAddress_           
0000476c  _mpuSetRegionSizeRegister_          
00004748  _mpuSetRegionTypeAndPermission_     
00004728  _mpuSetRegion_                      
UNDEFED   _system_post_cinit                  
00005010  abort                               
ffffffff  binit                               
00004d94  dmaGroupANotification               
00003964  dwdClearFlag                        
00003868  dwdCounterEnable                    
000038cc  dwdGenerateSysReset                 
0000392c  dwdGetStatus                        
00003980  dwdGetViolationStatus               
000037d8  dwdInit                             
000038a4  dwdReset                            
00003884  dwdSetPreload                       
00003850  dwwdGetCurrentDownCounter           
00003804  dwwdInit                            
00004e1c  epcCAMFullNotification              
00004e20  epcFIFOFullNotification             
00004e08  eqepNotification                    
00002fac  esmActivateNormalOperation          
000030f8  esmClearStatus                      
0000315c  esmClearStatusBuffer                
00003138  esmClearStatusUpper                 
00002f58  esmDisableError                     
00002f80  esmDisableErrorUpper                
00003000  esmDisableInterrupt                 
00003028  esmDisableInterruptUpper            
00002f14  esmEnableError                      
00002f3c  esmEnableErrorUpper                 
00002fbc  esmEnableInterrupt                  
00002fe4  esmEnableInterruptUpper             
0000328c  esmEnterSelfTest                    
00002ef8  esmError                            
00003364  esmGetConfigValue                   
00003198  esmGetStatus                        
00003264  esmGetStatusBuffer                  
0000321c  esmGetStatusUpper                   
00004d5c  esmGroup1Notification               
00004d70  esmGroup2Notification               
00004d84  esmGroup3Notification               
00004ab0  esmHighInterrupt                    
00002d9c  esmInit                             
00003314  esmSelfTestStatus                   
00003178  esmSetCounterPreloadValue           
00003044  esmSetInterruptLevel                
000030b8  esmSetInterruptLevelUpper           
00002f9c  esmTriggerErrorPinReset             
00004c28  floor                               
00004c28  floorl                              
00000d78  getResetSource                      
00003e20  gioDisableNotification              
00003db8  gioEnableNotification               
00003d20  gioGetBit                           
00003e88  gioGetConfigValue                   
00003d48  gioGetPort                          
00003bc0  gioInit                             
00004dbc  gioNotification                     
00003cb0  gioSetBit                           
00003c90  gioSetDirection                     
00003d00  gioSetPort                          
00003d60  gioToggleBit                        
0000249c  main                                
00000ba8  mapClocks                           
00000020  muxInit                             
00000af4  periphInit                          
00005018  phantomInterrupt                    
00000000  resetEntry                          
00004f4c  rtiCompare0Interrupt                
00003a38  rtiDisableNotification              
00003a0c  rtiEnableNotification               
00003a58  rtiGetConfigValue                   
00003740  rtiGetCurrentTick                   
00003714  rtiGetPeriod                        
00003528  rtiInit                             
000024d4  rtiNotification                     
0000367c  rtiResetCounter                     
000036e8  rtiSetPeriod                        
0000361c  rtiStartCounter                     
0000364c  rtiStopCounter                      
00002be8  sci1GetConfigValue                  
00002a5c  sciDisableLoopback                  
00002b10  sciDisableNotification              
00002a28  sciEnableLoopback                   
00002a78  sciEnableNotification               
00002ba8  sciEnterResetState                  
00002bc8  sciExitResetState                   
0000252c  sciInit                             
000028a0  sciIsIdleDetected                   
00002884  sciIsRxReady                        
000026d4  sciIsTxReady                        
00004dd0  sciNotification                     
00002918  sciReceive                          
000028ec  sciReceiveByte                      
000028bc  sciRxError                          
00002720  sciSend                             
000026f0  sciSendByte                         
00002638  sciSetBaudrate                      
00002618  sciSetFunctional                    
00000ab4  setupFlash                          
00000a0c  setupPLL                            
00004df8  spiEndNotification                  
00004de4  spiNotification                     
000023f4  split                               
00000ea0  systemGetConfigValue                
00000cd4  systemInit                          
00000d48  systemPowerDown                     
00000a6c  trimLPO                             
0000143c  vimChannelMap                       
000016a8  vimDisableInterrupt                 
00004774  vimECCErrorHandler                  
000014e0  vimEnableInterrupt                  
00001754  vimGetConfigValue                   
00001368  vimInit                             


GLOBAL SYMBOLS: SORTED BY Symbol Address 

address   name                                
-------   ----                                
00000000  __TI_static_base__                  
00000000  resetEntry                          
00000020  muxInit                             
00000a0c  setupPLL                            
00000a6c  trimLPO                             
00000ab4  setupFlash                          
00000af4  periphInit                          
00000ba8  mapClocks                           
00000cd4  systemInit                          
00000d48  systemPowerDown                     
00000d78  getResetSource                      
00000ea0  systemGetConfigValue                
00001368  vimInit                             
0000143c  vimChannelMap                       
000014e0  vimEnableInterrupt                  
000016a8  vimDisableInterrupt                 
00001754  vimGetConfigValue                   
00001ca0  Motore1                             
00001f88  Motore2                             
00002264  Max                                 
000022c8  SetUpCom                            
00002374  Ricezione                           
000023f4  split                               
0000245c  Spedizione                          
0000249c  main                                
000024d4  rtiNotification                     
0000252c  sciInit                             
00002618  sciSetFunctional                    
00002638  sciSetBaudrate                      
000026d4  sciIsTxReady                        
000026f0  sciSendByte                         
00002720  sciSend                             
00002884  sciIsRxReady                        
000028a0  sciIsIdleDetected                   
000028bc  sciRxError                          
000028ec  sciReceiveByte                      
00002918  sciReceive                          
00002a28  sciEnableLoopback                   
00002a5c  sciDisableLoopback                  
00002a78  sciEnableNotification               
00002b10  sciDisableNotification              
00002ba8  sciEnterResetState                  
00002bc8  sciExitResetState                   
00002be8  sci1GetConfigValue                  
00002d9c  esmInit                             
00002ef8  esmError                            
00002f14  esmEnableError                      
00002f3c  esmEnableErrorUpper                 
00002f58  esmDisableError                     
00002f80  esmDisableErrorUpper                
00002f9c  esmTriggerErrorPinReset             
00002fac  esmActivateNormalOperation          
00002fbc  esmEnableInterrupt                  
00002fe4  esmEnableInterruptUpper             
00003000  esmDisableInterrupt                 
00003028  esmDisableInterruptUpper            
00003044  esmSetInterruptLevel                
000030b8  esmSetInterruptLevelUpper           
000030f8  esmClearStatus                      
00003138  esmClearStatusUpper                 
0000315c  esmClearStatusBuffer                
00003178  esmSetCounterPreloadValue           
00003198  esmGetStatus                        
0000321c  esmGetStatusUpper                   
00003264  esmGetStatusBuffer                  
0000328c  esmEnterSelfTest                    
00003314  esmSelfTestStatus                   
00003364  esmGetConfigValue                   
00003528  rtiInit                             
0000361c  rtiStartCounter                     
0000364c  rtiStopCounter                      
0000367c  rtiResetCounter                     
000036e8  rtiSetPeriod                        
00003714  rtiGetPeriod                        
00003740  rtiGetCurrentTick                   
000037d8  dwdInit                             
00003804  dwwdInit                            
00003850  dwwdGetCurrentDownCounter           
00003868  dwdCounterEnable                    
00003884  dwdSetPreload                       
000038a4  dwdReset                            
000038cc  dwdGenerateSysReset                 
000038f4  IsdwdKeySequenceCorrect             
0000392c  dwdGetStatus                        
00003964  dwdClearFlag                        
00003980  dwdGetViolationStatus               
00003a0c  rtiEnableNotification               
00003a38  rtiDisableNotification              
00003a58  rtiGetConfigValue                   
00003bc0  gioInit                             
00003c90  gioSetDirection                     
00003cb0  gioSetBit                           
00003d00  gioSetPort                          
00003d20  gioGetBit                           
00003d48  gioGetPort                          
00003d60  gioToggleBit                        
00003db8  gioEnableNotification               
00003e20  gioDisableNotification              
00003e88  gioGetConfigValue                   
00004044  _coreInitRegisters_                 
00004150  _coreInitStackPointer_              
0000419c  _getCPSRValue_                      
000041a4  _gotoCPUIdle_                       
000041bc  _coreEnableVfp_                     
000041d4  _coreEnableEventBusExport_          
000041e4  _coreDisableEventBusExport_         
000041f4  _coreEnableIrqVicOffset_            
00004204  _coreGetDataFault_                  
0000420c  _coreClearDataFault_                
00004218  _coreGetInstructionFault_           
00004220  _coreClearInstructionFault_         
0000422c  _coreGetDataFaultAddress_           
00004234  _coreClearDataFaultAddress_         
00004240  _coreGetInstructionFaultAddress_    
00004248  _coreClearInstructionFaultAddress_  
00004254  _coreGetAuxiliaryDataFault_         
0000425c  _coreClearAuxiliaryDataFault_       
00004268  _coreGetAuxiliaryInstructionFault_  
00004270  _coreClearAuxiliaryInstructionFault_
0000427c  _disable_IRQ_interrupt_             
00004284  _enable_IRQ_interrupt_              
0000428c  _enable_interrupt_                  
00004294  _esmCcmErrorsClear_                 
0000431c  _memInit_                           
00004350  _checkMemInitOn_                    
00004370  _cacheEnable_                       
000043b4  _cacheDisable_                      
000043d8  _dCacheInvalidate_                  
000043ec  _iCacheInvalidate_                  
00004400  __TI_PINIT_Base                     
00004404  __TI_PINIT_Limit                    
00004408  _mpuInit_                           
000046c0  _mpuEnable_                         
000046d8  _mpuDisable_                        
000046f0  _mpuEnableBackgroundRegion_         
00004700  _mpuDisableBackgroundRegion_        
00004710  _mpuGetNumberOfRegions_             
0000471c  _mpuAreRegionsSeparate_             
00004728  _mpuSetRegion_                      
00004730  _mpuGetRegion_                      
00004738  _mpuSetRegionBaseAddress_           
00004740  _mpuGetRegionBaseAddress_           
00004748  _mpuSetRegionTypeAndPermission_     
00004754  _mpuGetRegionType_                  
00004760  _mpuGetRegionPermission_            
0000476c  _mpuSetRegionSizeRegister_          
00004774  vimECCErrorHandler                  
00004ab0  esmHighInterrupt                    
00004c28  floor                               
00004c28  floorl                              
00004d5c  esmGroup1Notification               
00004d70  esmGroup2Notification               
00004d84  esmGroup3Notification               
00004d94  dmaGroupANotification               
00004dbc  gioNotification                     
00004dd0  sciNotification                     
00004de4  spiNotification                     
00004df8  spiEndNotification                  
00004e08  eqepNotification                    
00004e1c  epcCAMFullNotification              
00004e20  epcFIFOFullNotification             
00004e30  _c_int00                            
00004ee4  __TI_auto_init_nobinit_nopinit      
00004f4c  rtiCompare0Interrupt                
00004fa0  __aeabi_uidiv                       
00004fa0  __aeabi_uidivmod                    
00004ff0  __TI_zero_init_nomemset             
00005010  C$$EXIT                             
00005010  abort                               
00005018  phantomInterrupt                    
0000501c  __aeabi_idiv0                       
0000501c  __aeabi_ldiv0                       
00005228  __TI_Handler_Table_Base             
0000522c  __TI_CINIT_Base                     
0000522c  __TI_Handler_Table_Limit            
00005234  __TI_CINIT_Limit                    
08001550  EOT                                 
ffffffff  __TI_pprof_out_hndl                 
ffffffff  __TI_prof_data_size                 
ffffffff  __TI_prof_data_start                
ffffffff  __binit__                           
ffffffff  __c_args__                          
ffffffff  binit                               
UNDEFED   SHT$$INIT_ARRAY$$Base               
UNDEFED   SHT$$INIT_ARRAY$$Limit              
UNDEFED   _system_post_cinit                  

[186 symbols]
