******************************************************************************
                  TI ARM Linker PC v18.1.0                     
******************************************************************************
>> Linked Tue Apr 24 18:28:41 2018

OUTPUT FILE NAME:   <timmer.out>
ENTRY POINT SYMBOL: "_c_int00"  address: 00004248


MEMORY CONFIGURATION

         name            origin    length      used     unused   attr    fill
----------------------  --------  ---------  --------  --------  ----  --------
  VECTORS               00000000   00000020  00000020  00000000     X
  FLASH0                00000020   001fffe0  000046a0  001fb940  R  X
  FLASH1                00200000   00200000  00000000  00200000  R  X
  STACKS                08000000   00001500  00000000  00001500  RW  
  RAM                   08001500   0007eb00  00000001  0007eaff  RW  


SEGMENT ALLOCATION MAP

run origin  load origin   length   init length attrs members
----------  ----------- ---------- ----------- ----- -------
00000000    00000000    000044ac   000044ac    r-x
  00000000    00000000    00000020   00000020    r-x .intvecs
  00000020    00000020    0000448c   0000448c    r-x .text
000044c0    000044c0    00000214   00000214    r--
  000044c0    000044c0    00000200   00000200    r-- .const
  000046c0    000046c0    00000014   00000014    r-- .cinit
08001500    08001500    00000001   00000000    rw-
  08001500    08001500    00000001   00000000    rw- .bss


SECTION ALLOCATION MAP

 output                                  attributes/
section   page    origin      length       input sections
--------  ----  ----------  ----------   ----------------
.intvecs   0    00000000    00000020     
                  00000000    00000020     HL_sys_intvecs.obj (.intvecs)

.text      0    00000020    0000448c     
                  00000020    000009cc     HL_pinmux.obj (.text)
                  000009ec    0000095c     HL_system.obj (.text)
                  00001348    00000938     HL_sys_vim.obj (.text)
                  00001c80    0000078c     HL_esm.obj (.text)
                  0000240c    00000734     HL_sys_main.obj (.text)
                  00002b40    000006a0     HL_rti.obj (.text)
                  000031e0    00000484     HL_gio.obj (.text)
                  00003664    000003c4     HL_sys_core.obj (.text)
                  00003a28    0000036c     HL_sys_mpu.obj (.text)
                  00003d94    0000033c     HL_sys_vim.obj (.text:retain)
                  000040d0    00000178     HL_esm.obj (.text:retain)
                  00004248    000000b4     HL_sys_startup.obj (.text:retain)
                  000042fc    00000074     HL_notification.obj (.text)
                  00004370    00000068     rtsv7R4_A_le_v3D16_eabi.lib : autoinit.c.obj (.text:__TI_auto_init_nobinit_nopinit:__TI_auto_init_nobinit_nopinit)
                  000043d8    00000054     HL_rti.obj (.text:retain)
                  0000442c    00000050     rtsv7R4_A_le_v3D16_eabi.lib : u_div32.asm.obj (.text)
                  0000447c    00000020                                 : copy_zero_init.c.obj (.text:decompress:ZI:__TI_zero_init_nomemset:__TI_zero_init_nomemset)
                  0000449c    00000008                                 : exit.c.obj (.text:abort:abort)
                  000044a4    00000004     HL_sys_phantom.obj (.text:retain)
                  000044a8    00000004     rtsv7R4_A_le_v3D16_eabi.lib : div0.asm.obj (.text)

.const     0    000044c0    00000200     
                  000044c0    00000200     HL_sys_vim.obj (.const:s_vim_init)

.cinit     0    000046c0    00000014     
                  000046c0    00000008     (.cinit..bss.load) [load image, compression = zero_init]
                  000046c8    00000004     (__TI_handler_table)
                  000046cc    00000008     (__TI_cinit_table)

.bss       0    08001500    00000001     UNINITIALIZED
                  08001500    00000001     (.common:EOT)

MODULE SUMMARY

       Module                 code    ro data   rw data
       ------                 ----    -------   -------
    .\source\
       HL_sys_vim.obj         3188    512       0      
       HL_pinmux.obj          2508    0         0      
       HL_system.obj          2396    0         0      
       HL_esm.obj             2308    0         0      
       HL_sys_main.obj        1844    0         1      
       HL_rti.obj             1780    0         0      
       HL_gio.obj             1156    0         0      
       HL_sys_core.obj        964     0         0      
       HL_sys_mpu.obj         876     0         0      
       HL_sys_startup.obj     180     0         0      
       HL_notification.obj    116     0         0      
       HL_sys_intvecs.obj     32      0         0      
       HL_sys_phantom.obj     4       0         0      
    +--+----------------------+-------+---------+---------+
       Total:                 17352   512       1      
                                                       
    C:\ti\ccsv7\tools\compiler\ti-cgt-arm_18.1.0.LTS\lib\rtsv7R4_A_le_v3D16_eabi.lib
       autoinit.c.obj         104     0         0      
       u_div32.asm.obj        80      0         0      
       copy_zero_init.c.obj   32      0         0      
       exit.c.obj             8       0         0      
       div0.asm.obj           4       0         0      
    +--+----------------------+-------+---------+---------+
       Total:                 228     0         0      
                                                       
       Linker Generated:      0       20        0      
    +--+----------------------+-------+---------+---------+
       Grand Total:           17580   532       1      


LINKER GENERATED COPY TABLES

__TI_cinit_table @ 000046cc records: 1, size/record: 8, table size: 8
	.bss: load addr=000046c0, load size=00000008 bytes, run addr=08001500, run size=00000001 bytes, compression=zero_init


LINKER GENERATED HANDLER TABLE

__TI_handler_table @ 000046c8 records: 1, size/record: 4, table size: 4
	index: 0, handler: __TI_zero_init


GLOBAL SYMBOLS: SORTED ALPHABETICALLY BY Name 

address   name                                
-------   ----                                
0000449c  C$$EXIT                             
08001500  EOT                                 
00002f0c  IsdwdKeySequenceCorrect             
00002a44  Max                                 
0000240c  Motore1                             
00002768  Motore2                             
UNDEFED   SHT$$INIT_ARRAY$$Base               
UNDEFED   SHT$$INIT_ARRAY$$Limit              
000046cc  __TI_CINIT_Base                     
000046d4  __TI_CINIT_Limit                    
000046c8  __TI_Handler_Table_Base             
000046cc  __TI_Handler_Table_Limit            
00003a20  __TI_PINIT_Base                     
00003a24  __TI_PINIT_Limit                    
00004370  __TI_auto_init_nobinit_nopinit      
ffffffff  __TI_pprof_out_hndl                 
ffffffff  __TI_prof_data_size                 
ffffffff  __TI_prof_data_start                
00000000  __TI_static_base__                  
0000447c  __TI_zero_init_nomemset             
000044a8  __aeabi_idiv0                       
000044a8  __aeabi_ldiv0                       
0000442c  __aeabi_uidiv                       
0000442c  __aeabi_uidivmod                    
ffffffff  __binit__                           
ffffffff  __c_args__                          
00004248  _c_int00                            
000039d4  _cacheDisable_                      
00003990  _cacheEnable_                       
00003970  _checkMemInitOn_                    
0000387c  _coreClearAuxiliaryDataFault_       
00003890  _coreClearAuxiliaryInstructionFault_
00003854  _coreClearDataFaultAddress_         
0000382c  _coreClearDataFault_                
00003868  _coreClearInstructionFaultAddress_  
00003840  _coreClearInstructionFault_         
00003804  _coreDisableEventBusExport_         
000037f4  _coreEnableEventBusExport_          
00003814  _coreEnableIrqVicOffset_            
000037dc  _coreEnableVfp_                     
00003874  _coreGetAuxiliaryDataFault_         
00003888  _coreGetAuxiliaryInstructionFault_  
0000384c  _coreGetDataFaultAddress_           
00003824  _coreGetDataFault_                  
00003860  _coreGetInstructionFaultAddress_    
00003838  _coreGetInstructionFault_           
00003664  _coreInitRegisters_                 
00003770  _coreInitStackPointer_              
000039f8  _dCacheInvalidate_                  
0000389c  _disable_IRQ_interrupt_             
000038a4  _enable_IRQ_interrupt_              
000038ac  _enable_interrupt_                  
000038b4  _esmCcmErrorsClear_                 
000037bc  _getCPSRValue_                      
000037c4  _gotoCPUIdle_                       
00003a0c  _iCacheInvalidate_                  
0000393c  _memInit_                           
00003d3c  _mpuAreRegionsSeparate_             
00003d20  _mpuDisableBackgroundRegion_        
00003cf8  _mpuDisable_                        
00003d10  _mpuEnableBackgroundRegion_         
00003ce0  _mpuEnable_                         
00003d30  _mpuGetNumberOfRegions_             
00003d60  _mpuGetRegionBaseAddress_           
00003d80  _mpuGetRegionPermission_            
00003d74  _mpuGetRegionType_                  
00003d50  _mpuGetRegion_                      
00003a28  _mpuInit_                           
00003d58  _mpuSetRegionBaseAddress_           
00003d8c  _mpuSetRegionSizeRegister_          
00003d68  _mpuSetRegionTypeAndPermission_     
00003d48  _mpuSetRegion_                      
UNDEFED   _system_post_cinit                  
0000449c  abort                               
ffffffff  binit                               
00004334  dmaGroupANotification               
00002f7c  dwdClearFlag                        
00002e80  dwdCounterEnable                    
00002ee4  dwdGenerateSysReset                 
00002f44  dwdGetStatus                        
00002f98  dwdGetViolationStatus               
00002df0  dwdInit                             
00002ebc  dwdReset                            
00002e9c  dwdSetPreload                       
00002e68  dwwdGetCurrentDownCounter           
00002e1c  dwwdInit                            
0000435c  epcCAMFullNotification              
00004360  epcFIFOFullNotification             
00001e90  esmActivateNormalOperation          
00001fdc  esmClearStatus                      
00002040  esmClearStatusBuffer                
0000201c  esmClearStatusUpper                 
00001e3c  esmDisableError                     
00001e64  esmDisableErrorUpper                
00001ee4  esmDisableInterrupt                 
00001f0c  esmDisableInterruptUpper            
00001df8  esmEnableError                      
00001e20  esmEnableErrorUpper                 
00001ea0  esmEnableInterrupt                  
00001ec8  esmEnableInterruptUpper             
00002170  esmEnterSelfTest                    
00001ddc  esmError                            
00002248  esmGetConfigValue                   
0000207c  esmGetStatus                        
00002148  esmGetStatusBuffer                  
00002100  esmGetStatusUpper                   
000042fc  esmGroup1Notification               
00004310  esmGroup2Notification               
00004324  esmGroup3Notification               
000040d0  esmHighInterrupt                    
00001c80  esmInit                             
000021f8  esmSelfTestStatus                   
0000205c  esmSetCounterPreloadValue           
00001f28  esmSetInterruptLevel                
00001f9c  esmSetInterruptLevelUpper           
00001e80  esmTriggerErrorPinReset             
00000d58  getResetSource                      
00003440  gioDisableNotification              
000033d8  gioEnableNotification               
00003340  gioGetBit                           
000034a8  gioGetConfigValue                   
00003368  gioGetPort                          
000031e0  gioInit                             
00004348  gioNotification                     
000032d0  gioSetBit                           
000032b0  gioSetDirection                     
00003320  gioSetPort                          
00003380  gioToggleBit                        
00002aa8  main                                
00000b88  mapClocks                           
00000020  muxInit                             
00000ad4  periphInit                          
000044a4  phantomInterrupt                    
00000000  resetEntry                          
000043d8  rtiCompare0Interrupt                
00003050  rtiDisableNotification              
00003024  rtiEnableNotification               
00003070  rtiGetConfigValue                   
00002d58  rtiGetCurrentTick                   
00002d2c  rtiGetPeriod                        
00002b40  rtiInit                             
00002afc  rtiNotification                     
00002c94  rtiResetCounter                     
00002d00  rtiSetPeriod                        
00002c34  rtiStartCounter                     
00002c64  rtiStopCounter                      
00000a94  setupFlash                          
000009ec  setupPLL                            
00000e80  systemGetConfigValue                
00000cb4  systemInit                          
00000d28  systemPowerDown                     
00000a4c  trimLPO                             
0000141c  vimChannelMap                       
00001688  vimDisableInterrupt                 
00003d94  vimECCErrorHandler                  
000014c0  vimEnableInterrupt                  
00001734  vimGetConfigValue                   
00001348  vimInit                             


GLOBAL SYMBOLS: SORTED BY Symbol Address 

address   name                                
-------   ----                                
00000000  __TI_static_base__                  
00000000  resetEntry                          
00000020  muxInit                             
000009ec  setupPLL                            
00000a4c  trimLPO                             
00000a94  setupFlash                          
00000ad4  periphInit                          
00000b88  mapClocks                           
00000cb4  systemInit                          
00000d28  systemPowerDown                     
00000d58  getResetSource                      
00000e80  systemGetConfigValue                
00001348  vimInit                             
0000141c  vimChannelMap                       
000014c0  vimEnableInterrupt                  
00001688  vimDisableInterrupt                 
00001734  vimGetConfigValue                   
00001c80  esmInit                             
00001ddc  esmError                            
00001df8  esmEnableError                      
00001e20  esmEnableErrorUpper                 
00001e3c  esmDisableError                     
00001e64  esmDisableErrorUpper                
00001e80  esmTriggerErrorPinReset             
00001e90  esmActivateNormalOperation          
00001ea0  esmEnableInterrupt                  
00001ec8  esmEnableInterruptUpper             
00001ee4  esmDisableInterrupt                 
00001f0c  esmDisableInterruptUpper            
00001f28  esmSetInterruptLevel                
00001f9c  esmSetInterruptLevelUpper           
00001fdc  esmClearStatus                      
0000201c  esmClearStatusUpper                 
00002040  esmClearStatusBuffer                
0000205c  esmSetCounterPreloadValue           
0000207c  esmGetStatus                        
00002100  esmGetStatusUpper                   
00002148  esmGetStatusBuffer                  
00002170  esmEnterSelfTest                    
000021f8  esmSelfTestStatus                   
00002248  esmGetConfigValue                   
0000240c  Motore1                             
00002768  Motore2                             
00002a44  Max                                 
00002aa8  main                                
00002afc  rtiNotification                     
00002b40  rtiInit                             
00002c34  rtiStartCounter                     
00002c64  rtiStopCounter                      
00002c94  rtiResetCounter                     
00002d00  rtiSetPeriod                        
00002d2c  rtiGetPeriod                        
00002d58  rtiGetCurrentTick                   
00002df0  dwdInit                             
00002e1c  dwwdInit                            
00002e68  dwwdGetCurrentDownCounter           
00002e80  dwdCounterEnable                    
00002e9c  dwdSetPreload                       
00002ebc  dwdReset                            
00002ee4  dwdGenerateSysReset                 
00002f0c  IsdwdKeySequenceCorrect             
00002f44  dwdGetStatus                        
00002f7c  dwdClearFlag                        
00002f98  dwdGetViolationStatus               
00003024  rtiEnableNotification               
00003050  rtiDisableNotification              
00003070  rtiGetConfigValue                   
000031e0  gioInit                             
000032b0  gioSetDirection                     
000032d0  gioSetBit                           
00003320  gioSetPort                          
00003340  gioGetBit                           
00003368  gioGetPort                          
00003380  gioToggleBit                        
000033d8  gioEnableNotification               
00003440  gioDisableNotification              
000034a8  gioGetConfigValue                   
00003664  _coreInitRegisters_                 
00003770  _coreInitStackPointer_              
000037bc  _getCPSRValue_                      
000037c4  _gotoCPUIdle_                       
000037dc  _coreEnableVfp_                     
000037f4  _coreEnableEventBusExport_          
00003804  _coreDisableEventBusExport_         
00003814  _coreEnableIrqVicOffset_            
00003824  _coreGetDataFault_                  
0000382c  _coreClearDataFault_                
00003838  _coreGetInstructionFault_           
00003840  _coreClearInstructionFault_         
0000384c  _coreGetDataFaultAddress_           
00003854  _coreClearDataFaultAddress_         
00003860  _coreGetInstructionFaultAddress_    
00003868  _coreClearInstructionFaultAddress_  
00003874  _coreGetAuxiliaryDataFault_         
0000387c  _coreClearAuxiliaryDataFault_       
00003888  _coreGetAuxiliaryInstructionFault_  
00003890  _coreClearAuxiliaryInstructionFault_
0000389c  _disable_IRQ_interrupt_             
000038a4  _enable_IRQ_interrupt_              
000038ac  _enable_interrupt_                  
000038b4  _esmCcmErrorsClear_                 
0000393c  _memInit_                           
00003970  _checkMemInitOn_                    
00003990  _cacheEnable_                       
000039d4  _cacheDisable_                      
000039f8  _dCacheInvalidate_                  
00003a0c  _iCacheInvalidate_                  
00003a20  __TI_PINIT_Base                     
00003a24  __TI_PINIT_Limit                    
00003a28  _mpuInit_                           
00003ce0  _mpuEnable_                         
00003cf8  _mpuDisable_                        
00003d10  _mpuEnableBackgroundRegion_         
00003d20  _mpuDisableBackgroundRegion_        
00003d30  _mpuGetNumberOfRegions_             
00003d3c  _mpuAreRegionsSeparate_             
00003d48  _mpuSetRegion_                      
00003d50  _mpuGetRegion_                      
00003d58  _mpuSetRegionBaseAddress_           
00003d60  _mpuGetRegionBaseAddress_           
00003d68  _mpuSetRegionTypeAndPermission_     
00003d74  _mpuGetRegionType_                  
00003d80  _mpuGetRegionPermission_            
00003d8c  _mpuSetRegionSizeRegister_          
00003d94  vimECCErrorHandler                  
000040d0  esmHighInterrupt                    
00004248  _c_int00                            
000042fc  esmGroup1Notification               
00004310  esmGroup2Notification               
00004324  esmGroup3Notification               
00004334  dmaGroupANotification               
00004348  gioNotification                     
0000435c  epcCAMFullNotification              
00004360  epcFIFOFullNotification             
00004370  __TI_auto_init_nobinit_nopinit      
000043d8  rtiCompare0Interrupt                
0000442c  __aeabi_uidiv                       
0000442c  __aeabi_uidivmod                    
0000447c  __TI_zero_init_nomemset             
0000449c  C$$EXIT                             
0000449c  abort                               
000044a4  phantomInterrupt                    
000044a8  __aeabi_idiv0                       
000044a8  __aeabi_ldiv0                       
000046c8  __TI_Handler_Table_Base             
000046cc  __TI_CINIT_Base                     
000046cc  __TI_Handler_Table_Limit            
000046d4  __TI_CINIT_Limit                    
08001500  EOT                                 
ffffffff  __TI_pprof_out_hndl                 
ffffffff  __TI_prof_data_size                 
ffffffff  __TI_prof_data_start                
ffffffff  __binit__                           
ffffffff  __c_args__                          
ffffffff  binit                               
UNDEFED   SHT$$INIT_ARRAY$$Base               
UNDEFED   SHT$$INIT_ARRAY$$Limit              
UNDEFED   _system_post_cinit                  

[158 symbols]
