******************************************************************************
                  TI ARM Linker PC v18.12.1                    
******************************************************************************
>> Linked Fri Jun 14 14:07:06 2019

OUTPUT FILE NAME:   <TMS570LS12x_LaunchPad_Project0.out>
ENTRY POINT SYMBOL: "_c_int00"  address: 0000621c


MEMORY CONFIGURATION

         name            origin    length      used     unused   attr    fill
----------------------  --------  ---------  --------  --------  ----  --------
  VECTORS               00000000   00000020  00000020  00000000     X
  FLASH0                00000020   0013ffe0  00006a98  00139548  R  X
  STACKS                08000000   00001500  00000000  00001500  RW  
  RAM                   08001500   0002eb00  00000000  0002eb00  RW  


SEGMENT ALLOCATION MAP

run origin  load origin   length   init length attrs members
----------  ----------- ---------- ----------- ----- -------
00000000    00000000    00006ab8   00006ab8    r-x
  00000000    00000000    00000020   00000020    r-x .intvecs
  00000020    00000020    00006898   00006898    r-x .text
  000068b8    000068b8    00000200   00000200    r-- .const


SECTION ALLOCATION MAP

 output                                  attributes/
section   page    origin      length       input sections
--------  ----  ----------  ----------   ----------------
.intvecs   0    00000000    00000020     
                  00000000    00000020     sys_intvecs.obj (.intvecs)

.text      0    00000020    00006898     
                  00000020    00002cdc     sys_selftest.obj (.text)
                  00002cfc    00000b64     system.obj (.text)
                  00003860    00000a54     sys_vim.obj (.text)
                  000042b4    000008ac     pinmux.obj (.text)
                  00004b60    00000664     errata_SSWF021_45.obj (.text)
                  000051c4    000005bc     esm.obj (.text)
                  00005780    00000484     gio.obj (.text)
                  00005c04    0000034c     sys_core.obj (.text)
                  00005f50    000002cc     sys_vim.obj (.text:retain)
                  0000621c    00000290     sys_startup.obj (.text:retain)
                  000064ac    00000114     esm.obj (.text:retain)
                  000065c0    000000e8     dabort.obj (.text)
                  000066a8    000000e0     sys_pmu.obj (.text)
                  00006788    00000080     notification.obj (.text)
                  00006808    00000060     sys_main.obj (.text)
                  00006868    00000044     rtsv7R4_T_be_v3D16_eabi.lib : autoinit.c.obj (.text:__TI_auto_init_nobinit_nopinit:__TI_auto_init_nobinit_nopinit)
                  000068ac    00000004                                 : exit.c.obj (.text:abort:abort)
                  000068b0    00000004     sys_phantom.obj (.text:retain)
                  000068b4    00000004     sys_startup.obj (.text)

.const     0    000068b8    00000200     
                  000068b8    00000200     sys_vim.obj (.const:s_vim_init)

.cinit     0    00000020    00000000     UNINITIALIZED

MODULE SUMMARY

       Module                  code    ro data   rw data
       ------                  ----    -------   -------
    .\source\
       sys_selftest.obj        11484   0         0      
       sys_vim.obj             3360    512       0      
       system.obj              2916    0         0      
       pinmux.obj              2220    0         0      
       esm.obj                 1744    0         0      
       errata_SSWF021_45.obj   1636    0         0      
       gio.obj                 1156    0         0      
       sys_core.obj            844     0         0      
       sys_startup.obj         660     0         0      
       dabort.obj              232     0         0      
       sys_pmu.obj             224     0         0      
       notification.obj        128     0         0      
       sys_main.obj            96      0         0      
       sys_intvecs.obj         32      0         0      
       sys_phantom.obj         4       0         0      
    +--+-----------------------+-------+---------+---------+
       Total:                  26736   512       0      
                                                        
    C:/ti/ccs900/ccs/tools/compiler/ti-cgt-arm_18.12.1.LTS/lib/rtsv7R4_T_be_v3D16_eabi.lib
       autoinit.c.obj          68      0         0      
       exit.c.obj              4       0         0      
    +--+-----------------------+-------+---------+---------+
       Total:                  72      0         0      
                                                        
    +--+-----------------------+-------+---------+---------+
       Grand Total:            26808   512       0      


GLOBAL SYMBOLS: SORTED ALPHABETICALLY BY Name 

address   name                                
-------   ----                                
000068ad  C$$EXIT                             
UNDEFED   SHT$$INIT_ARRAY$$Base               
UNDEFED   SHT$$INIT_ARRAY$$Limit              
UNDEFED   __TI_CINIT_Base                     
UNDEFED   __TI_CINIT_Limit                    
UNDEFED   __TI_Handler_Table_Base             
UNDEFED   __TI_Handler_Table_Limit            
00005f48  __TI_PINIT_Base                     
00005f4c  __TI_PINIT_Limit                    
00006869  __TI_auto_init_nobinit_nopinit      
ffffffff  __TI_pprof_out_hndl                 
ffffffff  __TI_prof_data_size                 
ffffffff  __TI_prof_data_start                
00000000  __TI_static_base__                  
ffffffff  __binit__                           
ffffffff  __c_args__                          
0000621c  _c_int00                            
00005e60  _coreClearAuxiliaryDataFault_       
00005e74  _coreClearAuxiliaryInstructionFault_
00005e38  _coreClearDataFaultAddress_         
00005e10  _coreClearDataFault_                
00005e4c  _coreClearInstructionFaultAddress_  
00005e24  _coreClearInstructionFault_         
00005da4  _coreDisableEventBusExport_         
00005de8  _coreDisableFlashEcc_               
00005dc4  _coreDisableRamEcc_                 
00005d94  _coreEnableEventBusExport_          
00005dd4  _coreEnableFlashEcc_                
00005df8  _coreEnableIrqVicOffset_            
00005db4  _coreEnableRamEcc_                  
00005d7c  _coreEnableVfp_                     
00005e58  _coreGetAuxiliaryDataFault_         
00005e6c  _coreGetAuxiliaryInstructionFault_  
00005e30  _coreGetDataFaultAddress_           
00005e08  _coreGetDataFault_                  
00005e44  _coreGetInstructionFaultAddress_    
00005e1c  _coreGetInstructionFault_           
00005c04  _coreInitRegisters_                 
00005d10  _coreInitStackPointer_              
000065c0  _dabort                             
00005e88  _disable_FIQ_interrupt_             
00005e90  _disable_IRQ_interrupt_             
00005e80  _disable_interrupt_                 
00005e98  _enable_interrupt_                  
00005f28  _errata_CORTEXR4_57_                
00005f38  _errata_CORTEXR4_66_                
00004b60  _errata_SSWF021_45_both_plls        
00004d54  _errata_SSWF021_45_pll1             
00004ecc  _errata_SSWF021_45_pll2             
00005ea0  _esmCcmErrorsClear_                 
00005d5c  _getCPSRValue_                      
00005d64  _gotoCPUIdle_                       
00006704  _pmuDisableCountersGlobal_          
000066f4  _pmuEnableCountersGlobal_           
00006760  _pmuGetCycleCount_                  
00006768  _pmuGetEventCount_                  
00006774  _pmuGetOverflow_                    
000066a8  _pmuInit_                           
00006734  _pmuResetCounters_                  
00006714  _pmuResetCycleCounter_              
00006724  _pmuResetEventCounters_             
00006754  _pmuSetCountEvent_                  
00006744  _pmuStartCounters_                  
0000674c  _pmuStopCounters_                   
UNDEFED   _system_post_cinit                  
000068ad  abort                               
0000126c  adc1ParityCheck                     
00001358  adc2ParityCheck                     
ffffffff  binit                               
00001410  can1ParityCheck                     
000014e8  can2ParityCheck                     
000015b0  can3ParityCheck                     
00000030  ccmSelfCheck                        
000026fc  ccmr4GetConfigValue                 
00000938  checkB0RAMECC                       
00000b28  checkB1RAMECC                       
00001c18  checkClockMonitor                   
00000d18  checkFlashECC                       
00001cf4  checkFlashEEPROMECC                 
00001e8c  checkPLL1Slip                       
00001f8c  checkPLL2Slip                       
00002050  checkRAMAddrParity                  
000019d0  checkRAMECC                         
0000215c  checkRAMUERRTest                    
000007bc  checkefcSelfTest                    
00000234  cpuSelfTest                         
00000dfc  cpuSelfTestFail                     
00003784  customTrimLPO                       
00000df4  custom_dabort                       
00002b58  disableParity                       
000067f4  dmaGroupANotification               
00000eac  dmaParityCheck                      
00000660  efcCheck                            
00002660  efcGetConfigValue                   
00000794  efcSelfTest                         
000006e8  efcStuckZeroTest                    
00002ad0  enableParity                        
0000276c  errata_PBIST_4                      
00005348  esmActivateNormalOperation          
0000541c  esmClearStatus                      
0000545c  esmClearStatusBuffer                
00005310  esmDisableError                     
00005380  esmDisableInterrupt                 
000052e8  esmEnableError                      
00005358  esmEnableInterrupt                  
00005554  esmEnterSelfTest                    
000052cc  esmError                            
0000562c  esmGetConfigValue                   
00005498  esmGetStatus                        
0000551c  esmGetStatusBuffer                  
00006788  esmGroup1Notification               
00006798  esmGroup2Notification               
000064ac  esmHighInterrupt                    
000051c4  esmInit                             
000055dc  esmSelfTestStatus                   
00005478  esmSetCounterPreloadValue           
000053a8  esmSetInterruptLevel                
00005338  esmTriggerErrorPinReset             
000022c4  fmcBus1ParityCheck                  
0000085c  fmcBus2Check                        
00000898  fmcECCcheck                         
000059e0  gioDisableNotification              
00005978  gioEnableNotification               
000058e0  gioGetBit                           
00005a48  gioGetConfigValue                   
00005908  gioGetPort                          
00005780  gioInit                             
000067e0  gioNotification                     
00005870  gioSetBit                           
00005850  gioSetDirection                     
000058c0  gioSetPort                          
00005920  gioToggleBit                        
000068b4  handlePLLLockFail                   
00000f58  het1ParityCheck                     
000010c0  het2ParityCheck                     
00001004  htu1ParityCheck                     
000011bc  htu2ParityCheck                     
00006808  main                                
00002e64  mapClocks                           
00000174  memoryInit                          
000067a8  memoryPort0TestFailNotification     
000067c4  memoryPort1TestFailNotification     
00001684  mibspi1ParityCheck                  
0000178c  mibspi3ParityCheck                  
000018b0  mibspi5ParityCheck                  
000042b4  muxInit                             
000023ec  pbistFail                           
00002470  pbistGetConfigValue                 
000005a8  pbistIsTestCompleted                
000005d4  pbistIsTestPassed                   
00000608  pbistPortTestStatus                 
000004ac  pbistRun                            
000002cc  pbistSelfCheck                      
00000578  pbistStop                           
00002e10  periphInit                          
000068b0  phantomInterrupt                    
00004750  pinmuxGetConfigValue                
00000000  resetEntry                          
00000020  selftestFailNotification            
00002dd0  setupFlash                          
00002cfc  setupPLL                            
00003648  sramGetConfigValue                  
000025bc  stcGetConfigValue                   
000001b8  stcSelfCheck                        
00000df8  stcSelfCheckFail                    
00003088  systemGetConfigValue                
00002f8c  systemInit                          
00003058  systemPowerDown                     
0000349c  tcmflashGetConfigValue              
00002d5c  trimLPO                             
00003934  vimChannelMap                       
00003ba0  vimDisableInterrupt                 
000039d8  vimEnableInterrupt                  
00003c4c  vimGetConfigValue                   
00003860  vimInit                             
00000e00  vimParityCheck                      
00005f50  vimParityErrorHandler               


GLOBAL SYMBOLS: SORTED BY Symbol Address 

address   name                                
-------   ----                                
00000000  __TI_static_base__                  
00000000  resetEntry                          
00000020  selftestFailNotification            
00000030  ccmSelfCheck                        
00000174  memoryInit                          
000001b8  stcSelfCheck                        
00000234  cpuSelfTest                         
000002cc  pbistSelfCheck                      
000004ac  pbistRun                            
00000578  pbistStop                           
000005a8  pbistIsTestCompleted                
000005d4  pbistIsTestPassed                   
00000608  pbistPortTestStatus                 
00000660  efcCheck                            
000006e8  efcStuckZeroTest                    
00000794  efcSelfTest                         
000007bc  checkefcSelfTest                    
0000085c  fmcBus2Check                        
00000898  fmcECCcheck                         
00000938  checkB0RAMECC                       
00000b28  checkB1RAMECC                       
00000d18  checkFlashECC                       
00000df4  custom_dabort                       
00000df8  stcSelfCheckFail                    
00000dfc  cpuSelfTestFail                     
00000e00  vimParityCheck                      
00000eac  dmaParityCheck                      
00000f58  het1ParityCheck                     
00001004  htu1ParityCheck                     
000010c0  het2ParityCheck                     
000011bc  htu2ParityCheck                     
0000126c  adc1ParityCheck                     
00001358  adc2ParityCheck                     
00001410  can1ParityCheck                     
000014e8  can2ParityCheck                     
000015b0  can3ParityCheck                     
00001684  mibspi1ParityCheck                  
0000178c  mibspi3ParityCheck                  
000018b0  mibspi5ParityCheck                  
000019d0  checkRAMECC                         
00001c18  checkClockMonitor                   
00001cf4  checkFlashEEPROMECC                 
00001e8c  checkPLL1Slip                       
00001f8c  checkPLL2Slip                       
00002050  checkRAMAddrParity                  
0000215c  checkRAMUERRTest                    
000022c4  fmcBus1ParityCheck                  
000023ec  pbistFail                           
00002470  pbistGetConfigValue                 
000025bc  stcGetConfigValue                   
00002660  efcGetConfigValue                   
000026fc  ccmr4GetConfigValue                 
0000276c  errata_PBIST_4                      
00002ad0  enableParity                        
00002b58  disableParity                       
00002cfc  setupPLL                            
00002d5c  trimLPO                             
00002dd0  setupFlash                          
00002e10  periphInit                          
00002e64  mapClocks                           
00002f8c  systemInit                          
00003058  systemPowerDown                     
00003088  systemGetConfigValue                
0000349c  tcmflashGetConfigValue              
00003648  sramGetConfigValue                  
00003784  customTrimLPO                       
00003860  vimInit                             
00003934  vimChannelMap                       
000039d8  vimEnableInterrupt                  
00003ba0  vimDisableInterrupt                 
00003c4c  vimGetConfigValue                   
000042b4  muxInit                             
00004750  pinmuxGetConfigValue                
00004b60  _errata_SSWF021_45_both_plls        
00004d54  _errata_SSWF021_45_pll1             
00004ecc  _errata_SSWF021_45_pll2             
000051c4  esmInit                             
000052cc  esmError                            
000052e8  esmEnableError                      
00005310  esmDisableError                     
00005338  esmTriggerErrorPinReset             
00005348  esmActivateNormalOperation          
00005358  esmEnableInterrupt                  
00005380  esmDisableInterrupt                 
000053a8  esmSetInterruptLevel                
0000541c  esmClearStatus                      
0000545c  esmClearStatusBuffer                
00005478  esmSetCounterPreloadValue           
00005498  esmGetStatus                        
0000551c  esmGetStatusBuffer                  
00005554  esmEnterSelfTest                    
000055dc  esmSelfTestStatus                   
0000562c  esmGetConfigValue                   
00005780  gioInit                             
00005850  gioSetDirection                     
00005870  gioSetBit                           
000058c0  gioSetPort                          
000058e0  gioGetBit                           
00005908  gioGetPort                          
00005920  gioToggleBit                        
00005978  gioEnableNotification               
000059e0  gioDisableNotification              
00005a48  gioGetConfigValue                   
00005c04  _coreInitRegisters_                 
00005d10  _coreInitStackPointer_              
00005d5c  _getCPSRValue_                      
00005d64  _gotoCPUIdle_                       
00005d7c  _coreEnableVfp_                     
00005d94  _coreEnableEventBusExport_          
00005da4  _coreDisableEventBusExport_         
00005db4  _coreEnableRamEcc_                  
00005dc4  _coreDisableRamEcc_                 
00005dd4  _coreEnableFlashEcc_                
00005de8  _coreDisableFlashEcc_               
00005df8  _coreEnableIrqVicOffset_            
00005e08  _coreGetDataFault_                  
00005e10  _coreClearDataFault_                
00005e1c  _coreGetInstructionFault_           
00005e24  _coreClearInstructionFault_         
00005e30  _coreGetDataFaultAddress_           
00005e38  _coreClearDataFaultAddress_         
00005e44  _coreGetInstructionFaultAddress_    
00005e4c  _coreClearInstructionFaultAddress_  
00005e58  _coreGetAuxiliaryDataFault_         
00005e60  _coreClearAuxiliaryDataFault_       
00005e6c  _coreGetAuxiliaryInstructionFault_  
00005e74  _coreClearAuxiliaryInstructionFault_
00005e80  _disable_interrupt_                 
00005e88  _disable_FIQ_interrupt_             
00005e90  _disable_IRQ_interrupt_             
00005e98  _enable_interrupt_                  
00005ea0  _esmCcmErrorsClear_                 
00005f28  _errata_CORTEXR4_57_                
00005f38  _errata_CORTEXR4_66_                
00005f48  __TI_PINIT_Base                     
00005f4c  __TI_PINIT_Limit                    
00005f50  vimParityErrorHandler               
0000621c  _c_int00                            
000064ac  esmHighInterrupt                    
000065c0  _dabort                             
000066a8  _pmuInit_                           
000066f4  _pmuEnableCountersGlobal_           
00006704  _pmuDisableCountersGlobal_          
00006714  _pmuResetCycleCounter_              
00006724  _pmuResetEventCounters_             
00006734  _pmuResetCounters_                  
00006744  _pmuStartCounters_                  
0000674c  _pmuStopCounters_                   
00006754  _pmuSetCountEvent_                  
00006760  _pmuGetCycleCount_                  
00006768  _pmuGetEventCount_                  
00006774  _pmuGetOverflow_                    
00006788  esmGroup1Notification               
00006798  esmGroup2Notification               
000067a8  memoryPort0TestFailNotification     
000067c4  memoryPort1TestFailNotification     
000067e0  gioNotification                     
000067f4  dmaGroupANotification               
00006808  main                                
00006869  __TI_auto_init_nobinit_nopinit      
000068ad  C$$EXIT                             
000068ad  abort                               
000068b0  phantomInterrupt                    
000068b4  handlePLLLockFail                   
ffffffff  __TI_pprof_out_hndl                 
ffffffff  __TI_prof_data_size                 
ffffffff  __TI_prof_data_start                
ffffffff  __binit__                           
ffffffff  __c_args__                          
ffffffff  binit                               
UNDEFED   SHT$$INIT_ARRAY$$Base               
UNDEFED   SHT$$INIT_ARRAY$$Limit              
UNDEFED   __TI_CINIT_Base                     
UNDEFED   __TI_CINIT_Limit                    
UNDEFED   __TI_Handler_Table_Base             
UNDEFED   __TI_Handler_Table_Limit            
UNDEFED   _system_post_cinit                  

[177 symbols]
