******************************************************************************
                  TI ARM Linker PC v20.2.2                     
******************************************************************************
>> Linked Sat Apr 10 13:26:08 2021

OUTPUT FILE NAME:   <blink.out>
ENTRY POINT SYMBOL: "_c_int00"  address: 000045cc


MEMORY CONFIGURATION

         name            origin    length      used     unused   attr    fill
----------------------  --------  ---------  --------  --------  ----  --------
  VECTORS               00000000   00000020  00000020  00000000     X
  FLASH0                00000020   001fffe0  00004c04  001fb3dc  R  X
  FLASH1                00200000   00200000  00000000  00200000  R  X
  STACKS                08000000   00001500  00000000  00001500  RW  
  RAM                   08001500   0007eb00  00000814  0007e2ec  RW  


SEGMENT ALLOCATION MAP

run origin  load origin   length   init length attrs members
----------  ----------- ---------- ----------- ----- -------
00000000    00000000    000049f4   000049f4    r-x
  00000000    00000000    00000020   00000020    r-x .intvecs
  00000020    00000020    000049d4   000049d4    r-x .text
00004a00    00004a00    00000230   00000230    r--
  00004a00    00004a00    00000200   00000200    r-- .const
  00004c00    00004c00    00000030   00000030    r-- .cinit
08001500    08001500    00000814   00000000    rw-
  08001500    08001500    00000800   00000000    rw- .sysmem
  08001d00    08001d00    00000010   00000000    rw- .data
  08001d10    08001d10    00000004   00000000    rw- .bss


SECTION ALLOCATION MAP

 output                                  attributes/
section   page    origin      length       input sections
--------  ----  ----------  ----------   ----------------
.intvecs   0    00000000    00000020     
                  00000000    00000020     HL_sys_intvecs.obj (.intvecs)

.text      0    00000020    000049d4     
                  00000020    000009c8     HL_pinmux.obj (.text)
                  000009e8    00000998     HL_system.obj (.text)
                  00001380    00000938     HL_sys_vim.obj (.text)
                  00001cb8    0000078c     HL_esm.obj (.text)
                  00002444    0000069c     HL_rti.obj (.text)
                  00002ae0    00000664     HL_errata_SSWF021_45.obj (.text)
                  00003144    00000484     HL_gio.obj (.text)
                  000035c8    000003c4     HL_sys_core.obj (.text)
                  0000398c    0000036c     HL_sys_mpu.obj (.text)
                  00003cf8    0000033c     HL_sys_vim.obj (.text:retain)
                  00004034    00000198     rtsv7R4_A_le_v3D16_eabi.lib : memory.c.obj (.text:aligned_alloc)
                  000041cc    00000180                                 : memcpy32.asm.obj (.text)
                  0000434c    00000178     HL_esm.obj (.text:retain)
                  000044c4    00000108     HL_sys_main.obj (.text)
                  000045cc    000000d8     HL_sys_startup.obj (.text:retain)
                  000046a4    000000b0     rtsv7R4_A_le_v3D16_eabi.lib : memory.c.obj (.text:split)
                  00004754    00000090                                 : copy_decompress_lzss.c.obj (.text:decompress:lzss:__TI_decompress_lzss)
                  000047e4    00000088     HL_notification.obj (.text)
                  0000486c    00000068     rtsv7R4_A_le_v3D16_eabi.lib : autoinit.c.obj (.text:__TI_auto_init_nobinit_nopinit:__TI_auto_init_nobinit_nopinit)
                  000048d4    00000054     HL_rti.obj (.text:retain)
                  00004928    00000040     rtsv7R4_A_le_v3D16_eabi.lib : memory.c.obj (.text:free_list_insert)
                  00004968    00000030                                 : memory.c.obj (.text:free_list_remove)
                  00004998    00000028                                 : copy_zero_init.c.obj (.text:decompress:ZI:__TI_zero_init_nomemset:__TI_zero_init_nomemset)
                  000049c0    00000014                                 : copy_decompress_none.c.obj (.text:decompress:none:__TI_decompress_none)
                  000049d4    0000000c                                 : memory.c.obj (.text:malloc)
                  000049e0    00000008                                 : exit.c.obj (.text:abort:abort)
                  000049e8    00000004     HL_sys_startup.obj (.text)
                  000049ec    00000004     rtsv7R4_A_le_v3D16_eabi.lib : _lock.c.obj (.text:_nop)
                  000049f0    00000004     HL_sys_phantom.obj (.text:retain)

.const     0    00004a00    00000200     
                  00004a00    00000200     HL_sys_vim.obj (.const:s_vim_init)

.cinit     0    00004c00    00000030     
                  00004c00    0000000c     (.cinit..data.load) [load image, compression = lzss]
                  00004c0c    0000000c     (__TI_handler_table)
                  00004c18    00000008     (.cinit..bss.load) [load image, compression = zero_init]
                  00004c20    00000010     (__TI_cinit_table)

.sysmem    0    08001500    00000800     UNINITIALIZED
                  08001500    00000010     rtsv7R4_A_le_v3D16_eabi.lib : memory.c.obj (.sysmem)
                  08001510    000007f0     --HOLE--

.data      0    08001d00    00000010     UNINITIALIZED
                  08001d00    00000008     rtsv7R4_A_le_v3D16_eabi.lib : _lock.c.obj (.data:$O1$$)
                  08001d08    00000008                                 : memory.c.obj (.data:$O1$$)

.bss       0    08001d10    00000004     UNINITIALIZED
                  08001d10    00000004     (.common:noti)

__llvm_prf_cnts 
*          0    08001500    00000000     UNINITIALIZED

MODULE SUMMARY

       Module                       code    ro data   rw data
       ------                       ----    -------   -------
    .\source\
       HL_sys_vim.obj               3188    512       0      
       HL_pinmux.obj                2504    0         0      
       HL_system.obj                2456    0         0      
       HL_esm.obj                   2308    0         0      
       HL_rti.obj                   1776    0         0      
       HL_errata_SSWF021_45.obj     1636    0         0      
       HL_gio.obj                   1156    0         0      
       HL_sys_core.obj              964     0         0      
       HL_sys_mpu.obj               876     0         0      
       HL_sys_main.obj              264     0         4      
       HL_sys_startup.obj           220     0         0      
       HL_notification.obj          136     0         0      
       HL_sys_intvecs.obj           32      0         0      
       HL_sys_phantom.obj           4       0         0      
    +--+----------------------------+-------+---------+---------+
       Total:                       17520   512       4      
                                                             
    C:\ti\ccs1020\ccs\tools\compiler\ti-cgt-arm_20.2.2.LTS\lib\rtsv7R4_A_le_v3D16_eabi.lib
       memory.c.obj                 708     0         8      
       memcpy32.asm.obj             384     0         0      
       copy_decompress_lzss.c.obj   144     0         0      
       autoinit.c.obj               104     0         0      
       copy_zero_init.c.obj         40      0         0      
       copy_decompress_none.c.obj   20      0         0      
       _lock.c.obj                  4       0         8      
       exit.c.obj                   8       0         0      
    +--+----------------------------+-------+---------+---------+
       Total:                       1412    0         16     
                                                             
       Heap:                        0       0         2048   
       Linker Generated:            0       48        0      
    +--+----------------------------+-------+---------+---------+
       Grand Total:                 18932   560       2068   


LINKER GENERATED COPY TABLES

__TI_cinit_table @ 00004c20 records: 2, size/record: 8, table size: 16
	.data: load addr=00004c00, load size=0000000c bytes, run addr=08001d00, run size=00000010 bytes, compression=lzss
	.bss: load addr=00004c18, load size=00000008 bytes, run addr=08001d10, run size=00000004 bytes, compression=zero_init


LINKER GENERATED HANDLER TABLE

__TI_handler_table @ 00004c0c records: 3, size/record: 4, table size: 12
	index: 0, handler: __TI_zero_init
	index: 1, handler: __TI_decompress_lzss
	index: 2, handler: __TI_decompress_none


GLOBAL SYMBOLS: SORTED ALPHABETICALLY BY Name 

address   name                                
-------   ----                                
000049e0  C$$EXIT                             
00002810  IsdwdKeySequenceCorrect             
UNDEFED   SHT$$INIT_ARRAY$$Base               
UNDEFED   SHT$$INIT_ARRAY$$Limit              
00000800  __SYSMEM_SIZE                       
00004c20  __TI_CINIT_Base                     
00004c30  __TI_CINIT_Limit                    
00004c0c  __TI_Handler_Table_Base             
00004c18  __TI_Handler_Table_Limit            
00003984  __TI_PINIT_Base                     
00003988  __TI_PINIT_Limit                    
0000486c  __TI_auto_init_nobinit_nopinit      
00004754  __TI_decompress_lzss                
000049c0  __TI_decompress_none                
ffffffff  __TI_pprof_out_hndl                 
ffffffff  __TI_prof_data_size                 
ffffffff  __TI_prof_data_start                
00000000  __TI_static_base__                  
00004998  __TI_zero_init_nomemset             
000041cc  __aeabi_memcpy                      
000041cc  __aeabi_memcpy4                     
000041cc  __aeabi_memcpy8                     
ffffffff  __binit__                           
ffffffff  __c_args__                          
08001500  __start___llvm_prf_cnts             
08001500  __stop___llvm_prf_cnts              
000045cc  _c_int00                            
00003938  _cacheDisable_                      
000038f4  _cacheEnable_                       
000038d4  _checkMemInitOn_                    
000037e0  _coreClearAuxiliaryDataFault_       
000037f4  _coreClearAuxiliaryInstructionFault_
000037b8  _coreClearDataFaultAddress_         
00003790  _coreClearDataFault_                
000037cc  _coreClearInstructionFaultAddress_  
000037a4  _coreClearInstructionFault_         
00003768  _coreDisableEventBusExport_         
00003758  _coreEnableEventBusExport_          
00003778  _coreEnableIrqVicOffset_            
00003740  _coreEnableVfp_                     
000037d8  _coreGetAuxiliaryDataFault_         
000037ec  _coreGetAuxiliaryInstructionFault_  
000037b0  _coreGetDataFaultAddress_           
00003788  _coreGetDataFault_                  
000037c4  _coreGetInstructionFaultAddress_    
0000379c  _coreGetInstructionFault_           
000035c8  _coreInitRegisters_                 
000036d4  _coreInitStackPointer_              
0000395c  _dCacheInvalidate_                  
00003800  _disable_IRQ_interrupt_             
00003808  _enable_IRQ_interrupt_              
00003810  _enable_interrupt_                  
00002ae0  _errata_SSWF021_45_both_plls        
00002cd4  _errata_SSWF021_45_pll1             
00002e4c  _errata_SSWF021_45_pll2             
00003818  _esmCcmErrorsClear_                 
00003720  _getCPSRValue_                      
00003728  _gotoCPUIdle_                       
00003970  _iCacheInvalidate_                  
08001d00  _lock                               
000038a0  _memInit_                           
00003ca0  _mpuAreRegionsSeparate_             
00003c84  _mpuDisableBackgroundRegion_        
00003c5c  _mpuDisable_                        
00003c74  _mpuEnableBackgroundRegion_         
00003c44  _mpuEnable_                         
00003c94  _mpuGetNumberOfRegions_             
00003cc4  _mpuGetRegionBaseAddress_           
00003ce4  _mpuGetRegionPermission_            
00003cd8  _mpuGetRegionType_                  
00003cb4  _mpuGetRegion_                      
0000398c  _mpuInit_                           
00003cbc  _mpuSetRegionBaseAddress_           
00003cf0  _mpuSetRegionSizeRegister_          
00003ccc  _mpuSetRegionTypeAndPermission_     
00003cac  _mpuSetRegion_                      
000049ec  _nop                                
08001500  _sys_memory                         
UNDEFED   _system_post_cinit                  
08001d04  _unlock                             
000049e0  abort                               
00004034  aligned_alloc                       
ffffffff  binit                               
000012d8  customTrimLPO                       
0000481c  dmaGroupANotification               
00002880  dwdClearFlag                        
00002784  dwdCounterEnable                    
000027e8  dwdGenerateSysReset                 
00002848  dwdGetStatus                        
0000289c  dwdGetViolationStatus               
000026f4  dwdInit                             
000027c0  dwdReset                            
000027a0  dwdSetPreload                       
0000276c  dwwdGetCurrentDownCounter           
00002720  dwwdInit                            
00004858  epcCAMFullNotification              
0000485c  epcFIFOFullNotification             
00001ec8  esmActivateNormalOperation          
00002014  esmClearStatus                      
00002078  esmClearStatusBuffer                
00002054  esmClearStatusUpper                 
00001e74  esmDisableError                     
00001e9c  esmDisableErrorUpper                
00001f1c  esmDisableInterrupt                 
00001f44  esmDisableInterruptUpper            
00001e30  esmEnableError                      
00001e58  esmEnableErrorUpper                 
00001ed8  esmEnableInterrupt                  
00001f00  esmEnableInterruptUpper             
000021a8  esmEnterSelfTest                    
00001e14  esmError                            
00002280  esmGetConfigValue                   
000020b4  esmGetStatus                        
00002180  esmGetStatusBuffer                  
00002138  esmGetStatusUpper                   
000047e4  esmGroup1Notification               
000047f8  esmGroup2Notification               
0000480c  esmGroup3Notification               
0000434c  esmHighInterrupt                    
00001cb8  esmInit                             
00002230  esmSelfTestStatus                   
00002094  esmSetCounterPreloadValue           
00001f60  esmSetInterruptLevel                
00001fd4  esmSetInterruptLevelUpper           
00001eb8  esmTriggerErrorPinReset             
00000d80  getResetSource                      
000033a4  gioDisableNotification              
0000333c  gioEnableNotification               
000032a4  gioGetBit                           
0000340c  gioGetConfigValue                   
000032cc  gioGetPort                          
00003144  gioInit                             
00004844  gioNotification                     
00003234  gioSetBit                           
00003214  gioSetDirection                     
00003284  gioSetPort                          
000032e4  gioToggleBit                        
000049e8  handlePLLLockFail                   
000044c4  main                                
000049d4  malloc                              
00000bb0  mapClocks                           
00004034  memalign                            
000041cc  memcpy                              
00000020  muxInit                             
08001d10  noti                                
00000afc  periphInit                          
000049f0  phantomInterrupt                    
00000000  resetEntry                          
000048d4  rtiCompare0Interrupt                
00002954  rtiDisableNotification              
00002928  rtiEnableNotification               
00002974  rtiGetConfigValue                   
0000265c  rtiGetCurrentTick                   
00002630  rtiGetPeriod                        
00002444  rtiInit                             
00004514  rtiNotification                     
00002598  rtiResetCounter                     
00002604  rtiSetPeriod                        
00002538  rtiStartCounter                     
00002568  rtiStopCounter                      
00000abc  setupFlash                          
000009e8  setupPLL                            
00000ea8  systemGetConfigValue                
00000cdc  systemInit                          
00000d50  systemPowerDown                     
00000a48  trimLPO                             
00001454  vimChannelMap                       
000016c0  vimDisableInterrupt                 
00003cf8  vimECCErrorHandler                  
000014f8  vimEnableInterrupt                  
0000176c  vimGetConfigValue                   
00001380  vimInit                             


GLOBAL SYMBOLS: SORTED BY Symbol Address 

address   name                                
-------   ----                                
00000000  __TI_static_base__                  
00000000  resetEntry                          
00000020  muxInit                             
00000800  __SYSMEM_SIZE                       
000009e8  setupPLL                            
00000a48  trimLPO                             
00000abc  setupFlash                          
00000afc  periphInit                          
00000bb0  mapClocks                           
00000cdc  systemInit                          
00000d50  systemPowerDown                     
00000d80  getResetSource                      
00000ea8  systemGetConfigValue                
000012d8  customTrimLPO                       
00001380  vimInit                             
00001454  vimChannelMap                       
000014f8  vimEnableInterrupt                  
000016c0  vimDisableInterrupt                 
0000176c  vimGetConfigValue                   
00001cb8  esmInit                             
00001e14  esmError                            
00001e30  esmEnableError                      
00001e58  esmEnableErrorUpper                 
00001e74  esmDisableError                     
00001e9c  esmDisableErrorUpper                
00001eb8  esmTriggerErrorPinReset             
00001ec8  esmActivateNormalOperation          
00001ed8  esmEnableInterrupt                  
00001f00  esmEnableInterruptUpper             
00001f1c  esmDisableInterrupt                 
00001f44  esmDisableInterruptUpper            
00001f60  esmSetInterruptLevel                
00001fd4  esmSetInterruptLevelUpper           
00002014  esmClearStatus                      
00002054  esmClearStatusUpper                 
00002078  esmClearStatusBuffer                
00002094  esmSetCounterPreloadValue           
000020b4  esmGetStatus                        
00002138  esmGetStatusUpper                   
00002180  esmGetStatusBuffer                  
000021a8  esmEnterSelfTest                    
00002230  esmSelfTestStatus                   
00002280  esmGetConfigValue                   
00002444  rtiInit                             
00002538  rtiStartCounter                     
00002568  rtiStopCounter                      
00002598  rtiResetCounter                     
00002604  rtiSetPeriod                        
00002630  rtiGetPeriod                        
0000265c  rtiGetCurrentTick                   
000026f4  dwdInit                             
00002720  dwwdInit                            
0000276c  dwwdGetCurrentDownCounter           
00002784  dwdCounterEnable                    
000027a0  dwdSetPreload                       
000027c0  dwdReset                            
000027e8  dwdGenerateSysReset                 
00002810  IsdwdKeySequenceCorrect             
00002848  dwdGetStatus                        
00002880  dwdClearFlag                        
0000289c  dwdGetViolationStatus               
00002928  rtiEnableNotification               
00002954  rtiDisableNotification              
00002974  rtiGetConfigValue                   
00002ae0  _errata_SSWF021_45_both_plls        
00002cd4  _errata_SSWF021_45_pll1             
00002e4c  _errata_SSWF021_45_pll2             
00003144  gioInit                             
00003214  gioSetDirection                     
00003234  gioSetBit                           
00003284  gioSetPort                          
000032a4  gioGetBit                           
000032cc  gioGetPort                          
000032e4  gioToggleBit                        
0000333c  gioEnableNotification               
000033a4  gioDisableNotification              
0000340c  gioGetConfigValue                   
000035c8  _coreInitRegisters_                 
000036d4  _coreInitStackPointer_              
00003720  _getCPSRValue_                      
00003728  _gotoCPUIdle_                       
00003740  _coreEnableVfp_                     
00003758  _coreEnableEventBusExport_          
00003768  _coreDisableEventBusExport_         
00003778  _coreEnableIrqVicOffset_            
00003788  _coreGetDataFault_                  
00003790  _coreClearDataFault_                
0000379c  _coreGetInstructionFault_           
000037a4  _coreClearInstructionFault_         
000037b0  _coreGetDataFaultAddress_           
000037b8  _coreClearDataFaultAddress_         
000037c4  _coreGetInstructionFaultAddress_    
000037cc  _coreClearInstructionFaultAddress_  
000037d8  _coreGetAuxiliaryDataFault_         
000037e0  _coreClearAuxiliaryDataFault_       
000037ec  _coreGetAuxiliaryInstructionFault_  
000037f4  _coreClearAuxiliaryInstructionFault_
00003800  _disable_IRQ_interrupt_             
00003808  _enable_IRQ_interrupt_              
00003810  _enable_interrupt_                  
00003818  _esmCcmErrorsClear_                 
000038a0  _memInit_                           
000038d4  _checkMemInitOn_                    
000038f4  _cacheEnable_                       
00003938  _cacheDisable_                      
0000395c  _dCacheInvalidate_                  
00003970  _iCacheInvalidate_                  
00003984  __TI_PINIT_Base                     
00003988  __TI_PINIT_Limit                    
0000398c  _mpuInit_                           
00003c44  _mpuEnable_                         
00003c5c  _mpuDisable_                        
00003c74  _mpuEnableBackgroundRegion_         
00003c84  _mpuDisableBackgroundRegion_        
00003c94  _mpuGetNumberOfRegions_             
00003ca0  _mpuAreRegionsSeparate_             
00003cac  _mpuSetRegion_                      
00003cb4  _mpuGetRegion_                      
00003cbc  _mpuSetRegionBaseAddress_           
00003cc4  _mpuGetRegionBaseAddress_           
00003ccc  _mpuSetRegionTypeAndPermission_     
00003cd8  _mpuGetRegionType_                  
00003ce4  _mpuGetRegionPermission_            
00003cf0  _mpuSetRegionSizeRegister_          
00003cf8  vimECCErrorHandler                  
00004034  aligned_alloc                       
00004034  memalign                            
000041cc  __aeabi_memcpy                      
000041cc  __aeabi_memcpy4                     
000041cc  __aeabi_memcpy8                     
000041cc  memcpy                              
0000434c  esmHighInterrupt                    
000044c4  main                                
00004514  rtiNotification                     
000045cc  _c_int00                            
00004754  __TI_decompress_lzss                
000047e4  esmGroup1Notification               
000047f8  esmGroup2Notification               
0000480c  esmGroup3Notification               
0000481c  dmaGroupANotification               
00004844  gioNotification                     
00004858  epcCAMFullNotification              
0000485c  epcFIFOFullNotification             
0000486c  __TI_auto_init_nobinit_nopinit      
000048d4  rtiCompare0Interrupt                
00004998  __TI_zero_init_nomemset             
000049c0  __TI_decompress_none                
000049d4  malloc                              
000049e0  C$$EXIT                             
000049e0  abort                               
000049e8  handlePLLLockFail                   
000049ec  _nop                                
000049f0  phantomInterrupt                    
00004c0c  __TI_Handler_Table_Base             
00004c18  __TI_Handler_Table_Limit            
00004c20  __TI_CINIT_Base                     
00004c30  __TI_CINIT_Limit                    
08001500  __start___llvm_prf_cnts             
08001500  __stop___llvm_prf_cnts              
08001500  _sys_memory                         
08001d00  _lock                               
08001d04  _unlock                             
08001d10  noti                                
ffffffff  __TI_pprof_out_hndl                 
ffffffff  __TI_prof_data_size                 
ffffffff  __TI_prof_data_start                
ffffffff  __binit__                           
ffffffff  __c_args__                          
ffffffff  binit                               
UNDEFED   SHT$$INIT_ARRAY$$Base               
UNDEFED   SHT$$INIT_ARRAY$$Limit              
UNDEFED   _system_post_cinit                  

[172 symbols]
