******************************************************************************
                  TI ARM Linker PC v18.12.1                    
******************************************************************************
>> Linked Tue Jun 11 15:55:39 2019

OUTPUT FILE NAME:   <RM46x_LunchPad_Project0.out>
ENTRY POINT SYMBOL: "_c_int00"  address: 00006224


MEMORY CONFIGURATION

         name            origin    length      used     unused   attr    fill
----------------------  --------  ---------  --------  --------  ----  --------
  VECTORS               00000000   00000020  00000020  00000000     X
  FLASH0                00000020   0013ffe0  00006a94  0013954c  R  X
  STACKS                08000000   00001500  00000000  00001500  RW  
  RAM                   08001500   0002eb00  00000000  0002eb00  RW  


SEGMENT ALLOCATION MAP

run origin  load origin   length   init length attrs members
----------  ----------- ---------- ----------- ----- -------
00000000    00000000    00006ab4   00006ab4    r-x
  00000000    00000000    00000020   00000020    r-x .intvecs
  00000020    00000020    00006894   00006894    r-x .text
  000068b4    000068b4    00000200   00000200    r-- .const


SECTION ALLOCATION MAP

 output                                  attributes/
section   page    origin      length       input sections
--------  ----  ----------  ----------   ----------------
.intvecs   0    00000000    00000020     
                  00000000    00000020     sys_intvecs.obj (.intvecs)

.text      0    00000020    00006894     
                  00000020    00002cdc     sys_selftest.obj (.text)
                  00002cfc    00000b64     system.obj (.text)
                  00003860    00000a54     sys_vim.obj (.text)
                  000042b4    000008b4     pinmux.obj (.text)
                  00004b68    00000664     errata_SSWF021_45.obj (.text)
                  000051cc    000005bc     esm.obj (.text)
                  00005788    00000484     gio.obj (.text)
                  00005c0c    0000034c     sys_core.obj (.text)
                  00005f58    000002cc     sys_vim.obj (.text:retain)
                  00006224    00000290     sys_startup.obj (.text:retain)
                  000064b4    00000114     esm.obj (.text:retain)
                  000065c8    000000e8     dabort.obj (.text)
                  000066b0    000000e0     sys_pmu.obj (.text)
                  00006790    00000080     notification.obj (.text)
                  00006810    00000054     sys_main.obj (.text)
                  00006864    00000044     rtsv7R4_T_le_v3D16_eabi.lib : autoinit.c.obj (.text:__TI_auto_init_nobinit_nopinit:__TI_auto_init_nobinit_nopinit)
                  000068a8    00000004                                 : exit.c.obj (.text:abort:abort)
                  000068ac    00000004     sys_phantom.obj (.text:retain)
                  000068b0    00000004     sys_startup.obj (.text)

.const     0    000068b4    00000200     
                  000068b4    00000200     sys_vim.obj (.const:s_vim_init)

.cinit     0    00000020    00000000     UNINITIALIZED

MODULE SUMMARY

       Module                  code    ro data   rw data
       ------                  ----    -------   -------
    .\source\
       sys_selftest.obj        11484   0         0      
       sys_vim.obj             3360    512       0      
       system.obj              2916    0         0      
       pinmux.obj              2228    0         0      
       esm.obj                 1744    0         0      
       errata_SSWF021_45.obj   1636    0         0      
       gio.obj                 1156    0         0      
       sys_core.obj            844     0         0      
       sys_startup.obj         660     0         0      
       dabort.obj              232     0         0      
       sys_pmu.obj             224     0         0      
       notification.obj        128     0         0      
       sys_main.obj            84      0         0      
       sys_intvecs.obj         32      0         0      
       sys_phantom.obj         4       0         0      
    +--+-----------------------+-------+---------+---------+
       Total:                  26732   512       0      
                                                        
    C:/ti/ccs900/ccs/tools/compiler/ti-cgt-arm_18.12.1.LTS/lib/rtsv7R4_T_le_v3D16_eabi.lib
       autoinit.c.obj          68      0         0      
       exit.c.obj              4       0         0      
    +--+-----------------------+-------+---------+---------+
       Total:                  72      0         0      
                                                        
    +--+-----------------------+-------+---------+---------+
       Grand Total:            26804   512       0      


GLOBAL SYMBOLS: SORTED ALPHABETICALLY BY Name 

address   name                                
-------   ----                                
000068a9  C$$EXIT                             
UNDEFED   SHT$$INIT_ARRAY$$Base               
UNDEFED   SHT$$INIT_ARRAY$$Limit              
UNDEFED   __TI_CINIT_Base                     
UNDEFED   __TI_CINIT_Limit                    
UNDEFED   __TI_Handler_Table_Base             
UNDEFED   __TI_Handler_Table_Limit            
00005f50  __TI_PINIT_Base                     
00005f54  __TI_PINIT_Limit                    
00006865  __TI_auto_init_nobinit_nopinit      
ffffffff  __TI_pprof_out_hndl                 
ffffffff  __TI_prof_data_size                 
ffffffff  __TI_prof_data_start                
00000000  __TI_static_base__                  
ffffffff  __binit__                           
ffffffff  __c_args__                          
00006224  _c_int00                            
00005e68  _coreClearAuxiliaryDataFault_       
00005e7c  _coreClearAuxiliaryInstructionFault_
00005e40  _coreClearDataFaultAddress_         
00005e18  _coreClearDataFault_                
00005e54  _coreClearInstructionFaultAddress_  
00005e2c  _coreClearInstructionFault_         
00005dac  _coreDisableEventBusExport_         
00005df0  _coreDisableFlashEcc_               
00005dcc  _coreDisableRamEcc_                 
00005d9c  _coreEnableEventBusExport_          
00005ddc  _coreEnableFlashEcc_                
00005e00  _coreEnableIrqVicOffset_            
00005dbc  _coreEnableRamEcc_                  
00005d84  _coreEnableVfp_                     
00005e60  _coreGetAuxiliaryDataFault_         
00005e74  _coreGetAuxiliaryInstructionFault_  
00005e38  _coreGetDataFaultAddress_           
00005e10  _coreGetDataFault_                  
00005e4c  _coreGetInstructionFaultAddress_    
00005e24  _coreGetInstructionFault_           
00005c0c  _coreInitRegisters_                 
00005d18  _coreInitStackPointer_              
000065c8  _dabort                             
00005e90  _disable_FIQ_interrupt_             
00005e98  _disable_IRQ_interrupt_             
00005e88  _disable_interrupt_                 
00005ea0  _enable_interrupt_                  
00005f30  _errata_CORTEXR4_57_                
00005f40  _errata_CORTEXR4_66_                
00004b68  _errata_SSWF021_45_both_plls        
00004d5c  _errata_SSWF021_45_pll1             
00004ed4  _errata_SSWF021_45_pll2             
00005ea8  _esmCcmErrorsClear_                 
00005d64  _getCPSRValue_                      
00005d6c  _gotoCPUIdle_                       
0000670c  _pmuDisableCountersGlobal_          
000066fc  _pmuEnableCountersGlobal_           
00006768  _pmuGetCycleCount_                  
00006770  _pmuGetEventCount_                  
0000677c  _pmuGetOverflow_                    
000066b0  _pmuInit_                           
0000673c  _pmuResetCounters_                  
0000671c  _pmuResetCycleCounter_              
0000672c  _pmuResetEventCounters_             
0000675c  _pmuSetCountEvent_                  
0000674c  _pmuStartCounters_                  
00006754  _pmuStopCounters_                   
UNDEFED   _system_post_cinit                  
000068a9  abort                               
0000126c  adc1ParityCheck                     
00001358  adc2ParityCheck                     
ffffffff  binit                               
00001410  can1ParityCheck                     
000014e8  can2ParityCheck                     
000015b0  can3ParityCheck                     
00000030  ccmSelfCheck                        
000026fc  ccmr4GetConfigValue                 
00000938  checkB0RAMECC                       
00000b28  checkB1RAMECC                       
00001c18  checkClockMonitor                   
00000d18  checkFlashECC                       
00001cf4  checkFlashEEPROMECC                 
00001e8c  checkPLL1Slip                       
00001f8c  checkPLL2Slip                       
00002050  checkRAMAddrParity                  
000019d0  checkRAMECC                         
0000215c  checkRAMUERRTest                    
000007bc  checkefcSelfTest                    
00000234  cpuSelfTest                         
00000dfc  cpuSelfTestFail                     
00003784  customTrimLPO                       
00000df4  custom_dabort                       
00002b58  disableParity                       
000067fc  dmaGroupANotification               
00000eac  dmaParityCheck                      
00000660  efcCheck                            
00002660  efcGetConfigValue                   
00000794  efcSelfTest                         
000006e8  efcStuckZeroTest                    
00002ad0  enableParity                        
0000276c  errata_PBIST_4                      
00005350  esmActivateNormalOperation          
00005424  esmClearStatus                      
00005464  esmClearStatusBuffer                
00005318  esmDisableError                     
00005388  esmDisableInterrupt                 
000052f0  esmEnableError                      
00005360  esmEnableInterrupt                  
0000555c  esmEnterSelfTest                    
000052d4  esmError                            
00005634  esmGetConfigValue                   
000054a0  esmGetStatus                        
00005524  esmGetStatusBuffer                  
00006790  esmGroup1Notification               
000067a0  esmGroup2Notification               
000064b4  esmHighInterrupt                    
000051cc  esmInit                             
000055e4  esmSelfTestStatus                   
00005480  esmSetCounterPreloadValue           
000053b0  esmSetInterruptLevel                
00005340  esmTriggerErrorPinReset             
000022c4  fmcBus1ParityCheck                  
0000085c  fmcBus2Check                        
00000898  fmcECCcheck                         
000059e8  gioDisableNotification              
00005980  gioEnableNotification               
000058e8  gioGetBit                           
00005a50  gioGetConfigValue                   
00005910  gioGetPort                          
00005788  gioInit                             
000067e8  gioNotification                     
00005878  gioSetBit                           
00005858  gioSetDirection                     
000058c8  gioSetPort                          
00005928  gioToggleBit                        
000068b0  handlePLLLockFail                   
00000f58  het1ParityCheck                     
000010c0  het2ParityCheck                     
00001004  htu1ParityCheck                     
000011bc  htu2ParityCheck                     
00006810  main                                
00002e64  mapClocks                           
00000174  memoryInit                          
000067b0  memoryPort0TestFailNotification     
000067cc  memoryPort1TestFailNotification     
00001684  mibspi1ParityCheck                  
0000178c  mibspi3ParityCheck                  
000018b0  mibspi5ParityCheck                  
000042b4  muxInit                             
000023ec  pbistFail                           
00002470  pbistGetConfigValue                 
000005a8  pbistIsTestCompleted                
000005d4  pbistIsTestPassed                   
00000608  pbistPortTestStatus                 
000004ac  pbistRun                            
000002cc  pbistSelfCheck                      
00000578  pbistStop                           
00002e10  periphInit                          
000068ac  phantomInterrupt                    
00004768  pinmuxGetConfigValue                
00000000  resetEntry                          
00000020  selftestFailNotification            
00002dd0  setupFlash                          
00002cfc  setupPLL                            
00003648  sramGetConfigValue                  
000025bc  stcGetConfigValue                   
000001b8  stcSelfCheck                        
00000df8  stcSelfCheckFail                    
00003088  systemGetConfigValue                
00002f8c  systemInit                          
00003058  systemPowerDown                     
0000349c  tcmflashGetConfigValue              
00002d5c  trimLPO                             
00003934  vimChannelMap                       
00003ba0  vimDisableInterrupt                 
000039d8  vimEnableInterrupt                  
00003c4c  vimGetConfigValue                   
00003860  vimInit                             
00000e00  vimParityCheck                      
00005f58  vimParityErrorHandler               


GLOBAL SYMBOLS: SORTED BY Symbol Address 

address   name                                
-------   ----                                
00000000  __TI_static_base__                  
00000000  resetEntry                          
00000020  selftestFailNotification            
00000030  ccmSelfCheck                        
00000174  memoryInit                          
000001b8  stcSelfCheck                        
00000234  cpuSelfTest                         
000002cc  pbistSelfCheck                      
000004ac  pbistRun                            
00000578  pbistStop                           
000005a8  pbistIsTestCompleted                
000005d4  pbistIsTestPassed                   
00000608  pbistPortTestStatus                 
00000660  efcCheck                            
000006e8  efcStuckZeroTest                    
00000794  efcSelfTest                         
000007bc  checkefcSelfTest                    
0000085c  fmcBus2Check                        
00000898  fmcECCcheck                         
00000938  checkB0RAMECC                       
00000b28  checkB1RAMECC                       
00000d18  checkFlashECC                       
00000df4  custom_dabort                       
00000df8  stcSelfCheckFail                    
00000dfc  cpuSelfTestFail                     
00000e00  vimParityCheck                      
00000eac  dmaParityCheck                      
00000f58  het1ParityCheck                     
00001004  htu1ParityCheck                     
000010c0  het2ParityCheck                     
000011bc  htu2ParityCheck                     
0000126c  adc1ParityCheck                     
00001358  adc2ParityCheck                     
00001410  can1ParityCheck                     
000014e8  can2ParityCheck                     
000015b0  can3ParityCheck                     
00001684  mibspi1ParityCheck                  
0000178c  mibspi3ParityCheck                  
000018b0  mibspi5ParityCheck                  
000019d0  checkRAMECC                         
00001c18  checkClockMonitor                   
00001cf4  checkFlashEEPROMECC                 
00001e8c  checkPLL1Slip                       
00001f8c  checkPLL2Slip                       
00002050  checkRAMAddrParity                  
0000215c  checkRAMUERRTest                    
000022c4  fmcBus1ParityCheck                  
000023ec  pbistFail                           
00002470  pbistGetConfigValue                 
000025bc  stcGetConfigValue                   
00002660  efcGetConfigValue                   
000026fc  ccmr4GetConfigValue                 
0000276c  errata_PBIST_4                      
00002ad0  enableParity                        
00002b58  disableParity                       
00002cfc  setupPLL                            
00002d5c  trimLPO                             
00002dd0  setupFlash                          
00002e10  periphInit                          
00002e64  mapClocks                           
00002f8c  systemInit                          
00003058  systemPowerDown                     
00003088  systemGetConfigValue                
0000349c  tcmflashGetConfigValue              
00003648  sramGetConfigValue                  
00003784  customTrimLPO                       
00003860  vimInit                             
00003934  vimChannelMap                       
000039d8  vimEnableInterrupt                  
00003ba0  vimDisableInterrupt                 
00003c4c  vimGetConfigValue                   
000042b4  muxInit                             
00004768  pinmuxGetConfigValue                
00004b68  _errata_SSWF021_45_both_plls        
00004d5c  _errata_SSWF021_45_pll1             
00004ed4  _errata_SSWF021_45_pll2             
000051cc  esmInit                             
000052d4  esmError                            
000052f0  esmEnableError                      
00005318  esmDisableError                     
00005340  esmTriggerErrorPinReset             
00005350  esmActivateNormalOperation          
00005360  esmEnableInterrupt                  
00005388  esmDisableInterrupt                 
000053b0  esmSetInterruptLevel                
00005424  esmClearStatus                      
00005464  esmClearStatusBuffer                
00005480  esmSetCounterPreloadValue           
000054a0  esmGetStatus                        
00005524  esmGetStatusBuffer                  
0000555c  esmEnterSelfTest                    
000055e4  esmSelfTestStatus                   
00005634  esmGetConfigValue                   
00005788  gioInit                             
00005858  gioSetDirection                     
00005878  gioSetBit                           
000058c8  gioSetPort                          
000058e8  gioGetBit                           
00005910  gioGetPort                          
00005928  gioToggleBit                        
00005980  gioEnableNotification               
000059e8  gioDisableNotification              
00005a50  gioGetConfigValue                   
00005c0c  _coreInitRegisters_                 
00005d18  _coreInitStackPointer_              
00005d64  _getCPSRValue_                      
00005d6c  _gotoCPUIdle_                       
00005d84  _coreEnableVfp_                     
00005d9c  _coreEnableEventBusExport_          
00005dac  _coreDisableEventBusExport_         
00005dbc  _coreEnableRamEcc_                  
00005dcc  _coreDisableRamEcc_                 
00005ddc  _coreEnableFlashEcc_                
00005df0  _coreDisableFlashEcc_               
00005e00  _coreEnableIrqVicOffset_            
00005e10  _coreGetDataFault_                  
00005e18  _coreClearDataFault_                
00005e24  _coreGetInstructionFault_           
00005e2c  _coreClearInstructionFault_         
00005e38  _coreGetDataFaultAddress_           
00005e40  _coreClearDataFaultAddress_         
00005e4c  _coreGetInstructionFaultAddress_    
00005e54  _coreClearInstructionFaultAddress_  
00005e60  _coreGetAuxiliaryDataFault_         
00005e68  _coreClearAuxiliaryDataFault_       
00005e74  _coreGetAuxiliaryInstructionFault_  
00005e7c  _coreClearAuxiliaryInstructionFault_
00005e88  _disable_interrupt_                 
00005e90  _disable_FIQ_interrupt_             
00005e98  _disable_IRQ_interrupt_             
00005ea0  _enable_interrupt_                  
00005ea8  _esmCcmErrorsClear_                 
00005f30  _errata_CORTEXR4_57_                
00005f40  _errata_CORTEXR4_66_                
00005f50  __TI_PINIT_Base                     
00005f54  __TI_PINIT_Limit                    
00005f58  vimParityErrorHandler               
00006224  _c_int00                            
000064b4  esmHighInterrupt                    
000065c8  _dabort                             
000066b0  _pmuInit_                           
000066fc  _pmuEnableCountersGlobal_           
0000670c  _pmuDisableCountersGlobal_          
0000671c  _pmuResetCycleCounter_              
0000672c  _pmuResetEventCounters_             
0000673c  _pmuResetCounters_                  
0000674c  _pmuStartCounters_                  
00006754  _pmuStopCounters_                   
0000675c  _pmuSetCountEvent_                  
00006768  _pmuGetCycleCount_                  
00006770  _pmuGetEventCount_                  
0000677c  _pmuGetOverflow_                    
00006790  esmGroup1Notification               
000067a0  esmGroup2Notification               
000067b0  memoryPort0TestFailNotification     
000067cc  memoryPort1TestFailNotification     
000067e8  gioNotification                     
000067fc  dmaGroupANotification               
00006810  main                                
00006865  __TI_auto_init_nobinit_nopinit      
000068a9  C$$EXIT                             
000068a9  abort                               
000068ac  phantomInterrupt                    
000068b0  handlePLLLockFail                   
ffffffff  __TI_pprof_out_hndl                 
ffffffff  __TI_prof_data_size                 
ffffffff  __TI_prof_data_start                
ffffffff  __binit__                           
ffffffff  __c_args__                          
ffffffff  binit                               
UNDEFED   SHT$$INIT_ARRAY$$Base               
UNDEFED   SHT$$INIT_ARRAY$$Limit              
UNDEFED   __TI_CINIT_Base                     
UNDEFED   __TI_CINIT_Limit                    
UNDEFED   __TI_Handler_Table_Base             
UNDEFED   __TI_Handler_Table_Limit            
UNDEFED   _system_post_cinit                  

[177 symbols]
