******************************************************************************
                  TI ARM Linker PC v18.1.0                     
******************************************************************************
>> Linked Thu Feb 22 12:55:41 2018

OUTPUT FILE NAME:   <led.out>
ENTRY POINT SYMBOL: "_c_int00"  address: 00003470


MEMORY CONFIGURATION

         name            origin    length      used     unused   attr    fill
----------------------  --------  ---------  --------  --------  ----  --------
  VECTORS               00000000   00000020  00000020  00000000     X
  FLASH0                00000020   001fffe0  00003828  001fc7b8  R  X
  FLASH1                00200000   00200000  00000000  00200000  R  X
  STACKS                08000000   00001500  00000000  00001500  RW  
  RAM                   08001500   0007eb00  00000000  0007eb00  RW  


SEGMENT ALLOCATION MAP

run origin  load origin   length   init length attrs members
----------  ----------- ---------- ----------- ----- -------
00000000    00000000    00003648   00003648    r-x
  00000000    00000000    00000020   00000020    r-x .intvecs
  00000020    00000020    00003628   00003628    r-x .text
00003660    00003660    00000200   00000200    r--
  00003660    00003660    00000200   00000200    r-- .const


SECTION ALLOCATION MAP

 output                                  attributes/
section   page    origin      length       input sections
--------  ----  ----------  ----------   ----------------
.intvecs   0    00000000    00000020     
                  00000000    00000020     HL_sys_intvecs.obj (.intvecs)

.text      0    00000020    00003628     
                  00000020    000009c8     HL_pinmux.obj (.text)
                  000009e8    0000095c     HL_system.obj (.text)
                  00001344    00000938     HL_sys_vim.obj (.text)
                  00001c7c    0000078c     HL_esm.obj (.text)
                  00002408    00000484     HL_gio.obj (.text)
                  0000288c    000003c4     HL_sys_core.obj (.text)
                  00002c50    0000036c     HL_sys_mpu.obj (.text)
                  00002fbc    0000033c     HL_sys_vim.obj (.text:retain)
                  000032f8    00000178     HL_esm.obj (.text:retain)
                  00003470    000000b4     HL_sys_startup.obj (.text:retain)
                  00003524    00000074     HL_notification.obj (.text)
                  00003598    00000068     rtsv7R4_A_le_v3D16_eabi.lib : autoinit.c.obj (.text:__TI_auto_init_nobinit_nopinit:__TI_auto_init_nobinit_nopinit)
                  00003600    0000003c     HL_sys_main.obj (.text)
                  0000363c    00000008     rtsv7R4_A_le_v3D16_eabi.lib : exit.c.obj (.text:abort:abort)
                  00003644    00000004     HL_sys_phantom.obj (.text:retain)

.const     0    00003660    00000200     
                  00003660    00000200     HL_sys_vim.obj (.const:s_vim_init)

.cinit     0    00000020    00000000     UNINITIALIZED

MODULE SUMMARY

       Module                code    ro data   rw data
       ------                ----    -------   -------
    .\source\
       HL_sys_vim.obj        3188    512       0      
       HL_pinmux.obj         2504    0         0      
       HL_system.obj         2396    0         0      
       HL_esm.obj            2308    0         0      
       HL_gio.obj            1156    0         0      
       HL_sys_core.obj       964     0         0      
       HL_sys_mpu.obj        876     0         0      
       HL_sys_startup.obj    180     0         0      
       HL_notification.obj   116     0         0      
       HL_sys_main.obj       60      0         0      
       HL_sys_intvecs.obj    32      0         0      
       HL_sys_phantom.obj    4       0         0      
    +--+---------------------+-------+---------+---------+
       Total:                13784   512       0      
                                                      
    C:\ti\ccsv7\tools\compiler\ti-cgt-arm_18.1.0.LTS\lib\rtsv7R4_A_le_v3D16_eabi.lib
       autoinit.c.obj        104     0         0      
       exit.c.obj            8       0         0      
    +--+---------------------+-------+---------+---------+
       Total:                112     0         0      
                                                      
    +--+---------------------+-------+---------+---------+
       Grand Total:          13896   512       0      


GLOBAL SYMBOLS: SORTED ALPHABETICALLY BY Name 

address   name                                
-------   ----                                
0000363c  C$$EXIT                             
UNDEFED   SHT$$INIT_ARRAY$$Base               
UNDEFED   SHT$$INIT_ARRAY$$Limit              
UNDEFED   __TI_CINIT_Base                     
UNDEFED   __TI_CINIT_Limit                    
UNDEFED   __TI_Handler_Table_Base             
UNDEFED   __TI_Handler_Table_Limit            
00002c48  __TI_PINIT_Base                     
00002c4c  __TI_PINIT_Limit                    
00003598  __TI_auto_init_nobinit_nopinit      
ffffffff  __TI_pprof_out_hndl                 
ffffffff  __TI_prof_data_size                 
ffffffff  __TI_prof_data_start                
00000000  __TI_static_base__                  
ffffffff  __binit__                           
ffffffff  __c_args__                          
00003470  _c_int00                            
00002bfc  _cacheDisable_                      
00002bb8  _cacheEnable_                       
00002b98  _checkMemInitOn_                    
00002aa4  _coreClearAuxiliaryDataFault_       
00002ab8  _coreClearAuxiliaryInstructionFault_
00002a7c  _coreClearDataFaultAddress_         
00002a54  _coreClearDataFault_                
00002a90  _coreClearInstructionFaultAddress_  
00002a68  _coreClearInstructionFault_         
00002a2c  _coreDisableEventBusExport_         
00002a1c  _coreEnableEventBusExport_          
00002a3c  _coreEnableIrqVicOffset_            
00002a04  _coreEnableVfp_                     
00002a9c  _coreGetAuxiliaryDataFault_         
00002ab0  _coreGetAuxiliaryInstructionFault_  
00002a74  _coreGetDataFaultAddress_           
00002a4c  _coreGetDataFault_                  
00002a88  _coreGetInstructionFaultAddress_    
00002a60  _coreGetInstructionFault_           
0000288c  _coreInitRegisters_                 
00002998  _coreInitStackPointer_              
00002c20  _dCacheInvalidate_                  
00002ac4  _disable_IRQ_interrupt_             
00002acc  _enable_IRQ_interrupt_              
00002ad4  _enable_interrupt_                  
00002adc  _esmCcmErrorsClear_                 
000029e4  _getCPSRValue_                      
000029ec  _gotoCPUIdle_                       
00002c34  _iCacheInvalidate_                  
00002b64  _memInit_                           
00002f64  _mpuAreRegionsSeparate_             
00002f48  _mpuDisableBackgroundRegion_        
00002f20  _mpuDisable_                        
00002f38  _mpuEnableBackgroundRegion_         
00002f08  _mpuEnable_                         
00002f58  _mpuGetNumberOfRegions_             
00002f88  _mpuGetRegionBaseAddress_           
00002fa8  _mpuGetRegionPermission_            
00002f9c  _mpuGetRegionType_                  
00002f78  _mpuGetRegion_                      
00002c50  _mpuInit_                           
00002f80  _mpuSetRegionBaseAddress_           
00002fb4  _mpuSetRegionSizeRegister_          
00002f90  _mpuSetRegionTypeAndPermission_     
00002f70  _mpuSetRegion_                      
UNDEFED   _system_post_cinit                  
0000363c  abort                               
ffffffff  binit                               
0000355c  dmaGroupANotification               
00003584  epcCAMFullNotification              
00003588  epcFIFOFullNotification             
00001e8c  esmActivateNormalOperation          
00001fd8  esmClearStatus                      
0000203c  esmClearStatusBuffer                
00002018  esmClearStatusUpper                 
00001e38  esmDisableError                     
00001e60  esmDisableErrorUpper                
00001ee0  esmDisableInterrupt                 
00001f08  esmDisableInterruptUpper            
00001df4  esmEnableError                      
00001e1c  esmEnableErrorUpper                 
00001e9c  esmEnableInterrupt                  
00001ec4  esmEnableInterruptUpper             
0000216c  esmEnterSelfTest                    
00001dd8  esmError                            
00002244  esmGetConfigValue                   
00002078  esmGetStatus                        
00002144  esmGetStatusBuffer                  
000020fc  esmGetStatusUpper                   
00003524  esmGroup1Notification               
00003538  esmGroup2Notification               
0000354c  esmGroup3Notification               
000032f8  esmHighInterrupt                    
00001c7c  esmInit                             
000021f4  esmSelfTestStatus                   
00002058  esmSetCounterPreloadValue           
00001f24  esmSetInterruptLevel                
00001f98  esmSetInterruptLevelUpper           
00001e7c  esmTriggerErrorPinReset             
00000d54  getResetSource                      
00002668  gioDisableNotification              
00002600  gioEnableNotification               
00002568  gioGetBit                           
000026d0  gioGetConfigValue                   
00002590  gioGetPort                          
00002408  gioInit                             
00003570  gioNotification                     
000024f8  gioSetBit                           
000024d8  gioSetDirection                     
00002548  gioSetPort                          
000025a8  gioToggleBit                        
00003600  main                                
00000b84  mapClocks                           
00000020  muxInit                             
00000ad0  periphInit                          
00003644  phantomInterrupt                    
00000000  resetEntry                          
00000a90  setupFlash                          
000009e8  setupPLL                            
00000e7c  systemGetConfigValue                
00000cb0  systemInit                          
00000d24  systemPowerDown                     
00000a48  trimLPO                             
00001418  vimChannelMap                       
00001684  vimDisableInterrupt                 
00002fbc  vimECCErrorHandler                  
000014bc  vimEnableInterrupt                  
00001730  vimGetConfigValue                   
00001344  vimInit                             


GLOBAL SYMBOLS: SORTED BY Symbol Address 

address   name                                
-------   ----                                
00000000  __TI_static_base__                  
00000000  resetEntry                          
00000020  muxInit                             
000009e8  setupPLL                            
00000a48  trimLPO                             
00000a90  setupFlash                          
00000ad0  periphInit                          
00000b84  mapClocks                           
00000cb0  systemInit                          
00000d24  systemPowerDown                     
00000d54  getResetSource                      
00000e7c  systemGetConfigValue                
00001344  vimInit                             
00001418  vimChannelMap                       
000014bc  vimEnableInterrupt                  
00001684  vimDisableInterrupt                 
00001730  vimGetConfigValue                   
00001c7c  esmInit                             
00001dd8  esmError                            
00001df4  esmEnableError                      
00001e1c  esmEnableErrorUpper                 
00001e38  esmDisableError                     
00001e60  esmDisableErrorUpper                
00001e7c  esmTriggerErrorPinReset             
00001e8c  esmActivateNormalOperation          
00001e9c  esmEnableInterrupt                  
00001ec4  esmEnableInterruptUpper             
00001ee0  esmDisableInterrupt                 
00001f08  esmDisableInterruptUpper            
00001f24  esmSetInterruptLevel                
00001f98  esmSetInterruptLevelUpper           
00001fd8  esmClearStatus                      
00002018  esmClearStatusUpper                 
0000203c  esmClearStatusBuffer                
00002058  esmSetCounterPreloadValue           
00002078  esmGetStatus                        
000020fc  esmGetStatusUpper                   
00002144  esmGetStatusBuffer                  
0000216c  esmEnterSelfTest                    
000021f4  esmSelfTestStatus                   
00002244  esmGetConfigValue                   
00002408  gioInit                             
000024d8  gioSetDirection                     
000024f8  gioSetBit                           
00002548  gioSetPort                          
00002568  gioGetBit                           
00002590  gioGetPort                          
000025a8  gioToggleBit                        
00002600  gioEnableNotification               
00002668  gioDisableNotification              
000026d0  gioGetConfigValue                   
0000288c  _coreInitRegisters_                 
00002998  _coreInitStackPointer_              
000029e4  _getCPSRValue_                      
000029ec  _gotoCPUIdle_                       
00002a04  _coreEnableVfp_                     
00002a1c  _coreEnableEventBusExport_          
00002a2c  _coreDisableEventBusExport_         
00002a3c  _coreEnableIrqVicOffset_            
00002a4c  _coreGetDataFault_                  
00002a54  _coreClearDataFault_                
00002a60  _coreGetInstructionFault_           
00002a68  _coreClearInstructionFault_         
00002a74  _coreGetDataFaultAddress_           
00002a7c  _coreClearDataFaultAddress_         
00002a88  _coreGetInstructionFaultAddress_    
00002a90  _coreClearInstructionFaultAddress_  
00002a9c  _coreGetAuxiliaryDataFault_         
00002aa4  _coreClearAuxiliaryDataFault_       
00002ab0  _coreGetAuxiliaryInstructionFault_  
00002ab8  _coreClearAuxiliaryInstructionFault_
00002ac4  _disable_IRQ_interrupt_             
00002acc  _enable_IRQ_interrupt_              
00002ad4  _enable_interrupt_                  
00002adc  _esmCcmErrorsClear_                 
00002b64  _memInit_                           
00002b98  _checkMemInitOn_                    
00002bb8  _cacheEnable_                       
00002bfc  _cacheDisable_                      
00002c20  _dCacheInvalidate_                  
00002c34  _iCacheInvalidate_                  
00002c48  __TI_PINIT_Base                     
00002c4c  __TI_PINIT_Limit                    
00002c50  _mpuInit_                           
00002f08  _mpuEnable_                         
00002f20  _mpuDisable_                        
00002f38  _mpuEnableBackgroundRegion_         
00002f48  _mpuDisableBackgroundRegion_        
00002f58  _mpuGetNumberOfRegions_             
00002f64  _mpuAreRegionsSeparate_             
00002f70  _mpuSetRegion_                      
00002f78  _mpuGetRegion_                      
00002f80  _mpuSetRegionBaseAddress_           
00002f88  _mpuGetRegionBaseAddress_           
00002f90  _mpuSetRegionTypeAndPermission_     
00002f9c  _mpuGetRegionType_                  
00002fa8  _mpuGetRegionPermission_            
00002fb4  _mpuSetRegionSizeRegister_          
00002fbc  vimECCErrorHandler                  
000032f8  esmHighInterrupt                    
00003470  _c_int00                            
00003524  esmGroup1Notification               
00003538  esmGroup2Notification               
0000354c  esmGroup3Notification               
0000355c  dmaGroupANotification               
00003570  gioNotification                     
00003584  epcCAMFullNotification              
00003588  epcFIFOFullNotification             
00003598  __TI_auto_init_nobinit_nopinit      
00003600  main                                
0000363c  C$$EXIT                             
0000363c  abort                               
00003644  phantomInterrupt                    
ffffffff  __TI_pprof_out_hndl                 
ffffffff  __TI_prof_data_size                 
ffffffff  __TI_prof_data_start                
ffffffff  __binit__                           
ffffffff  __c_args__                          
ffffffff  binit                               
UNDEFED   SHT$$INIT_ARRAY$$Base               
UNDEFED   SHT$$INIT_ARRAY$$Limit              
UNDEFED   __TI_CINIT_Base                     
UNDEFED   __TI_CINIT_Limit                    
UNDEFED   __TI_Handler_Table_Base             
UNDEFED   __TI_Handler_Table_Limit            
UNDEFED   _system_post_cinit                  

[126 symbols]
