******************************************************************************
                  TI ARM Linker PC v18.1.0                     
******************************************************************************
>> Linked Sat Feb 24 15:56:02 2018

OUTPUT FILE NAME:   <cinematica_inversa.out>
ENTRY POINT SYMBOL: "_c_int00"  address: 000040f0


MEMORY CONFIGURATION

         name            origin    length      used     unused   attr    fill
----------------------  --------  ---------  --------  --------  ----  --------
  VECTORS               00000000   00000020  00000020  00000000     X
  FLASH0                00000020   001fffe0  000045d0  001fba10  R  X
  FLASH1                00200000   00200000  00000000  00200000  R  X
  STACKS                08000000   00001500  00000000  00001500  RW  
  RAM                   08001500   0007eb00  00000097  0007ea69  RW  


SEGMENT ALLOCATION MAP

run origin  load origin   length   init length attrs members
----------  ----------- ---------- ----------- ----- -------
00000000    00000000    00004378   00004378    r-x
  00000000    00000000    00000020   00000020    r-x .intvecs
  00000020    00000020    00004358   00004358    r-x .text
00004380    00004380    00000278   00000278    r--
  00004380    00004380    00000200   00000200    r-- .const
  00004580    00004580    00000078   00000078    r-- .cinit
08001500    08001500    00000097   00000000    rw-
  08001500    08001500    00000050   00000000    rw- .bss
  08001550    08001550    00000047   00000000    rw- .data


SECTION ALLOCATION MAP

 output                                  attributes/
section   page    origin      length       input sections
--------  ----  ----------  ----------   ----------------
.intvecs   0    00000000    00000020     
                  00000000    00000020     HL_sys_intvecs.obj (.intvecs)

.text      0    00000020    00004358     
                  00000020    000009cc     HL_pinmux.obj (.text)
                  000009ec    0000095c     HL_system.obj (.text)
                  00001348    00000938     HL_sys_vim.obj (.text)
                  00001c80    00000870     HL_sci.obj (.text)
                  000024f0    0000078c     HL_esm.obj (.text)
                  00002c7c    00000484     HL_gio.obj (.text)
                  00003100    000003c4     HL_sys_core.obj (.text)
                  000034c4    0000036c     HL_sys_mpu.obj (.text)
                  00003830    0000033c     HL_sys_vim.obj (.text:retain)
                  00003b6c    00000180     rtsv7R4_A_le_v3D16_eabi.lib : memcpy32.asm.obj (.text)
                  00003cec    00000178     HL_esm.obj (.text:retain)
                  00003e64    00000158     HL_sys_main.obj (.text)
                  00003fbc    00000134     rtsv7R4_A_le_v3D16_eabi.lib : s_floor.c.obj (.text:floor)
                  000040f0    000000b4     HL_sys_startup.obj (.text:retain)
                  000041a4    0000009c     HL_notification.obj (.text)
                  00004240    00000090     rtsv7R4_A_le_v3D16_eabi.lib : copy_decompress_lzss.c.obj (.text:decompress:lzss:__TI_decompress_lzss)
                  000042d0    00000068                                 : autoinit.c.obj (.text:__TI_auto_init_nobinit_nopinit:__TI_auto_init_nobinit_nopinit)
                  00004338    00000020                                 : copy_zero_init.c.obj (.text:decompress:ZI:__TI_zero_init_nomemset:__TI_zero_init_nomemset)
                  00004358    00000014                                 : copy_decompress_none.c.obj (.text:decompress:none:__TI_decompress_none)
                  0000436c    00000008                                 : exit.c.obj (.text:abort:abort)
                  00004374    00000004     HL_sys_phantom.obj (.text:retain)

.const     0    00004380    00000200     
                  00004380    00000200     HL_sys_vim.obj (.const:s_vim_init)

.cinit     0    00004580    00000078     
                  00004580    0000004f     (.cinit..data.load) [load image]
                  000045cf    00000001     --HOLE-- [fill = 0]
                  000045d0    0000000c     (__TI_handler_table)
                  000045dc    00000004     --HOLE-- [fill = 0]
                  000045e0    00000008     (.cinit..bss.load) [load image, compression = zero_init]
                  000045e8    00000010     (__TI_cinit_table)

.bss       0    08001500    00000050     UNINITIALIZED
                  08001500    00000050     HL_sci.obj (.bss:g_sciTransfer_t)

.data      0    08001550    00000047     UNINITIALIZED
                  08001550    00000013     HL_sys_main.obj (.data:TEXT3)
                  08001563    00000012     HL_sys_main.obj (.data:TEXT2)
                  08001575    0000000c     HL_sys_main.obj (.data:acceso)
                  08001581    0000000c     HL_sys_main.obj (.data:spento)
                  0800158d    0000000a     HL_sys_main.obj (.data:TEXT1)

MODULE SUMMARY

       Module                       code    ro data   rw data
       ------                       ----    -------   -------
    .\source\
       HL_sys_vim.obj               3188    512       0      
       HL_pinmux.obj                2508    0         0      
       HL_system.obj                2396    0         0      
       HL_esm.obj                   2308    0         0      
       HL_sci.obj                   2160    0         80     
       HL_gio.obj                   1156    0         0      
       HL_sys_core.obj              964     0         0      
       HL_sys_mpu.obj               876     0         0      
       HL_sys_main.obj              344     0         71     
       HL_sys_startup.obj           180     0         0      
       HL_notification.obj          156     0         0      
       HL_sys_intvecs.obj           32      0         0      
       HL_sys_phantom.obj           4       0         0      
    +--+----------------------------+-------+---------+---------+
       Total:                       16272   512       151    
                                                             
    C:\ti\ccsv7\tools\compiler\ti-cgt-arm_18.1.0.LTS\lib\rtsv7R4_A_le_v3D16_eabi.lib
       memcpy32.asm.obj             384     0         0      
       s_floor.c.obj                308     0         0      
       copy_decompress_lzss.c.obj   144     0         0      
       autoinit.c.obj               104     0         0      
       copy_zero_init.c.obj         32      0         0      
       copy_decompress_none.c.obj   20      0         0      
       exit.c.obj                   8       0         0      
    +--+----------------------------+-------+---------+---------+
       Total:                       1000    0         0      
                                                             
       Linker Generated:            0       115       0      
    +--+----------------------------+-------+---------+---------+
       Grand Total:                 17272   627       151    


LINKER GENERATED COPY TABLES

__TI_cinit_table @ 000045e8 records: 2, size/record: 8, table size: 16
	.data: load addr=00004580, load size=0000004f bytes, run addr=08001550, run size=00000047 bytes, compression=copy
	.bss: load addr=000045e0, load size=00000008 bytes, run addr=08001500, run size=00000050 bytes, compression=zero_init


LINKER GENERATED HANDLER TABLE

__TI_handler_table @ 000045d0 records: 3, size/record: 4, table size: 12
	index: 0, handler: __TI_zero_init
	index: 1, handler: __TI_decompress_lzss
	index: 2, handler: __TI_decompress_none


GLOBAL SYMBOLS: SORTED ALPHABETICALLY BY Name 

address   name                                
-------   ----                                
0000436c  C$$EXIT                             
UNDEFED   SHT$$INIT_ARRAY$$Base               
UNDEFED   SHT$$INIT_ARRAY$$Limit              
0800158d  TEXT1                               
08001563  TEXT2                               
08001550  TEXT3                               
000045e8  __TI_CINIT_Base                     
000045f8  __TI_CINIT_Limit                    
000045d0  __TI_Handler_Table_Base             
000045dc  __TI_Handler_Table_Limit            
000034bc  __TI_PINIT_Base                     
000034c0  __TI_PINIT_Limit                    
000042d0  __TI_auto_init_nobinit_nopinit      
00004240  __TI_decompress_lzss                
00004358  __TI_decompress_none                
ffffffff  __TI_pprof_out_hndl                 
ffffffff  __TI_prof_data_size                 
ffffffff  __TI_prof_data_start                
00000000  __TI_static_base__                  
00004338  __TI_zero_init_nomemset             
00003b6c  __aeabi_memcpy                      
00003b6c  __aeabi_memcpy4                     
00003b6c  __aeabi_memcpy8                     
ffffffff  __binit__                           
ffffffff  __c_args__                          
000040f0  _c_int00                            
00003470  _cacheDisable_                      
0000342c  _cacheEnable_                       
0000340c  _checkMemInitOn_                    
00003318  _coreClearAuxiliaryDataFault_       
0000332c  _coreClearAuxiliaryInstructionFault_
000032f0  _coreClearDataFaultAddress_         
000032c8  _coreClearDataFault_                
00003304  _coreClearInstructionFaultAddress_  
000032dc  _coreClearInstructionFault_         
000032a0  _coreDisableEventBusExport_         
00003290  _coreEnableEventBusExport_          
000032b0  _coreEnableIrqVicOffset_            
00003278  _coreEnableVfp_                     
00003310  _coreGetAuxiliaryDataFault_         
00003324  _coreGetAuxiliaryInstructionFault_  
000032e8  _coreGetDataFaultAddress_           
000032c0  _coreGetDataFault_                  
000032fc  _coreGetInstructionFaultAddress_    
000032d4  _coreGetInstructionFault_           
00003100  _coreInitRegisters_                 
0000320c  _coreInitStackPointer_              
00003494  _dCacheInvalidate_                  
00003338  _disable_IRQ_interrupt_             
00003340  _enable_IRQ_interrupt_              
00003348  _enable_interrupt_                  
00003350  _esmCcmErrorsClear_                 
00003258  _getCPSRValue_                      
00003260  _gotoCPUIdle_                       
000034a8  _iCacheInvalidate_                  
000033d8  _memInit_                           
000037d8  _mpuAreRegionsSeparate_             
000037bc  _mpuDisableBackgroundRegion_        
00003794  _mpuDisable_                        
000037ac  _mpuEnableBackgroundRegion_         
0000377c  _mpuEnable_                         
000037cc  _mpuGetNumberOfRegions_             
000037fc  _mpuGetRegionBaseAddress_           
0000381c  _mpuGetRegionPermission_            
00003810  _mpuGetRegionType_                  
000037ec  _mpuGetRegion_                      
000034c4  _mpuInit_                           
000037f4  _mpuSetRegionBaseAddress_           
00003828  _mpuSetRegionSizeRegister_          
00003804  _mpuSetRegionTypeAndPermission_     
000037e4  _mpuSetRegion_                      
UNDEFED   _system_post_cinit                  
0000436c  abort                               
08001575  acceso                              
ffffffff  binit                               
000041dc  dmaGroupANotification               
0000422c  epcCAMFullNotification              
00004230  epcFIFOFullNotification             
00002700  esmActivateNormalOperation          
0000284c  esmClearStatus                      
000028b0  esmClearStatusBuffer                
0000288c  esmClearStatusUpper                 
000026ac  esmDisableError                     
000026d4  esmDisableErrorUpper                
00002754  esmDisableInterrupt                 
0000277c  esmDisableInterruptUpper            
00002668  esmEnableError                      
00002690  esmEnableErrorUpper                 
00002710  esmEnableInterrupt                  
00002738  esmEnableInterruptUpper             
000029e0  esmEnterSelfTest                    
0000264c  esmError                            
00002ab8  esmGetConfigValue                   
000028ec  esmGetStatus                        
000029b8  esmGetStatusBuffer                  
00002970  esmGetStatusUpper                   
000041a4  esmGroup1Notification               
000041b8  esmGroup2Notification               
000041cc  esmGroup3Notification               
00003cec  esmHighInterrupt                    
000024f0  esmInit                             
00002a68  esmSelfTestStatus                   
000028cc  esmSetCounterPreloadValue           
00002798  esmSetInterruptLevel                
0000280c  esmSetInterruptLevelUpper           
000026f0  esmTriggerErrorPinReset             
00003fbc  floor                               
00003fbc  floorl                              
00000d58  getResetSource                      
00002edc  gioDisableNotification              
00002e74  gioEnableNotification               
00002ddc  gioGetBit                           
00002f44  gioGetConfigValue                   
00002e04  gioGetPort                          
00002c7c  gioInit                             
00004204  gioNotification                     
00002d6c  gioSetBit                           
00002d4c  gioSetDirection                     
00002dbc  gioSetPort                          
00002e1c  gioToggleBit                        
00003e64  main                                
00000b88  mapClocks                           
00003b6c  memcpy                              
00000020  muxInit                             
00000ad4  periphInit                          
00004374  phantomInterrupt                    
00000000  resetEntry                          
000041f0  rtiNotification                     
0000233c  sci1GetConfigValue                  
000021b0  sciDisableLoopback                  
00002264  sciDisableNotification              
00003f20  sciDisplayText                      
0000217c  sciEnableLoopback                   
000021cc  sciEnableNotification               
000022fc  sciEnterResetState                  
0000231c  sciExitResetState                   
00001c80  sciInit                             
00001ff4  sciIsIdleDetected                   
00001fd8  sciIsRxReady                        
00001e28  sciIsTxReady                        
00004218  sciNotification                     
0000206c  sciReceive                          
00002040  sciReceiveByte                      
00002010  sciRxError                          
00001e74  sciSend                             
00001e44  sciSendByte                         
00001d8c  sciSetBaudrate                      
00001d6c  sciSetFunctional                    
00000a94  setupFlash                          
000009ec  setupPLL                            
08001581  spento                              
00000e80  systemGetConfigValue                
00000cb4  systemInit                          
00000d28  systemPowerDown                     
00000a4c  trimLPO                             
0000141c  vimChannelMap                       
00001688  vimDisableInterrupt                 
00003830  vimECCErrorHandler                  
000014c0  vimEnableInterrupt                  
00001734  vimGetConfigValue                   
00001348  vimInit                             
00003f80  wait                                


GLOBAL SYMBOLS: SORTED BY Symbol Address 

address   name                                
-------   ----                                
00000000  __TI_static_base__                  
00000000  resetEntry                          
00000020  muxInit                             
000009ec  setupPLL                            
00000a4c  trimLPO                             
00000a94  setupFlash                          
00000ad4  periphInit                          
00000b88  mapClocks                           
00000cb4  systemInit                          
00000d28  systemPowerDown                     
00000d58  getResetSource                      
00000e80  systemGetConfigValue                
00001348  vimInit                             
0000141c  vimChannelMap                       
000014c0  vimEnableInterrupt                  
00001688  vimDisableInterrupt                 
00001734  vimGetConfigValue                   
00001c80  sciInit                             
00001d6c  sciSetFunctional                    
00001d8c  sciSetBaudrate                      
00001e28  sciIsTxReady                        
00001e44  sciSendByte                         
00001e74  sciSend                             
00001fd8  sciIsRxReady                        
00001ff4  sciIsIdleDetected                   
00002010  sciRxError                          
00002040  sciReceiveByte                      
0000206c  sciReceive                          
0000217c  sciEnableLoopback                   
000021b0  sciDisableLoopback                  
000021cc  sciEnableNotification               
00002264  sciDisableNotification              
000022fc  sciEnterResetState                  
0000231c  sciExitResetState                   
0000233c  sci1GetConfigValue                  
000024f0  esmInit                             
0000264c  esmError                            
00002668  esmEnableError                      
00002690  esmEnableErrorUpper                 
000026ac  esmDisableError                     
000026d4  esmDisableErrorUpper                
000026f0  esmTriggerErrorPinReset             
00002700  esmActivateNormalOperation          
00002710  esmEnableInterrupt                  
00002738  esmEnableInterruptUpper             
00002754  esmDisableInterrupt                 
0000277c  esmDisableInterruptUpper            
00002798  esmSetInterruptLevel                
0000280c  esmSetInterruptLevelUpper           
0000284c  esmClearStatus                      
0000288c  esmClearStatusUpper                 
000028b0  esmClearStatusBuffer                
000028cc  esmSetCounterPreloadValue           
000028ec  esmGetStatus                        
00002970  esmGetStatusUpper                   
000029b8  esmGetStatusBuffer                  
000029e0  esmEnterSelfTest                    
00002a68  esmSelfTestStatus                   
00002ab8  esmGetConfigValue                   
00002c7c  gioInit                             
00002d4c  gioSetDirection                     
00002d6c  gioSetBit                           
00002dbc  gioSetPort                          
00002ddc  gioGetBit                           
00002e04  gioGetPort                          
00002e1c  gioToggleBit                        
00002e74  gioEnableNotification               
00002edc  gioDisableNotification              
00002f44  gioGetConfigValue                   
00003100  _coreInitRegisters_                 
0000320c  _coreInitStackPointer_              
00003258  _getCPSRValue_                      
00003260  _gotoCPUIdle_                       
00003278  _coreEnableVfp_                     
00003290  _coreEnableEventBusExport_          
000032a0  _coreDisableEventBusExport_         
000032b0  _coreEnableIrqVicOffset_            
000032c0  _coreGetDataFault_                  
000032c8  _coreClearDataFault_                
000032d4  _coreGetInstructionFault_           
000032dc  _coreClearInstructionFault_         
000032e8  _coreGetDataFaultAddress_           
000032f0  _coreClearDataFaultAddress_         
000032fc  _coreGetInstructionFaultAddress_    
00003304  _coreClearInstructionFaultAddress_  
00003310  _coreGetAuxiliaryDataFault_         
00003318  _coreClearAuxiliaryDataFault_       
00003324  _coreGetAuxiliaryInstructionFault_  
0000332c  _coreClearAuxiliaryInstructionFault_
00003338  _disable_IRQ_interrupt_             
00003340  _enable_IRQ_interrupt_              
00003348  _enable_interrupt_                  
00003350  _esmCcmErrorsClear_                 
000033d8  _memInit_                           
0000340c  _checkMemInitOn_                    
0000342c  _cacheEnable_                       
00003470  _cacheDisable_                      
00003494  _dCacheInvalidate_                  
000034a8  _iCacheInvalidate_                  
000034bc  __TI_PINIT_Base                     
000034c0  __TI_PINIT_Limit                    
000034c4  _mpuInit_                           
0000377c  _mpuEnable_                         
00003794  _mpuDisable_                        
000037ac  _mpuEnableBackgroundRegion_         
000037bc  _mpuDisableBackgroundRegion_        
000037cc  _mpuGetNumberOfRegions_             
000037d8  _mpuAreRegionsSeparate_             
000037e4  _mpuSetRegion_                      
000037ec  _mpuGetRegion_                      
000037f4  _mpuSetRegionBaseAddress_           
000037fc  _mpuGetRegionBaseAddress_           
00003804  _mpuSetRegionTypeAndPermission_     
00003810  _mpuGetRegionType_                  
0000381c  _mpuGetRegionPermission_            
00003828  _mpuSetRegionSizeRegister_          
00003830  vimECCErrorHandler                  
00003b6c  __aeabi_memcpy                      
00003b6c  __aeabi_memcpy4                     
00003b6c  __aeabi_memcpy8                     
00003b6c  memcpy                              
00003cec  esmHighInterrupt                    
00003e64  main                                
00003f20  sciDisplayText                      
00003f80  wait                                
00003fbc  floor                               
00003fbc  floorl                              
000040f0  _c_int00                            
000041a4  esmGroup1Notification               
000041b8  esmGroup2Notification               
000041cc  esmGroup3Notification               
000041dc  dmaGroupANotification               
000041f0  rtiNotification                     
00004204  gioNotification                     
00004218  sciNotification                     
0000422c  epcCAMFullNotification              
00004230  epcFIFOFullNotification             
00004240  __TI_decompress_lzss                
000042d0  __TI_auto_init_nobinit_nopinit      
00004338  __TI_zero_init_nomemset             
00004358  __TI_decompress_none                
0000436c  C$$EXIT                             
0000436c  abort                               
00004374  phantomInterrupt                    
000045d0  __TI_Handler_Table_Base             
000045dc  __TI_Handler_Table_Limit            
000045e8  __TI_CINIT_Base                     
000045f8  __TI_CINIT_Limit                    
08001550  TEXT3                               
08001563  TEXT2                               
08001575  acceso                              
08001581  spento                              
0800158d  TEXT1                               
ffffffff  __TI_pprof_out_hndl                 
ffffffff  __TI_prof_data_size                 
ffffffff  __TI_prof_data_start                
ffffffff  __binit__                           
ffffffff  __c_args__                          
ffffffff  binit                               
UNDEFED   SHT$$INIT_ARRAY$$Base               
UNDEFED   SHT$$INIT_ARRAY$$Limit              
UNDEFED   _system_post_cinit                  

[162 symbols]
