******************************************************************************
                  TI ARM Linker PC v20.2.2                     
******************************************************************************
>> Linked Wed Feb 17 00:19:43 2021

OUTPUT FILE NAME:   <seriale.out>
ENTRY POINT SYMBOL: "_c_int00"  address: 000026ec


MEMORY CONFIGURATION

         name            origin    length      used     unused   attr    fill
----------------------  --------  ---------  --------  --------  ----  --------
  VECTORS               00000000   00000020  00000020  00000000     X
  FLASH0                00000020   001fffe0  00002ab4  001fd52c  R  X
  FLASH1                00200000   00200000  00000000  00200000  R  X
  STACKS                08000000   00001500  00000000  00001500  RW  
  RAM                   08001500   0007eb00  0000005a  0007eaa6  RW  


SEGMENT ALLOCATION MAP

run origin  load origin   length   init length attrs members
----------  ----------- ---------- ----------- ----- -------
00000000    00000000    00002ad8   00002ad8    r-x
  00000000    00000000    00000020   00000020    r-x .intvecs
  00000020    00000020    0000287c   0000287c    r-x .text
  000028a0    000028a0    00000200   00000200    r-- .const
  00002aa0    00002aa0    00000038   00000038    r-- .cinit
08001500    08001500    0000005a   00000000    rw-
  08001500    08001500    00000050   00000000    rw- .bss
  08001550    08001550    0000000a   00000000    rw- .data


SECTION ALLOCATION MAP

 output                                  attributes/
section   page    origin      length       input sections
--------  ----  ----------  ----------   ----------------
.intvecs   0    00000000    00000020     
                  00000000    00000020     HL_sys_intvecs.obj (.intvecs)

.text      0    00000020    0000287c     
                  00000020    00000754     HL_sci.obj (.text)
                  00000774    0000055c     HL_system.obj (.text)
                  00000cd0    00000508     HL_pinmux.obj (.text)
                  000011d8    000004d4     HL_sys_vim.obj (.text)
                  000016ac    000003c4     HL_sys_core.obj (.text)
                  00001a70    0000036c     HL_sys_mpu.obj (.text)
                  00001ddc    00000368     HL_esm.obj (.text)
                  00002144    00000180     rtsv7R4_A_be_v3D16_eabi.lib : memcpy32.asm.obj (.text)
                  000022c4    00000178     HL_sys_vim.obj (.text:retain)
                  0000243c    0000013c     rtsv7R4_A_be_v3D16_eabi.lib : s_floor.c.obj (.text:floor)
                  00002578    000000e4     HL_esm.obj (.text:retain)
                  0000265c    00000090     rtsv7R4_A_be_v3D16_eabi.lib : copy_decompress_lzss.c.obj (.text:decompress:lzss:__TI_decompress_lzss)
                  000026ec    00000084     HL_sys_startup.obj (.text:retain)
                  00002770    00000068     rtsv7R4_A_be_v3D16_eabi.lib : autoinit.c.obj (.text:__TI_auto_init_nobinit_nopinit:__TI_auto_init_nobinit_nopinit)
                  000027d8    00000060     HL_sys_main.obj (.text)
                  00002838    00000028     rtsv7R4_A_be_v3D16_eabi.lib : copy_zero_init.c.obj (.text:decompress:ZI:__TI_zero_init_nomemset:__TI_zero_init_nomemset)
                  00002860    0000001c     HL_notification.obj (.text)
                  0000287c    00000014     rtsv7R4_A_be_v3D16_eabi.lib : copy_decompress_none.c.obj (.text:decompress:none:__TI_decompress_none)
                  00002890    00000008                                 : exit.c.obj (.text:abort:abort)
                  00002898    00000004     HL_sys_phantom.obj (.text:retain)

.const     0    000028a0    00000200     
                  000028a0    00000200     HL_sys_vim.obj (.const:s_vim_init)

.cinit     0    00002aa0    00000038     
                  00002aa0    0000000f     (.cinit..data.load) [load image, compression = lzss]
                  00002aaf    00000001     --HOLE-- [fill = 0]
                  00002ab0    0000000c     (__TI_handler_table)
                  00002abc    00000004     --HOLE-- [fill = 0]
                  00002ac0    00000008     (.cinit..bss.load) [load image, compression = zero_init]
                  00002ac8    00000010     (__TI_cinit_table)

.bss       0    08001500    00000050     UNINITIALIZED
                  08001500    00000050     HL_sci.obj (.bss:g_sciTransfer_t)

.data      0    08001550    0000000a     UNINITIALIZED
                  08001550    0000000a     HL_sys_main.obj (.data:TEXT1)

__llvm_prf_cnts 
*          0    08001500    00000000     UNINITIALIZED

MODULE SUMMARY

       Module                       code    ro data   rw data
       ------                       ----    -------   -------
    .\source\
       HL_sys_vim.obj               1612    512       0      
       HL_sci.obj                   1876    0         80     
       HL_system.obj                1372    0         0      
       HL_pinmux.obj                1288    0         0      
       HL_esm.obj                   1100    0         0      
       HL_sys_core.obj              964     0         0      
       HL_sys_mpu.obj               876     0         0      
       HL_sys_startup.obj           132     0         0      
       HL_sys_main.obj              96      0         10     
       HL_sys_intvecs.obj           32      0         0      
       HL_notification.obj          28      0         0      
       HL_sys_phantom.obj           4       0         0      
    +--+----------------------------+-------+---------+---------+
       Total:                       9380    512       90     
                                                             
    C:\ti\ccs1020\ccs\tools\compiler\ti-cgt-arm_20.2.2.LTS\lib\rtsv7R4_A_be_v3D16_eabi.lib
       memcpy32.asm.obj             384     0         0      
       s_floor.c.obj                316     0         0      
       copy_decompress_lzss.c.obj   144     0         0      
       autoinit.c.obj               104     0         0      
       copy_zero_init.c.obj         40      0         0      
       copy_decompress_none.c.obj   20      0         0      
       exit.c.obj                   8       0         0      
    +--+----------------------------+-------+---------+---------+
       Total:                       1016    0         0      
                                                             
       Linker Generated:            0       51        0      
    +--+----------------------------+-------+---------+---------+
       Grand Total:                 10396   563       90     


LINKER GENERATED COPY TABLES

__TI_cinit_table @ 00002ac8 records: 2, size/record: 8, table size: 16
	.data: load addr=00002aa0, load size=0000000f bytes, run addr=08001550, run size=0000000a bytes, compression=lzss
	.bss: load addr=00002ac0, load size=00000008 bytes, run addr=08001500, run size=00000050 bytes, compression=zero_init


LINKER GENERATED HANDLER TABLE

__TI_handler_table @ 00002ab0 records: 3, size/record: 4, table size: 12
	index: 0, handler: __TI_zero_init
	index: 1, handler: __TI_decompress_lzss
	index: 2, handler: __TI_decompress_none


GLOBAL SYMBOLS: SORTED ALPHABETICALLY BY Name 

address   name                                
-------   ----                                
00002890  C$$EXIT                             
UNDEFED   SHT$$INIT_ARRAY$$Base               
UNDEFED   SHT$$INIT_ARRAY$$Limit              
08001550  TEXT1                               
00002ac8  __TI_CINIT_Base                     
00002ad8  __TI_CINIT_Limit                    
00002ab0  __TI_Handler_Table_Base             
00002abc  __TI_Handler_Table_Limit            
00001a68  __TI_PINIT_Base                     
00001a6c  __TI_PINIT_Limit                    
00002770  __TI_auto_init_nobinit_nopinit      
0000265c  __TI_decompress_lzss                
0000287c  __TI_decompress_none                
ffffffff  __TI_pprof_out_hndl                 
ffffffff  __TI_prof_data_size                 
ffffffff  __TI_prof_data_start                
00000000  __TI_static_base__                  
00002838  __TI_zero_init_nomemset             
00002144  __aeabi_memcpy                      
00002144  __aeabi_memcpy4                     
00002144  __aeabi_memcpy8                     
ffffffff  __binit__                           
ffffffff  __c_args__                          
08001500  __start___llvm_prf_cnts             
08001500  __stop___llvm_prf_cnts              
000026ec  _c_int00                            
00001a1c  _cacheDisable_                      
000019d8  _cacheEnable_                       
000019b8  _checkMemInitOn_                    
000018c4  _coreClearAuxiliaryDataFault_       
000018d8  _coreClearAuxiliaryInstructionFault_
0000189c  _coreClearDataFaultAddress_         
00001874  _coreClearDataFault_                
000018b0  _coreClearInstructionFaultAddress_  
00001888  _coreClearInstructionFault_         
0000184c  _coreDisableEventBusExport_         
0000183c  _coreEnableEventBusExport_          
0000185c  _coreEnableIrqVicOffset_            
00001824  _coreEnableVfp_                     
000018bc  _coreGetAuxiliaryDataFault_         
000018d0  _coreGetAuxiliaryInstructionFault_  
00001894  _coreGetDataFaultAddress_           
0000186c  _coreGetDataFault_                  
000018a8  _coreGetInstructionFaultAddress_    
00001880  _coreGetInstructionFault_           
000016ac  _coreInitRegisters_                 
000017b8  _coreInitStackPointer_              
00001a40  _dCacheInvalidate_                  
000018e4  _disable_IRQ_interrupt_             
000018ec  _enable_IRQ_interrupt_              
000018f4  _enable_interrupt_                  
000018fc  _esmCcmErrorsClear_                 
00001804  _getCPSRValue_                      
0000180c  _gotoCPUIdle_                       
00001a54  _iCacheInvalidate_                  
00001984  _memInit_                           
00001d84  _mpuAreRegionsSeparate_             
00001d68  _mpuDisableBackgroundRegion_        
00001d40  _mpuDisable_                        
00001d58  _mpuEnableBackgroundRegion_         
00001d28  _mpuEnable_                         
00001d78  _mpuGetNumberOfRegions_             
00001da8  _mpuGetRegionBaseAddress_           
00001dc8  _mpuGetRegionPermission_            
00001dbc  _mpuGetRegionType_                  
00001d98  _mpuGetRegion_                      
00001a70  _mpuInit_                           
00001da0  _mpuSetRegionBaseAddress_           
00001dd4  _mpuSetRegionSizeRegister_          
00001db0  _mpuSetRegionTypeAndPermission_     
00001d90  _mpuSetRegion_                      
UNDEFED   _system_post_cinit                  
00002890  abort                               
ffffffff  binit                               
00002878  dmaGroupANotification               
00002874  epcCAMFullNotification              
00002870  epcFIFOFullNotification             
000020f8  esmActivateNormalOperation          
000020dc  esmClearStatus                      
000020d0  esmClearStatusBuffer                
000020c4  esmClearStatusUpper                 
000020b4  esmDisableError                     
000020a8  esmDisableErrorUpper                
00002098  esmDisableInterrupt                 
0000208c  esmDisableInterruptUpper            
0000207c  esmEnableError                      
00002070  esmEnableErrorUpper                 
00002060  esmEnableInterrupt                  
00002054  esmEnableInterruptUpper             
00002010  esmEnterSelfTest                    
00002004  esmError                            
00001f68  esmGetConfigValue                   
00001f30  esmGetStatus                        
00001f20  esmGetStatusBuffer                  
00001f08  esmGetStatusUpper                   
0000286c  esmGroup1Notification               
00002868  esmGroup2Notification               
00002864  esmGroup3Notification               
00002578  esmHighInterrupt                    
00001e78  esmInit                             
00001e4c  esmSelfTestStatus                   
00001e3c  esmSetCounterPreloadValue           
00001e04  esmSetInterruptLevel                
00001dec  esmSetInterruptLevelUpper           
00001ddc  esmTriggerErrorPinReset             
0000243c  floor                               
0000243c  floorl                              
00000bd0  getResetSource                      
00002814  main                                
00000894  mapClocks                           
00002144  memcpy                              
00000cd0  muxInit                             
00000804  periphInit                          
00002898  phantomInterrupt                    
00000000  resetEntry                          
000006ac  sci1GetConfigValue                  
00000600  sci2GetConfigValue                  
00000554  sci3GetConfigValue                  
000004a8  sci4GetConfigValue                  
0000049c  sciDisableLoopback                  
00000434  sciDisableNotification              
000027dc  sciDisplayText                      
00000414  sciEnableLoopback                   
000003b8  sciEnableNotification               
000003a8  sciEnterResetState                  
00000398  sciExitResetState                   
00000218  sciInit                             
0000020c  sciIsIdleDetected                   
00000200  sciIsRxReady                        
000001f4  sciIsTxReady                        
00002860  sciNotification                     
00000168  sciReceive                          
00000150  sciReceiveByte                      
00000138  sciRxError                          
00000094  sciSend                             
00000080  sciSendByte                         
00000028  sciSetBaudrate                      
00000020  sciSetFunctional                    
00000864  setupFlash                          
000007b8  setupPLL                            
00000998  systemGetConfigValue                
0000094c  systemInit                          
000007a0  systemPowerDown                     
00000774  trimLPO                             
000015dc  vimChannelMap                       
00001584  vimDisableInterrupt                 
000022c4  vimECCErrorHandler                  
00001470  vimEnableInterrupt                  
00001238  vimGetConfigValue                   
000011d8  vimInit                             
000027d8  wait                                


GLOBAL SYMBOLS: SORTED BY Symbol Address 

address   name                                
-------   ----                                
00000000  __TI_static_base__                  
00000000  resetEntry                          
00000020  sciSetFunctional                    
00000028  sciSetBaudrate                      
00000080  sciSendByte                         
00000094  sciSend                             
00000138  sciRxError                          
00000150  sciReceiveByte                      
00000168  sciReceive                          
000001f4  sciIsTxReady                        
00000200  sciIsRxReady                        
0000020c  sciIsIdleDetected                   
00000218  sciInit                             
00000398  sciExitResetState                   
000003a8  sciEnterResetState                  
000003b8  sciEnableNotification               
00000414  sciEnableLoopback                   
00000434  sciDisableNotification              
0000049c  sciDisableLoopback                  
000004a8  sci4GetConfigValue                  
00000554  sci3GetConfigValue                  
00000600  sci2GetConfigValue                  
000006ac  sci1GetConfigValue                  
00000774  trimLPO                             
000007a0  systemPowerDown                     
000007b8  setupPLL                            
00000804  periphInit                          
00000864  setupFlash                          
00000894  mapClocks                           
0000094c  systemInit                          
00000998  systemGetConfigValue                
00000bd0  getResetSource                      
00000cd0  muxInit                             
000011d8  vimInit                             
00001238  vimGetConfigValue                   
00001470  vimEnableInterrupt                  
00001584  vimDisableInterrupt                 
000015dc  vimChannelMap                       
000016ac  _coreInitRegisters_                 
000017b8  _coreInitStackPointer_              
00001804  _getCPSRValue_                      
0000180c  _gotoCPUIdle_                       
00001824  _coreEnableVfp_                     
0000183c  _coreEnableEventBusExport_          
0000184c  _coreDisableEventBusExport_         
0000185c  _coreEnableIrqVicOffset_            
0000186c  _coreGetDataFault_                  
00001874  _coreClearDataFault_                
00001880  _coreGetInstructionFault_           
00001888  _coreClearInstructionFault_         
00001894  _coreGetDataFaultAddress_           
0000189c  _coreClearDataFaultAddress_         
000018a8  _coreGetInstructionFaultAddress_    
000018b0  _coreClearInstructionFaultAddress_  
000018bc  _coreGetAuxiliaryDataFault_         
000018c4  _coreClearAuxiliaryDataFault_       
000018d0  _coreGetAuxiliaryInstructionFault_  
000018d8  _coreClearAuxiliaryInstructionFault_
000018e4  _disable_IRQ_interrupt_             
000018ec  _enable_IRQ_interrupt_              
000018f4  _enable_interrupt_                  
000018fc  _esmCcmErrorsClear_                 
00001984  _memInit_                           
000019b8  _checkMemInitOn_                    
000019d8  _cacheEnable_                       
00001a1c  _cacheDisable_                      
00001a40  _dCacheInvalidate_                  
00001a54  _iCacheInvalidate_                  
00001a68  __TI_PINIT_Base                     
00001a6c  __TI_PINIT_Limit                    
00001a70  _mpuInit_                           
00001d28  _mpuEnable_                         
00001d40  _mpuDisable_                        
00001d58  _mpuEnableBackgroundRegion_         
00001d68  _mpuDisableBackgroundRegion_        
00001d78  _mpuGetNumberOfRegions_             
00001d84  _mpuAreRegionsSeparate_             
00001d90  _mpuSetRegion_                      
00001d98  _mpuGetRegion_                      
00001da0  _mpuSetRegionBaseAddress_           
00001da8  _mpuGetRegionBaseAddress_           
00001db0  _mpuSetRegionTypeAndPermission_     
00001dbc  _mpuGetRegionType_                  
00001dc8  _mpuGetRegionPermission_            
00001dd4  _mpuSetRegionSizeRegister_          
00001ddc  esmTriggerErrorPinReset             
00001dec  esmSetInterruptLevelUpper           
00001e04  esmSetInterruptLevel                
00001e3c  esmSetCounterPreloadValue           
00001e4c  esmSelfTestStatus                   
00001e78  esmInit                             
00001f08  esmGetStatusUpper                   
00001f20  esmGetStatusBuffer                  
00001f30  esmGetStatus                        
00001f68  esmGetConfigValue                   
00002004  esmError                            
00002010  esmEnterSelfTest                    
00002054  esmEnableInterruptUpper             
00002060  esmEnableInterrupt                  
00002070  esmEnableErrorUpper                 
0000207c  esmEnableError                      
0000208c  esmDisableInterruptUpper            
00002098  esmDisableInterrupt                 
000020a8  esmDisableErrorUpper                
000020b4  esmDisableError                     
000020c4  esmClearStatusUpper                 
000020d0  esmClearStatusBuffer                
000020dc  esmClearStatus                      
000020f8  esmActivateNormalOperation          
00002144  __aeabi_memcpy                      
00002144  __aeabi_memcpy4                     
00002144  __aeabi_memcpy8                     
00002144  memcpy                              
000022c4  vimECCErrorHandler                  
0000243c  floor                               
0000243c  floorl                              
00002578  esmHighInterrupt                    
0000265c  __TI_decompress_lzss                
000026ec  _c_int00                            
00002770  __TI_auto_init_nobinit_nopinit      
000027d8  wait                                
000027dc  sciDisplayText                      
00002814  main                                
00002838  __TI_zero_init_nomemset             
00002860  sciNotification                     
00002864  esmGroup3Notification               
00002868  esmGroup2Notification               
0000286c  esmGroup1Notification               
00002870  epcFIFOFullNotification             
00002874  epcCAMFullNotification              
00002878  dmaGroupANotification               
0000287c  __TI_decompress_none                
00002890  C$$EXIT                             
00002890  abort                               
00002898  phantomInterrupt                    
00002ab0  __TI_Handler_Table_Base             
00002abc  __TI_Handler_Table_Limit            
00002ac8  __TI_CINIT_Base                     
00002ad8  __TI_CINIT_Limit                    
08001500  __start___llvm_prf_cnts             
08001500  __stop___llvm_prf_cnts              
08001550  TEXT1                               
ffffffff  __TI_pprof_out_hndl                 
ffffffff  __TI_prof_data_size                 
ffffffff  __TI_prof_data_start                
ffffffff  __binit__                           
ffffffff  __c_args__                          
ffffffff  binit                               
UNDEFED   SHT$$INIT_ARRAY$$Base               
UNDEFED   SHT$$INIT_ARRAY$$Limit              
UNDEFED   _system_post_cinit                  

[151 symbols]
