******************************************************************************
                  TI ARM Linker PC v20.2.2                     
******************************************************************************
>> Linked Tue Feb 16 23:52:24 2021

OUTPUT FILE NAME:   <seriale.out>
ENTRY POINT SYMBOL: "_c_int00"  address: 00004298


MEMORY CONFIGURATION

         name            origin    length      used     unused   attr    fill
----------------------  --------  ---------  --------  --------  ----  --------
  VECTORS               00000000   00000020  00000020  00000000     X
  FLASH0                00000020   001fffe0  000047c4  001fb81c  R  X
  FLASH1                00200000   00200000  00000000  00200000  R  X
  STACKS                08000000   00001500  00000000  00001500  RW  
  RAM                   08001500   0007eb00  0000005a  0007eaa6  RW  


SEGMENT ALLOCATION MAP

run origin  load origin   length   init length attrs members
----------  ----------- ---------- ----------- ----- -------
00000000    00000000    000045ac   000045ac    r-x
  00000000    00000000    00000020   00000020    r-x .intvecs
  00000020    00000020    0000458c   0000458c    r-x .text
000045c0    000045c0    00000238   00000238    r--
  000045c0    000045c0    00000200   00000200    r-- .const
  000047c0    000047c0    00000038   00000038    r-- .cinit
08001500    08001500    0000005a   00000000    rw-
  08001500    08001500    00000050   00000000    rw- .bss
  08001550    08001550    0000000a   00000000    rw- .data


SECTION ALLOCATION MAP

 output                                  attributes/
section   page    origin      length       input sections
--------  ----  ----------  ----------   ----------------
.intvecs   0    00000000    00000020     
                  00000000    00000020     HL_sys_intvecs.obj (.intvecs)

.text      0    00000020    0000458c     
                  00000020    00000ff4     HL_sci.obj (.text)
                  00001014    000009cc     HL_pinmux.obj (.text)
                  000019e0    0000095c     HL_system.obj (.text)
                  0000233c    00000938     HL_sys_vim.obj (.text)
                  00002c74    0000078c     HL_esm.obj (.text)
                  00003400    000003c4     HL_sys_core.obj (.text)
                  000037c4    0000036c     HL_sys_mpu.obj (.text)
                  00003b30    0000033c     HL_sys_vim.obj (.text:retain)
                  00003e6c    00000180     rtsv7R4_A_le_v3D16_eabi.lib : memcpy32.asm.obj (.text)
                  00003fec    00000178     HL_esm.obj (.text:retain)
                  00004164    00000134     rtsv7R4_A_le_v3D16_eabi.lib : s_floor.c.obj (.text:floor)
                  00004298    000000b4     HL_sys_startup.obj (.text:retain)
                  0000434c    000000ac     HL_sys_main.obj (.text)
                  000043f8    00000090     rtsv7R4_A_le_v3D16_eabi.lib : copy_decompress_lzss.c.obj (.text:decompress:lzss:__TI_decompress_lzss)
                  00004488    00000074     HL_notification.obj (.text)
                  000044fc    00000068     rtsv7R4_A_le_v3D16_eabi.lib : autoinit.c.obj (.text:__TI_auto_init_nobinit_nopinit:__TI_auto_init_nobinit_nopinit)
                  00004564    00000028                                 : copy_zero_init.c.obj (.text:decompress:ZI:__TI_zero_init_nomemset:__TI_zero_init_nomemset)
                  0000458c    00000014                                 : copy_decompress_none.c.obj (.text:decompress:none:__TI_decompress_none)
                  000045a0    00000008                                 : exit.c.obj (.text:abort:abort)
                  000045a8    00000004     HL_sys_phantom.obj (.text:retain)

.const     0    000045c0    00000200     
                  000045c0    00000200     HL_sys_vim.obj (.const:s_vim_init)

.cinit     0    000047c0    00000038     
                  000047c0    0000000f     (.cinit..data.load) [load image, compression = lzss]
                  000047cf    00000001     --HOLE-- [fill = 0]
                  000047d0    0000000c     (__TI_handler_table)
                  000047dc    00000004     --HOLE-- [fill = 0]
                  000047e0    00000008     (.cinit..bss.load) [load image, compression = zero_init]
                  000047e8    00000010     (__TI_cinit_table)

.bss       0    08001500    00000050     UNINITIALIZED
                  08001500    00000050     HL_sci.obj (.bss:g_sciTransfer_t)

.data      0    08001550    0000000a     UNINITIALIZED
                  08001550    0000000a     HL_sys_main.obj (.data:TEXT1)

__llvm_prf_cnts 
*          0    08001500    00000000     UNINITIALIZED

MODULE SUMMARY

       Module                       code    ro data   rw data
       ------                       ----    -------   -------
    .\source\
       HL_sci.obj                   4084    0         80     
       HL_sys_vim.obj               3188    512       0      
       HL_pinmux.obj                2508    0         0      
       HL_system.obj                2396    0         0      
       HL_esm.obj                   2308    0         0      
       HL_sys_core.obj              964     0         0      
       HL_sys_mpu.obj               876     0         0      
       HL_sys_main.obj              172     0         10     
       HL_sys_startup.obj           180     0         0      
       HL_notification.obj          116     0         0      
       HL_sys_intvecs.obj           32      0         0      
       HL_sys_phantom.obj           4       0         0      
    +--+----------------------------+-------+---------+---------+
       Total:                       16828   512       90     
                                                             
    C:\ti\ccs1020\ccs\tools\compiler\ti-cgt-arm_20.2.2.LTS\lib\rtsv7R4_A_le_v3D16_eabi.lib
       memcpy32.asm.obj             384     0         0      
       s_floor.c.obj                308     0         0      
       copy_decompress_lzss.c.obj   144     0         0      
       autoinit.c.obj               104     0         0      
       copy_zero_init.c.obj         40      0         0      
       copy_decompress_none.c.obj   20      0         0      
       exit.c.obj                   8       0         0      
    +--+----------------------------+-------+---------+---------+
       Total:                       1008    0         0      
                                                             
       Linker Generated:            0       51        0      
    +--+----------------------------+-------+---------+---------+
       Grand Total:                 17836   563       90     


LINKER GENERATED COPY TABLES

__TI_cinit_table @ 000047e8 records: 2, size/record: 8, table size: 16
	.data: load addr=000047c0, load size=0000000f bytes, run addr=08001550, run size=0000000a bytes, compression=lzss
	.bss: load addr=000047e0, load size=00000008 bytes, run addr=08001500, run size=00000050 bytes, compression=zero_init


LINKER GENERATED HANDLER TABLE

__TI_handler_table @ 000047d0 records: 3, size/record: 4, table size: 12
	index: 0, handler: __TI_zero_init
	index: 1, handler: __TI_decompress_lzss
	index: 2, handler: __TI_decompress_none


GLOBAL SYMBOLS: SORTED ALPHABETICALLY BY Name 

address   name                                
-------   ----                                
000045a0  C$$EXIT                             
UNDEFED   SHT$$INIT_ARRAY$$Base               
UNDEFED   SHT$$INIT_ARRAY$$Limit              
08001550  TEXT1                               
000047e8  __TI_CINIT_Base                     
000047f8  __TI_CINIT_Limit                    
000047d0  __TI_Handler_Table_Base             
000047dc  __TI_Handler_Table_Limit            
000037bc  __TI_PINIT_Base                     
000037c0  __TI_PINIT_Limit                    
000044fc  __TI_auto_init_nobinit_nopinit      
000043f8  __TI_decompress_lzss                
0000458c  __TI_decompress_none                
ffffffff  __TI_pprof_out_hndl                 
ffffffff  __TI_prof_data_size                 
ffffffff  __TI_prof_data_start                
00000000  __TI_static_base__                  
00004564  __TI_zero_init_nomemset             
00003e6c  __aeabi_memcpy                      
00003e6c  __aeabi_memcpy4                     
00003e6c  __aeabi_memcpy8                     
ffffffff  __binit__                           
ffffffff  __c_args__                          
08001500  __start___llvm_prf_cnts             
08001500  __stop___llvm_prf_cnts              
00004298  _c_int00                            
00003770  _cacheDisable_                      
0000372c  _cacheEnable_                       
0000370c  _checkMemInitOn_                    
00003618  _coreClearAuxiliaryDataFault_       
0000362c  _coreClearAuxiliaryInstructionFault_
000035f0  _coreClearDataFaultAddress_         
000035c8  _coreClearDataFault_                
00003604  _coreClearInstructionFaultAddress_  
000035dc  _coreClearInstructionFault_         
000035a0  _coreDisableEventBusExport_         
00003590  _coreEnableEventBusExport_          
000035b0  _coreEnableIrqVicOffset_            
00003578  _coreEnableVfp_                     
00003610  _coreGetAuxiliaryDataFault_         
00003624  _coreGetAuxiliaryInstructionFault_  
000035e8  _coreGetDataFaultAddress_           
000035c0  _coreGetDataFault_                  
000035fc  _coreGetInstructionFaultAddress_    
000035d4  _coreGetInstructionFault_           
00003400  _coreInitRegisters_                 
0000350c  _coreInitStackPointer_              
00003794  _dCacheInvalidate_                  
00003638  _disable_IRQ_interrupt_             
00003640  _enable_IRQ_interrupt_              
00003648  _enable_interrupt_                  
00003650  _esmCcmErrorsClear_                 
00003558  _getCPSRValue_                      
00003560  _gotoCPUIdle_                       
000037a8  _iCacheInvalidate_                  
000036d8  _memInit_                           
00003ad8  _mpuAreRegionsSeparate_             
00003abc  _mpuDisableBackgroundRegion_        
00003a94  _mpuDisable_                        
00003aac  _mpuEnableBackgroundRegion_         
00003a7c  _mpuEnable_                         
00003acc  _mpuGetNumberOfRegions_             
00003afc  _mpuGetRegionBaseAddress_           
00003b1c  _mpuGetRegionPermission_            
00003b10  _mpuGetRegionType_                  
00003aec  _mpuGetRegion_                      
000037c4  _mpuInit_                           
00003af4  _mpuSetRegionBaseAddress_           
00003b28  _mpuSetRegionSizeRegister_          
00003b04  _mpuSetRegionTypeAndPermission_     
00003ae4  _mpuSetRegion_                      
UNDEFED   _system_post_cinit                  
000045a0  abort                               
ffffffff  binit                               
000044c0  dmaGroupANotification               
000044e8  epcCAMFullNotification              
000044ec  epcFIFOFullNotification             
00002e84  esmActivateNormalOperation          
00002fd0  esmClearStatus                      
00003034  esmClearStatusBuffer                
00003010  esmClearStatusUpper                 
00002e30  esmDisableError                     
00002e58  esmDisableErrorUpper                
00002ed8  esmDisableInterrupt                 
00002f00  esmDisableInterruptUpper            
00002dec  esmEnableError                      
00002e14  esmEnableErrorUpper                 
00002e94  esmEnableInterrupt                  
00002ebc  esmEnableInterruptUpper             
00003164  esmEnterSelfTest                    
00002dd0  esmError                            
0000323c  esmGetConfigValue                   
00003070  esmGetStatus                        
0000313c  esmGetStatusBuffer                  
000030f4  esmGetStatusUpper                   
00004488  esmGroup1Notification               
0000449c  esmGroup2Notification               
000044b0  esmGroup3Notification               
00003fec  esmHighInterrupt                    
00002c74  esmInit                             
000031ec  esmSelfTestStatus                   
00003050  esmSetCounterPreloadValue           
00002f1c  esmSetInterruptLevel                
00002f90  esmSetInterruptLevelUpper           
00002e74  esmTriggerErrorPinReset             
00004164  floor                               
00004164  floorl                              
00001d4c  getResetSource                      
0000434c  main                                
00001b7c  mapClocks                           
00003e6c  memcpy                              
00001014  muxInit                             
00001ac8  periphInit                          
000045a8  phantomInterrupt                    
00000000  resetEntry                          
00000994  sci1GetConfigValue                  
00000aec  sci2GetConfigValue                  
00000c44  sci3GetConfigValue                  
00000d9c  sci4GetConfigValue                  
00000808  sciDisableLoopback                  
000008bc  sciDisableNotification              
00004370  sciDisplayText                      
000007d4  sciEnableLoopback                   
00000824  sciEnableNotification               
00000954  sciEnterResetState                  
00000974  sciExitResetState                   
00000020  sciInit                             
0000064c  sciIsIdleDetected                   
00000630  sciIsRxReady                        
00000480  sciIsTxReady                        
000044d4  sciNotification                     
000006c4  sciReceive                          
00000698  sciReceiveByte                      
00000668  sciRxError                          
000004cc  sciSend                             
0000049c  sciSendByte                         
000003e4  sciSetBaudrate                      
000003c4  sciSetFunctional                    
00001a88  setupFlash                          
000019e0  setupPLL                            
00001e74  systemGetConfigValue                
00001ca8  systemInit                          
00001d1c  systemPowerDown                     
00001a40  trimLPO                             
00002410  vimChannelMap                       
0000267c  vimDisableInterrupt                 
00003b30  vimECCErrorHandler                  
000024b4  vimEnableInterrupt                  
00002728  vimGetConfigValue                   
0000233c  vimInit                             
000043d0  wait                                


GLOBAL SYMBOLS: SORTED BY Symbol Address 

address   name                                
-------   ----                                
00000000  __TI_static_base__                  
00000000  resetEntry                          
00000020  sciInit                             
000003c4  sciSetFunctional                    
000003e4  sciSetBaudrate                      
00000480  sciIsTxReady                        
0000049c  sciSendByte                         
000004cc  sciSend                             
00000630  sciIsRxReady                        
0000064c  sciIsIdleDetected                   
00000668  sciRxError                          
00000698  sciReceiveByte                      
000006c4  sciReceive                          
000007d4  sciEnableLoopback                   
00000808  sciDisableLoopback                  
00000824  sciEnableNotification               
000008bc  sciDisableNotification              
00000954  sciEnterResetState                  
00000974  sciExitResetState                   
00000994  sci1GetConfigValue                  
00000aec  sci2GetConfigValue                  
00000c44  sci3GetConfigValue                  
00000d9c  sci4GetConfigValue                  
00001014  muxInit                             
000019e0  setupPLL                            
00001a40  trimLPO                             
00001a88  setupFlash                          
00001ac8  periphInit                          
00001b7c  mapClocks                           
00001ca8  systemInit                          
00001d1c  systemPowerDown                     
00001d4c  getResetSource                      
00001e74  systemGetConfigValue                
0000233c  vimInit                             
00002410  vimChannelMap                       
000024b4  vimEnableInterrupt                  
0000267c  vimDisableInterrupt                 
00002728  vimGetConfigValue                   
00002c74  esmInit                             
00002dd0  esmError                            
00002dec  esmEnableError                      
00002e14  esmEnableErrorUpper                 
00002e30  esmDisableError                     
00002e58  esmDisableErrorUpper                
00002e74  esmTriggerErrorPinReset             
00002e84  esmActivateNormalOperation          
00002e94  esmEnableInterrupt                  
00002ebc  esmEnableInterruptUpper             
00002ed8  esmDisableInterrupt                 
00002f00  esmDisableInterruptUpper            
00002f1c  esmSetInterruptLevel                
00002f90  esmSetInterruptLevelUpper           
00002fd0  esmClearStatus                      
00003010  esmClearStatusUpper                 
00003034  esmClearStatusBuffer                
00003050  esmSetCounterPreloadValue           
00003070  esmGetStatus                        
000030f4  esmGetStatusUpper                   
0000313c  esmGetStatusBuffer                  
00003164  esmEnterSelfTest                    
000031ec  esmSelfTestStatus                   
0000323c  esmGetConfigValue                   
00003400  _coreInitRegisters_                 
0000350c  _coreInitStackPointer_              
00003558  _getCPSRValue_                      
00003560  _gotoCPUIdle_                       
00003578  _coreEnableVfp_                     
00003590  _coreEnableEventBusExport_          
000035a0  _coreDisableEventBusExport_         
000035b0  _coreEnableIrqVicOffset_            
000035c0  _coreGetDataFault_                  
000035c8  _coreClearDataFault_                
000035d4  _coreGetInstructionFault_           
000035dc  _coreClearInstructionFault_         
000035e8  _coreGetDataFaultAddress_           
000035f0  _coreClearDataFaultAddress_         
000035fc  _coreGetInstructionFaultAddress_    
00003604  _coreClearInstructionFaultAddress_  
00003610  _coreGetAuxiliaryDataFault_         
00003618  _coreClearAuxiliaryDataFault_       
00003624  _coreGetAuxiliaryInstructionFault_  
0000362c  _coreClearAuxiliaryInstructionFault_
00003638  _disable_IRQ_interrupt_             
00003640  _enable_IRQ_interrupt_              
00003648  _enable_interrupt_                  
00003650  _esmCcmErrorsClear_                 
000036d8  _memInit_                           
0000370c  _checkMemInitOn_                    
0000372c  _cacheEnable_                       
00003770  _cacheDisable_                      
00003794  _dCacheInvalidate_                  
000037a8  _iCacheInvalidate_                  
000037bc  __TI_PINIT_Base                     
000037c0  __TI_PINIT_Limit                    
000037c4  _mpuInit_                           
00003a7c  _mpuEnable_                         
00003a94  _mpuDisable_                        
00003aac  _mpuEnableBackgroundRegion_         
00003abc  _mpuDisableBackgroundRegion_        
00003acc  _mpuGetNumberOfRegions_             
00003ad8  _mpuAreRegionsSeparate_             
00003ae4  _mpuSetRegion_                      
00003aec  _mpuGetRegion_                      
00003af4  _mpuSetRegionBaseAddress_           
00003afc  _mpuGetRegionBaseAddress_           
00003b04  _mpuSetRegionTypeAndPermission_     
00003b10  _mpuGetRegionType_                  
00003b1c  _mpuGetRegionPermission_            
00003b28  _mpuSetRegionSizeRegister_          
00003b30  vimECCErrorHandler                  
00003e6c  __aeabi_memcpy                      
00003e6c  __aeabi_memcpy4                     
00003e6c  __aeabi_memcpy8                     
00003e6c  memcpy                              
00003fec  esmHighInterrupt                    
00004164  floor                               
00004164  floorl                              
00004298  _c_int00                            
0000434c  main                                
00004370  sciDisplayText                      
000043d0  wait                                
000043f8  __TI_decompress_lzss                
00004488  esmGroup1Notification               
0000449c  esmGroup2Notification               
000044b0  esmGroup3Notification               
000044c0  dmaGroupANotification               
000044d4  sciNotification                     
000044e8  epcCAMFullNotification              
000044ec  epcFIFOFullNotification             
000044fc  __TI_auto_init_nobinit_nopinit      
00004564  __TI_zero_init_nomemset             
0000458c  __TI_decompress_none                
000045a0  C$$EXIT                             
000045a0  abort                               
000045a8  phantomInterrupt                    
000047d0  __TI_Handler_Table_Base             
000047dc  __TI_Handler_Table_Limit            
000047e8  __TI_CINIT_Base                     
000047f8  __TI_CINIT_Limit                    
08001500  __start___llvm_prf_cnts             
08001500  __stop___llvm_prf_cnts              
08001550  TEXT1                               
ffffffff  __TI_pprof_out_hndl                 
ffffffff  __TI_prof_data_size                 
ffffffff  __TI_prof_data_start                
ffffffff  __binit__                           
ffffffff  __c_args__                          
ffffffff  binit                               
UNDEFED   SHT$$INIT_ARRAY$$Base               
UNDEFED   SHT$$INIT_ARRAY$$Limit              
UNDEFED   _system_post_cinit                  

[151 symbols]
